C:/Users/baolo/OneDrive - UBC/UBC 2023 - Term 1 2/UBC Thunderbots/Motor Driver-Firmware/motor_driver_eval_graph/Drivers/STM32F0xx_HAL_Driver/Src/stm32f0xx_hal_rcc_ex.c:102:19:HAL_RCCEx_PeriphCLKConfig	40	static
C:/Users/baolo/OneDrive - UBC/UBC 2023 - Term 1 2/UBC Thunderbots/Motor Driver-Firmware/motor_driver_eval_graph/Drivers/STM32F0xx_HAL_Driver/Src/stm32f0xx_hal_rcc_ex.c:268:6:HAL_RCCEx_GetPeriphCLKConfig	0	static
C:/Users/baolo/OneDrive - UBC/UBC 2023 - Term 1 2/UBC Thunderbots/Motor Driver-Firmware/motor_driver_eval_graph/Drivers/STM32F0xx_HAL_Driver/Src/stm32f0xx_hal_rcc_ex.c:368:10:HAL_RCCEx_GetPeriphCLKFreq	8	static
