Archive member included to satisfy reference by file (symbol)

/Applications/ArmGNUToolchain/13.3.rel1/arm-none-eabi/bin/../lib/gcc/arm-none-eabi/13.3.1/../../../../arm-none-eabi/lib/thumb/v6-m/nofp/libc_nano.a(libc_a-exit.o)
                              /Applications/ArmGNUToolchain/13.3.rel1/arm-none-eabi/bin/../lib/gcc/arm-none-eabi/13.3.1/../../../../arm-none-eabi/lib/thumb/v6-m/nofp/crt0.o (exit)
/Applications/ArmGNUToolchain/13.3.rel1/arm-none-eabi/bin/../lib/gcc/arm-none-eabi/13.3.1/../../../../arm-none-eabi/lib/thumb/v6-m/nofp/libc_nano.a(libc_a-findfp.o)
                              /Applications/ArmGNUToolchain/13.3.rel1/arm-none-eabi/bin/../lib/gcc/arm-none-eabi/13.3.1/../../../../arm-none-eabi/lib/thumb/v6-m/nofp/libc_nano.a(libc_a-exit.o) (__stdio_exit_handler)
/Applications/ArmGNUToolchain/13.3.rel1/arm-none-eabi/bin/../lib/gcc/arm-none-eabi/13.3.1/../../../../arm-none-eabi/lib/thumb/v6-m/nofp/libc_nano.a(libc_a-fwalk.o)
                              /Applications/ArmGNUToolchain/13.3.rel1/arm-none-eabi/bin/../lib/gcc/arm-none-eabi/13.3.1/../../../../arm-none-eabi/lib/thumb/v6-m/nofp/libc_nano.a(libc_a-findfp.o) (_fwalk_sglue)
/Applications/ArmGNUToolchain/13.3.rel1/arm-none-eabi/bin/../lib/gcc/arm-none-eabi/13.3.1/../../../../arm-none-eabi/lib/thumb/v6-m/nofp/libc_nano.a(libc_a-memset.o)
                              /Applications/ArmGNUToolchain/13.3.rel1/arm-none-eabi/bin/../lib/gcc/arm-none-eabi/13.3.1/../../../../arm-none-eabi/lib/thumb/v6-m/nofp/crt0.o (memset)
/Applications/ArmGNUToolchain/13.3.rel1/arm-none-eabi/bin/../lib/gcc/arm-none-eabi/13.3.1/../../../../arm-none-eabi/lib/thumb/v6-m/nofp/libc_nano.a(libc_a-init.o)
                              /Applications/ArmGNUToolchain/13.3.rel1/arm-none-eabi/bin/../lib/gcc/arm-none-eabi/13.3.1/../../../../arm-none-eabi/lib/thumb/v6-m/nofp/crt0.o (__libc_init_array)
/Applications/ArmGNUToolchain/13.3.rel1/arm-none-eabi/bin/../lib/gcc/arm-none-eabi/13.3.1/../../../../arm-none-eabi/lib/thumb/v6-m/nofp/libc_nano.a(libc_a-lock.o)
                              /Applications/ArmGNUToolchain/13.3.rel1/arm-none-eabi/bin/../lib/gcc/arm-none-eabi/13.3.1/../../../../arm-none-eabi/lib/thumb/v6-m/nofp/libc_nano.a(libc_a-findfp.o) (__retarget_lock_init_recursive)
/Applications/ArmGNUToolchain/13.3.rel1/arm-none-eabi/bin/../lib/gcc/arm-none-eabi/13.3.1/../../../../arm-none-eabi/lib/thumb/v6-m/nofp/libc_nano.a(libc_a-impure.o)
                              /Applications/ArmGNUToolchain/13.3.rel1/arm-none-eabi/bin/../lib/gcc/arm-none-eabi/13.3.1/../../../../arm-none-eabi/lib/thumb/v6-m/nofp/libc_nano.a(libc_a-findfp.o) (_impure_data)
/Applications/ArmGNUToolchain/13.3.rel1/arm-none-eabi/bin/../lib/gcc/arm-none-eabi/13.3.1/../../../../arm-none-eabi/lib/thumb/v6-m/nofp/libc_nano.a(libc_a-mallocr.o)
                              /Applications/ArmGNUToolchain/13.3.rel1/arm-none-eabi/bin/../lib/gcc/arm-none-eabi/13.3.1/../../../../arm-none-eabi/lib/thumb/v6-m/nofp/libc_nano.a(libc_a-findfp.o) (_malloc_r)
/Applications/ArmGNUToolchain/13.3.rel1/arm-none-eabi/bin/../lib/gcc/arm-none-eabi/13.3.1/../../../../arm-none-eabi/lib/thumb/v6-m/nofp/libc_nano.a(libc_a-fflush.o)
                              /Applications/ArmGNUToolchain/13.3.rel1/arm-none-eabi/bin/../lib/gcc/arm-none-eabi/13.3.1/../../../../arm-none-eabi/lib/thumb/v6-m/nofp/libc_nano.a(libc_a-findfp.o) (_fflush_r)
/Applications/ArmGNUToolchain/13.3.rel1/arm-none-eabi/bin/../lib/gcc/arm-none-eabi/13.3.1/../../../../arm-none-eabi/lib/thumb/v6-m/nofp/libc_nano.a(libc_a-mlock.o)
                              /Applications/ArmGNUToolchain/13.3.rel1/arm-none-eabi/bin/../lib/gcc/arm-none-eabi/13.3.1/../../../../arm-none-eabi/lib/thumb/v6-m/nofp/libc_nano.a(libc_a-mallocr.o) (__malloc_lock)
/Applications/ArmGNUToolchain/13.3.rel1/arm-none-eabi/bin/../lib/gcc/arm-none-eabi/13.3.1/../../../../arm-none-eabi/lib/thumb/v6-m/nofp/libc_nano.a(libc_a-stdio.o)
                              /Applications/ArmGNUToolchain/13.3.rel1/arm-none-eabi/bin/../lib/gcc/arm-none-eabi/13.3.1/../../../../arm-none-eabi/lib/thumb/v6-m/nofp/libc_nano.a(libc_a-findfp.o) (__sread)
/Applications/ArmGNUToolchain/13.3.rel1/arm-none-eabi/bin/../lib/gcc/arm-none-eabi/13.3.1/../../../../arm-none-eabi/lib/thumb/v6-m/nofp/libc_nano.a(libc_a-lseekr.o)
                              /Applications/ArmGNUToolchain/13.3.rel1/arm-none-eabi/bin/../lib/gcc/arm-none-eabi/13.3.1/../../../../arm-none-eabi/lib/thumb/v6-m/nofp/libc_nano.a(libc_a-stdio.o) (_lseek_r)
/Applications/ArmGNUToolchain/13.3.rel1/arm-none-eabi/bin/../lib/gcc/arm-none-eabi/13.3.1/../../../../arm-none-eabi/lib/thumb/v6-m/nofp/libc_nano.a(libc_a-readr.o)
                              /Applications/ArmGNUToolchain/13.3.rel1/arm-none-eabi/bin/../lib/gcc/arm-none-eabi/13.3.1/../../../../arm-none-eabi/lib/thumb/v6-m/nofp/libc_nano.a(libc_a-stdio.o) (_read_r)
[...]
Memory Configuration

Name             Origin             Length             Attributes
RAM              0x20000000         0x00001000         xrw
FLASH            0x08000000         0x00008000         xr
*default*        0x00000000         0xffffffff

Linker script and memory map

LOAD /Applications/ArmGNUToolchain/13.3.rel1/arm-none-eabi/bin/../lib/gcc/arm-none-eabi/13.3.1/thumb/v6-m/nofp/crti.o
LOAD /Applications/ArmGNUToolchain/13.3.rel1/arm-none-eabi/bin/../lib/gcc/arm-none-eabi/13.3.1/thumb/v6-m/nofp/crtbegin.o
LOAD /Applications/ArmGNUToolchain/13.3.rel1/arm-none-eabi/bin/../lib/gcc/arm-none-eabi/13.3.1/../../../../arm-none-eabi/lib/thumb/v6-m/nofp/crt0.o
START GROUP
LOAD /Applications/ArmGNUToolchain/13.3.rel1/arm-none-eabi/bin/../lib/gcc/arm-none-eabi/13.3.1/../../../../arm-none-eabi/lib/thumb/v6-m/nofp/libc_nano.a
LOAD /Applications/ArmGNUToolchain/13.3.rel1/arm-none-eabi/bin/../lib/gcc/arm-none-eabi/13.3.1/../../../../arm-none-eabi/lib/thumb/v6-m/nofp/libm.a
END GROUP
LOAD CMakeFiles/test-md-bench.dir/Src/main.c.obj
LOAD /var/folders/t_/9lzv5v214yg8tqnd_qsbsvwm0000gn/T//ccbvNH3q.ltrans0.ltrans.o
LOAD /var/folders/t_/9lzv5v214yg8tqnd_qsbsvwm0000gn/T//ccOg8qLG.debug.temp.o
LOAD /var/folders/t_/9lzv5v214yg8tqnd_qsbsvwm0000gn/T//cc9Kt6Eo.debug.temp.o
LOAD /var/folders/t_/9lzv5v214yg8tqnd_qsbsvwm0000gn/T//ccgizS84.debug.temp.o
LOAD /var/folders/t_/9lzv5v214yg8tqnd_qsbsvwm0000gn/T//ccestrb5.debug.temp.o
LOAD /var/folders/t_/9lzv5v214yg8tqnd_qsbsvwm0000gn/T//cceIFVaE.debug.temp.o
LOAD /var/folders/t_/9lzv5v214yg8tqnd_qsbsvwm0000gn/T//ccBXRzy2.debug.temp.o
LOAD /var/folders/t_/9lzv5v214yg8tqnd_qsbsvwm0000gn/T//ccIBkV9C.debug.temp.o
LOAD /var/folders/t_/9lzv5v214yg8tqnd_qsbsvwm0000gn/T//ccrNGg89.debug.temp.o
LOAD /var/folders/t_/9lzv5v214yg8tqnd_qsbsvwm0000gn/T//ccz4C0Rm.debug.temp.o
LOAD /var/folders/t_/9lzv5v214yg8tqnd_qsbsvwm0000gn/T//ccbU8iMA.debug.temp.o
LOAD /var/folders/t_/9lzv5v214yg8tqnd_qsbsvwm0000gn/T//ccDNfaTW.debug.temp.o
LOAD /var/folders/t_/9lzv5v214yg8tqnd_qsbsvwm0000gn/T//cc6PTCX7.debug.temp.o
LOAD /var/folders/t_/9lzv5v214yg8tqnd_qsbsvwm0000gn/T//cczaB8Xy.debug.temp.o
LOAD /var/folders/t_/9lzv5v214yg8tqnd_qsbsvwm0000gn/T//cczXjmr7.debug.temp.o
LOAD /var/folders/t_/9lzv5v214yg8tqnd_qsbsvwm0000gn/T//ccQ65QbH.debug.temp.o
LOAD /var/folders/t_/9lzv5v214yg8tqnd_qsbsvwm0000gn/T//ccdeAHsy.debug.temp.o
LOAD /var/folders/t_/9lzv5v214yg8tqnd_qsbsvwm0000gn/T//cchRi9c8.debug.temp.o
LOAD /var/folders/t_/9lzv5v214yg8tqnd_qsbsvwm0000gn/T//ccj54ezU.debug.temp.o
LOAD /var/folders/t_/9lzv5v214yg8tqnd_qsbsvwm0000gn/T//cc8HloPy.debug.temp.o
LOAD /var/folders/t_/9lzv5v214yg8tqnd_qsbsvwm0000gn/T//cc4h1vUH.debug.temp.o
LOAD /var/folders/t_/9lzv5v214yg8tqnd_qsbsvwm0000gn/T//ccr7RkMl.debug.temp.o
LOAD /var/folders/t_/9lzv5v214yg8tqnd_qsbsvwm0000gn/T//ccoWpfVZ.debug.temp.o
LOAD /var/folders/t_/9lzv5v214yg8tqnd_qsbsvwm0000gn/T//ccDAQBYY.debug.temp.o
LOAD /var/folders/t_/9lzv5v214yg8tqnd_qsbsvwm0000gn/T//cc8NHG3F.debug.temp.o
LOAD /var/folders/t_/9lzv5v214yg8tqnd_qsbsvwm0000gn/T//cc5SXkuh.debug.temp.o
LOAD /var/folders/t_/9lzv5v214yg8tqnd_qsbsvwm0000gn/T//ccNP8AeF.debug.temp.o
LOAD /var/folders/t_/9lzv5v214yg8tqnd_qsbsvwm0000gn/T//ccO0x7ZX.debug.temp.o
LOAD /var/folders/t_/9lzv5v214yg8tqnd_qsbsvwm0000gn/T//ccKdwM0K.debug.temp.o
LOAD /var/folders/t_/9lzv5v214yg8tqnd_qsbsvwm0000gn/T//ccyVslip.debug.temp.o
LOAD /var/folders/t_/9lzv5v214yg8tqnd_qsbsvwm0000gn/T//ccqUySQA.debug.temp.o
LOAD /var/folders/t_/9lzv5v214yg8tqnd_qsbsvwm0000gn/T//ccxcGPmQ.debug.temp.o
LOAD /var/folders/t_/9lzv5v214yg8tqnd_qsbsvwm0000gn/T//ccWAIbXS.debug.temp.o
LOAD /var/folders/t_/9lzv5v214yg8tqnd_qsbsvwm0000gn/T//ccwnHl00.debug.temp.o
LOAD /var/folders/t_/9lzv5v214yg8tqnd_qsbsvwm0000gn/T//cc8bXY3r.debug.temp.o
LOAD /var/folders/t_/9lzv5v214yg8tqnd_qsbsvwm0000gn/T//ccG9m5Od.debug.temp.o
LOAD /var/folders/t_/9lzv5v214yg8tqnd_qsbsvwm0000gn/T//ccGKfrf8.debug.temp.o
LOAD /var/folders/t_/9lzv5v214yg8tqnd_qsbsvwm0000gn/T//ccoPEbQ0.debug.temp.o
LOAD /var/folders/t_/9lzv5v214yg8tqnd_qsbsvwm0000gn/T//cc77xoDI.debug.temp.o
LOAD /var/folders/t_/9lzv5v214yg8tqnd_qsbsvwm0000gn/T//cc5xLgj6.debug.temp.o
LOAD /var/folders/t_/9lzv5v214yg8tqnd_qsbsvwm0000gn/T//ccImauHj.debug.temp.o
LOAD /var/folders/t_/9lzv5v214yg8tqnd_qsbsvwm0000gn/T//cclhCl1d.debug.temp.o
LOAD /var/folders/t_/9lzv5v214yg8tqnd_qsbsvwm0000gn/T//ccQsQ46a.debug.temp.o
LOAD /var/folders/t_/9lzv5v214yg8tqnd_qsbsvwm0000gn/T//ccJzRKqp.debug.temp.o
LOAD /var/folders/t_/9lzv5v214yg8tqnd_qsbsvwm0000gn/T//ccw4Nn4v.debug.temp.o
LOAD /var/folders/t_/9lzv5v214yg8tqnd_qsbsvwm0000gn/T//ccrWZzMd.debug.temp.o
LOAD /var/folders/t_/9lzv5v214yg8tqnd_qsbsvwm0000gn/T//cc52FnCG.debug.temp.o
LOAD /var/folders/t_/9lzv5v214yg8tqnd_qsbsvwm0000gn/T//ccFY2g8Z.debug.temp.o
LOAD /var/folders/t_/9lzv5v214yg8tqnd_qsbsvwm0000gn/T//ccsFHXNt.debug.temp.o
LOAD /var/folders/t_/9lzv5v214yg8tqnd_qsbsvwm0000gn/T//cclM3oho.debug.temp.o
LOAD /var/folders/t_/9lzv5v214yg8tqnd_qsbsvwm0000gn/T//ccNvnX90.debug.temp.o
LOAD /var/folders/t_/9lzv5v214yg8tqnd_qsbsvwm0000gn/T//ccSaTo2b.debug.temp.o
LOAD /var/folders/t_/9lzv5v214yg8tqnd_qsbsvwm0000gn/T//ccNu2VlY.debug.temp.o
LOAD /var/folders/t_/9lzv5v214yg8tqnd_qsbsvwm0000gn/T//ccKjw4qK.debug.temp.o
LOAD /var/folders/t_/9lzv5v214yg8tqnd_qsbsvwm0000gn/T//ccf3sJpR.debug.temp.o
LOAD /var/folders/t_/9lzv5v214yg8tqnd_qsbsvwm0000gn/T//ccw0V6cs.debug.temp.o
LOAD /var/folders/t_/9lzv5v214yg8tqnd_qsbsvwm0000gn/T//ccfTrKrv.debug.temp.o
LOAD /var/folders/t_/9lzv5v214yg8tqnd_qsbsvwm0000gn/T//ccHHWvOs.debug.temp.o
LOAD /var/folders/t_/9lzv5v214yg8tqnd_qsbsvwm0000gn/T//ccEw5BE3.debug.temp.o
LOAD /var/folders/t_/9lzv5v214yg8tqnd_qsbsvwm0000gn/T//ccnE3W80.debug.temp.o
LOAD /var/folders/t_/9lzv5v214yg8tqnd_qsbsvwm0000gn/T//ccan4MgG.debug.temp.o
LOAD /var/folders/t_/9lzv5v214yg8tqnd_qsbsvwm0000gn/T//ccj0YvuI.debug.temp.o
LOAD /var/folders/t_/9lzv5v214yg8tqnd_qsbsvwm0000gn/T//ccxTYPy6.debug.temp.o
LOAD /var/folders/t_/9lzv5v214yg8tqnd_qsbsvwm0000gn/T//cc55a07s.debug.temp.o
LOAD CMakeFiles/test-md-bench.dir/Src/motorcontrol.c.obj
LOAD CMakeFiles/test-md-bench.dir/Src/pwm_common.c.obj
LOAD CMakeFiles/test-md-bench.dir/Src/mc_api.c.obj
LOAD CMakeFiles/test-md-bench.dir/Src/mc_config.c.obj
LOAD CMakeFiles/test-md-bench.dir/Src/mc_config_common.c.obj
LOAD CMakeFiles/test-md-bench.dir/Src/mcp_config.c.obj
LOAD CMakeFiles/test-md-bench.dir/Src/mc_tasks.c.obj
LOAD CMakeFiles/test-md-bench.dir/Src/mc_tasks_foc.c.obj
LOAD CMakeFiles/test-md-bench.dir/Src/pwm_curr_fdbk.c.obj
LOAD CMakeFiles/test-md-bench.dir/Src/regular_conversion_manager.c.obj
LOAD CMakeFiles/test-md-bench.dir/Src/mc_math.c.obj
LOAD CMakeFiles/test-md-bench.dir/Src/mc_interface.c.obj
LOAD CMakeFiles/test-md-bench.dir/Src/stm32_mc_common_it.c.obj
LOAD CMakeFiles/test-md-bench.dir/Src/stm32f0xx_mc_it.c.obj
LOAD CMakeFiles/test-md-bench.dir/Src/mc_parameters.c.obj
LOAD CMakeFiles/test-md-bench.dir/Src/register_interface.c.obj
LOAD CMakeFiles/test-md-bench.dir/Src/mcp.c.obj
LOAD CMakeFiles/test-md-bench.dir/Src/r1_ps_pwm_curr_fdbk.c.obj
LOAD CMakeFiles/test-md-bench.dir/Src/usart_aspep_driver.c.obj
LOAD CMakeFiles/test-md-bench.dir/Src/mc_configuration_registers.c.obj
LOAD CMakeFiles/test-md-bench.dir/Src/aspep.c.obj
LOAD CMakeFiles/test-md-bench.dir/Src/mc_app_hooks.c.obj
LOAD CMakeFiles/test-md-bench.dir/Src/stm32f0xx_it.c.obj
LOAD CMakeFiles/test-md-bench.dir/Src/stm32f0xx_hal_msp.c.obj
LOAD CMakeFiles/test-md-bench.dir/Drivers/STM32F0xx_HAL_Driver/Src/stm32f0xx_hal_adc.c.obj
LOAD CMakeFiles/test-md-bench.dir/Drivers/STM32F0xx_HAL_Driver/Src/stm32f0xx_hal_adc_ex.c.obj
LOAD CMakeFiles/test-md-bench.dir/Drivers/STM32F0xx_HAL_Driver/Src/stm32f0xx_hal_rcc.c.obj
LOAD CMakeFiles/test-md-bench.dir/Drivers/STM32F0xx_HAL_Driver/Src/stm32f0xx_hal_rcc_ex.c.obj
LOAD CMakeFiles/test-md-bench.dir/Drivers/STM32F0xx_HAL_Driver/Src/stm32f0xx_hal.c.obj
LOAD CMakeFiles/test-md-bench.dir/Drivers/STM32F0xx_HAL_Driver/Src/stm32f0xx_hal_i2c.c.obj
LOAD CMakeFiles/test-md-bench.dir/Drivers/STM32F0xx_HAL_Driver/Src/stm32f0xx_hal_i2c_ex.c.obj
LOAD CMakeFiles/test-md-bench.dir/Drivers/STM32F0xx_HAL_Driver/Src/stm32f0xx_hal_gpio.c.obj
LOAD CMakeFiles/test-md-bench.dir/Drivers/STM32F0xx_HAL_Driver/Src/stm32f0xx_hal_dma.c.obj
LOAD CMakeFiles/test-md-bench.dir/Drivers/STM32F0xx_HAL_Driver/Src/stm32f0xx_hal_cortex.c.obj
LOAD CMakeFiles/test-md-bench.dir/Drivers/STM32F0xx_HAL_Driver/Src/stm32f0xx_hal_pwr.c.obj
LOAD CMakeFiles/test-md-bench.dir/Drivers/STM32F0xx_HAL_Driver/Src/stm32f0xx_hal_pwr_ex.c.obj
LOAD CMakeFiles/test-md-bench.dir/Drivers/STM32F0xx_HAL_Driver/Src/stm32f0xx_hal_flash.c.obj
LOAD CMakeFiles/test-md-bench.dir/Drivers/STM32F0xx_HAL_Driver/Src/stm32f0xx_hal_flash_ex.c.obj
LOAD CMakeFiles/test-md-bench.dir/Drivers/STM32F0xx_HAL_Driver/Src/stm32f0xx_hal_exti.c.obj
LOAD CMakeFiles/test-md-bench.dir/Drivers/STM32F0xx_HAL_Driver/Src/stm32f0xx_hal_tim.c.obj
LOAD CMakeFiles/test-md-bench.dir/Drivers/STM32F0xx_HAL_Driver/Src/stm32f0xx_hal_tim_ex.c.obj
LOAD CMakeFiles/test-md-bench.dir/Drivers/STM32F0xx_HAL_Driver/Src/stm32f0xx_hal_uart.c.obj
LOAD CMakeFiles/test-md-bench.dir/Drivers/STM32F0xx_HAL_Driver/Src/stm32f0xx_hal_uart_ex.c.obj
LOAD CMakeFiles/test-md-bench.dir/Src/system_stm32f0xx.c.obj
LOAD CMakeFiles/test-md-bench.dir/MCSDK_v6.3.1-Full/MotorControl/MCSDK/MCLib/Any/Src/bus_voltage_sensor.c.obj
LOAD CMakeFiles/test-md-bench.dir/MCSDK_v6.3.1-Full/MotorControl/MCSDK/MCLib/Any/Src/circle_limitation.c.obj
LOAD CMakeFiles/test-md-bench.dir/MCSDK_v6.3.1-Full/MotorControl/MCSDK/MCLib/Any/Src/digital_output.c.obj
LOAD CMakeFiles/test-md-bench.dir/MCSDK_v6.3.1-Full/MotorControl/MCSDK/MCLib/Any/Src/enc_align_ctrl.c.obj
LOAD CMakeFiles/test-md-bench.dir/MCSDK_v6.3.1-Full/MotorControl/MCSDK/MCLib/Any/Src/encoder_speed_pos_fdbk.c.obj
LOAD CMakeFiles/test-md-bench.dir/MCSDK_v6.3.1-Full/MotorControl/MCSDK/MCLib/Any/Src/ntc_temperature_sensor.c.obj
LOAD CMakeFiles/test-md-bench.dir/MCSDK_v6.3.1-Full/MotorControl/MCSDK/MCLib/Any/Src/open_loop.c.obj
LOAD CMakeFiles/test-md-bench.dir/MCSDK_v6.3.1-Full/MotorControl/MCSDK/MCLib/Any/Src/pid_regulator.c.obj
LOAD CMakeFiles/test-md-bench.dir/MCSDK_v6.3.1-Full/MotorControl/MCSDK/MCLib/Any/Src/pqd_motor_power_measurement.c.obj
LOAD CMakeFiles/test-md-bench.dir/MCSDK_v6.3.1-Full/MotorControl/MCSDK/MCLib/Any/Src/r_divider_bus_voltage_sensor.c.obj
LOAD CMakeFiles/test-md-bench.dir/MCSDK_v6.3.1-Full/MotorControl/MCSDK/MCLib/Any/Src/ramp_ext_mngr.c.obj
LOAD CMakeFiles/test-md-bench.dir/MCSDK_v6.3.1-Full/MotorControl/MCSDK/MCLib/Any/Src/revup_ctrl.c.obj
LOAD CMakeFiles/test-md-bench.dir/MCSDK_v6.3.1-Full/MotorControl/MCSDK/MCLib/Any/Src/speed_pos_fdbk.c.obj
LOAD CMakeFiles/test-md-bench.dir/MCSDK_v6.3.1-Full/MotorControl/MCSDK/MCLib/Any/Src/speed_torq_ctrl.c.obj
LOAD CMakeFiles/test-md-bench.dir/MCSDK_v6.3.1-Full/MotorControl/MCSDK/MCLib/Any/Src/virtual_speed_sensor.c.obj
LOAD CMakeFiles/test-md-bench.dir/MCSDK_v6.3.1-Full/MotorControl/MCSDK/MCLib/Any/Src/mcpa.c.obj
LOAD CMakeFiles/test-md-bench.dir/Src/sysmem.c.obj
LOAD CMakeFiles/test-md-bench.dir/Src/syscalls.c.obj
LOAD CMakeFiles/test-md-bench.dir/startup_stm32f031x6.s.obj
START GROUP
LOAD /Applications/ArmGNUToolchain/13.3.rel1/arm-none-eabi/bin/../lib/gcc/arm-none-eabi/13.3.1/thumb/v6-m/nofp/libgcc.a
LOAD /Applications/ArmGNUToolchain/13.3.rel1/arm-none-eabi/bin/../lib/gcc/arm-none-eabi/13.3.1/../../../../arm-none-eabi/lib/thumb/v6-m/nofp/libg_nano.a
LOAD /Applications/ArmGNUToolchain/13.3.rel1/arm-none-eabi/bin/../lib/gcc/arm-none-eabi/13.3.1/../../../../arm-none-eabi/lib/thumb/v6-m/nofp/libc_nano.a
END GROUP
START GROUP
LOAD /Applications/ArmGNUToolchain/13.3.rel1/arm-none-eabi/bin/../lib/gcc/arm-none-eabi/13.3.1/thumb/v6-m/nofp/libgcc.a
LOAD /Applications/ArmGNUToolchain/13.3.rel1/arm-none-eabi/bin/../lib/gcc/arm-none-eabi/13.3.1/../../../../arm-none-eabi/lib/thumb/v6-m/nofp/libc_nano.a
END GROUP
LOAD /Applications/ArmGNUToolchain/13.3.rel1/arm-none-eabi/bin/../lib/gcc/arm-none-eabi/13.3.1/thumb/v6-m/nofp/crtend.o
LOAD /Applications/ArmGNUToolchain/13.3.rel1/arm-none-eabi/bin/../lib/gcc/arm-none-eabi/13.3.1/thumb/v6-m/nofp/crtn.o
                0x20001000                        _estack = (ORIGIN (RAM) + LENGTH (RAM))
                0x00000080                        _Min_Heap_Size = 0x80
                0x00000400                        _Min_Stack_Size = 0x400

.isr_vector     0x08000000       0xc0
                0x08000000                        . = ALIGN (0x4)
 *(.isr_vector)
 .isr_vector    0x08000000       0xc0 CMakeFiles/test-md-bench.dir/startup_stm32f031x6.s.obj
                0x08000000                g_pfnVectors
                0x080000c0                        . = ALIGN (0x4)

.text           0x080000c0     0x4ea4
                0x080000c0                        . = ALIGN (0x4)
 *(.text)
 .text          0x080000c0       0x14 /Applications/ArmGNUToolchain/13.3.rel1/arm-none-eabi/bin/../lib/gcc/arm-none-eabi/13.3.1/thumb/v6-m/nofp/libgcc.a(_thumb1_case_uqi.o)
                0x080000c0                __gnu_thumb1_case_uqi
 .text          0x080000d4       0x14 /Applications/ArmGNUToolchain/13.3.rel1/arm-none-eabi/bin/../lib/gcc/arm-none-eabi/13.3.1/thumb/v6-m/nofp/libgcc.a(_thumb1_case_uhi.o)
                0x080000d4                __gnu_thumb1_case_uhi
 .text          0x080000e8      0x114 /Applications/ArmGNUToolchain/13.3.rel1/arm-none-eabi/bin/../lib/gcc/arm-none-eabi/13.3.1/thumb/v6-m/nofp/libgcc.a(_udivsi3.o)
                0x080000e8                __udivsi3
                0x080000e8                __aeabi_uidiv
                0x080001f4                __aeabi_uidivmod
 .text          0x080001fc      0x1d4 /Applications/ArmGNUToolchain/13.3.rel1/arm-none-eabi/bin/../lib/gcc/arm-none-eabi/13.3.1/thumb/v6-m/nofp/libgcc.a(_divsi3.o)
                0x080001fc                __aeabi_idiv
                0x080001fc                __divsi3
                0x080003c8                __aeabi_idivmod
 .text          0x080003d0        0x4 /Applications/ArmGNUToolchain/13.3.rel1/arm-none-eabi/bin/../lib/gcc/arm-none-eabi/13.3.1/thumb/v6-m/nofp/libgcc.a(_dvmd_tls.o)
                0x080003d0                __aeabi_ldiv0
                0x080003d0                __aeabi_idiv0
 .text          0x080003d4       0x3c /Applications/ArmGNUToolchain/13.3.rel1/arm-none-eabi/bin/../lib/gcc/arm-none-eabi/13.3.1/thumb/v6-m/nofp/libgcc.a(_clzsi2.o)
                0x080003d4                __clzsi2
 *(.text*)
 .text.deregister_tm_clones
                0x08000410       0x20 /Applications/ArmGNUToolchain/13.3.rel1/arm-none-eabi/bin/../lib/gcc/arm-none-eabi/13.3.1/thumb/v6-m/nofp/crtbegin.o
 .text.register_tm_clones
                0x08000430       0x28 /Applications/ArmGNUToolchain/13.3.rel1/arm-none-eabi/bin/../lib/gcc/arm-none-eabi/13.3.1/thumb/v6-m/nofp/crtbegin.o
 .text.__do_global_dtors_aux
                0x08000458       0x2c /Applications/ArmGNUToolchain/13.3.rel1/arm-none-eabi/bin/../lib/gcc/arm-none-eabi/13.3.1/thumb/v6-m/nofp/crtbegin.o
 .text.frame_dummy
                0x08000484       0x24 /Applications/ArmGNUToolchain/13.3.rel1/arm-none-eabi/bin/../lib/gcc/arm-none-eabi/13.3.1/thumb/v6-m/nofp/crtbegin.o
 .text.memset   0x080004a8       0x10 /Applications/ArmGNUToolchain/13.3.rel1/arm-none-eabi/bin/../lib/gcc/arm-none-eabi/13.3.1/../../../../arm-none-eabi/lib/thumb/v6-m/nofp/libc_nano.a(libc_a-memset.o)
                0x080004a8                memset
 .text.__libc_init_array
                0x080004b8       0x48 /Applications/ArmGNUToolchain/13.3.rel1/arm-none-eabi/bin/../lib/gcc/arm-none-eabi/13.3.1/../../../../arm-none-eabi/lib/thumb/v6-m/nofp/libc_nano.a(libc_a-init.o)
                0x080004b8                __libc_init_array
 .text.LL_GPIO_LockPin
                0x08000500       0x18 /var/folders/t_/9lzv5v214yg8tqnd_qsbsvwm0000gn/T//ccbvNH3q.ltrans0.ltrans.o
 .text.PWMC_SwitchOffPWM
                0x08000518        0x8 /var/folders/t_/9lzv5v214yg8tqnd_qsbsvwm0000gn/T//ccbvNH3q.ltrans0.ltrans.o
 .text.RCM_ExecRegularConv
                0x08000520      0x140 /var/folders/t_/9lzv5v214yg8tqnd_qsbsvwm0000gn/T//ccbvNH3q.ltrans0.ltrans.o
 .text.MCM_Trig_Functions
                0x08000660       0x80 /var/folders/t_/9lzv5v214yg8tqnd_qsbsvwm0000gn/T//ccbvNH3q.ltrans0.ltrans.o
 .text.MCM_Rev_Park
                0x080006e0       0x30 /var/folders/t_/9lzv5v214yg8tqnd_qsbsvwm0000gn/T//ccbvNH3q.ltrans0.ltrans.o
 .text.MCI_StartMotor
                0x08000710       0x20 /var/folders/t_/9lzv5v214yg8tqnd_qsbsvwm0000gn/T//ccbvNH3q.ltrans0.ltrans.o
 .text.MCI_StopMotor
                0x08000730       0x30 /var/folders/t_/9lzv5v214yg8tqnd_qsbsvwm0000gn/T//ccbvNH3q.ltrans0.ltrans.o
 .text.RI_SetRegisterGlobal
                0x08000760       0xa4 /var/folders/t_/9lzv5v214yg8tqnd_qsbsvwm0000gn/T//ccbvNH3q.ltrans0.ltrans.o
 .text.RI_GetRegisterGlobal
                0x08000804       0x8c /var/folders/t_/9lzv5v214yg8tqnd_qsbsvwm0000gn/T//ccbvNH3q.ltrans0.ltrans.o
 .text.RI_SetRegisterMotor1
                0x08000890      0x1b8 /var/folders/t_/9lzv5v214yg8tqnd_qsbsvwm0000gn/T//ccbvNH3q.ltrans0.ltrans.o
 .text.LL_TIM_OC_DisablePreload
                0x08000a48       0x40 /var/folders/t_/9lzv5v214yg8tqnd_qsbsvwm0000gn/T//ccbvNH3q.ltrans0.ltrans.o
 .text.LL_DMA_EnableChannel.lto_priv.0
                0x08000a88       0x14 /var/folders/t_/9lzv5v214yg8tqnd_qsbsvwm0000gn/T//ccbvNH3q.ltrans0.ltrans.o
 .text.LL_DMA_DisableChannel.lto_priv.1
                0x08000a9c       0x14 /var/folders/t_/9lzv5v214yg8tqnd_qsbsvwm0000gn/T//ccbvNH3q.ltrans0.ltrans.o
 .text.LL_DMA_SetDataLength.lto_priv.0
                0x08000ab0       0x18 /var/folders/t_/9lzv5v214yg8tqnd_qsbsvwm0000gn/T//ccbvNH3q.ltrans0.ltrans.o
 .text.LL_DMA_EnableIT_TC
                0x08000ac8       0x14 /var/folders/t_/9lzv5v214yg8tqnd_qsbsvwm0000gn/T//ccbvNH3q.ltrans0.ltrans.o
 .text.R1_1ShuntMotorVarsInit
                0x08000adc       0x78 /var/folders/t_/9lzv5v214yg8tqnd_qsbsvwm0000gn/T//ccbvNH3q.ltrans0.ltrans.o
 .text.R1_SetOffsetCalib
                0x08000b54       0x10 /var/folders/t_/9lzv5v214yg8tqnd_qsbsvwm0000gn/T//ccbvNH3q.ltrans0.ltrans.o
 .text.R1_GetOffsetCalib
                0x08000b64        0x8 /var/folders/t_/9lzv5v214yg8tqnd_qsbsvwm0000gn/T//ccbvNH3q.ltrans0.ltrans.o
 .text.R1_HFCurrentsCalibration
                0x08000b6c       0x42 /var/folders/t_/9lzv5v214yg8tqnd_qsbsvwm0000gn/T//ccbvNH3q.ltrans0.ltrans.o
 *fill*         0x08000bae        0x2 
 .text.R1_SetADCSampPointPolarization
                0x08000bb0       0x74 /var/folders/t_/9lzv5v214yg8tqnd_qsbsvwm0000gn/T//ccbvNH3q.ltrans0.ltrans.o
 .text.R1_GetPhaseCurrents
                0x08000c24      0x240 /var/folders/t_/9lzv5v214yg8tqnd_qsbsvwm0000gn/T//ccbvNH3q.ltrans0.ltrans.o
 .text.R1_TurnOnLowSides
                0x08000e64       0x56 /var/folders/t_/9lzv5v214yg8tqnd_qsbsvwm0000gn/T//ccbvNH3q.ltrans0.ltrans.o
 *fill*         0x08000eba        0x2 
 .text.R1_SwitchOnPWM
                0x08000ebc      0x264 /var/folders/t_/9lzv5v214yg8tqnd_qsbsvwm0000gn/T//ccbvNH3q.ltrans0.ltrans.o
 .text.R1_CalcDutyCycles
                0x08001120      0x344 /var/folders/t_/9lzv5v214yg8tqnd_qsbsvwm0000gn/T//ccbvNH3q.ltrans0.ltrans.o
 .text.R1_SwitchOffPWM
                0x08001464      0x184 /var/folders/t_/9lzv5v214yg8tqnd_qsbsvwm0000gn/T//ccbvNH3q.ltrans0.ltrans.o
 .text.R1_CurrentReadingCalibration
                0x080015e8       0xf0 /var/folders/t_/9lzv5v214yg8tqnd_qsbsvwm0000gn/T//ccbvNH3q.ltrans0.ltrans.o
 .text.UASPEP_INIT
                0x080016d8       0x8c /var/folders/t_/9lzv5v214yg8tqnd_qsbsvwm0000gn/T//ccbvNH3q.ltrans0.ltrans.o
 .text.UASPEP_CFG_TRANSMISSION
                0x08001764       0x30 /var/folders/t_/9lzv5v214yg8tqnd_qsbsvwm0000gn/T//ccbvNH3q.ltrans0.ltrans.o
 .text.UASPEP_CFG_RECEPTION
                0x08001794       0x2c /var/folders/t_/9lzv5v214yg8tqnd_qsbsvwm0000gn/T//ccbvNH3q.ltrans0.ltrans.o
 .text.UASPEP_IDLE_ENABLE
                0x080017c0       0x1c /var/folders/t_/9lzv5v214yg8tqnd_qsbsvwm0000gn/T//ccbvNH3q.ltrans0.ltrans.o
 .text.ASPEP_getBuffer
                0x080017dc       0x56 /var/folders/t_/9lzv5v214yg8tqnd_qsbsvwm0000gn/T//ccbvNH3q.ltrans0.ltrans.o
 .text.ASPEP_CheckBeacon
                0x08001832       0x9e /var/folders/t_/9lzv5v214yg8tqnd_qsbsvwm0000gn/T//ccbvNH3q.ltrans0.ltrans.o
 .text.ASPEP_TXframeProcess
                0x080018d0       0xcc /var/folders/t_/9lzv5v214yg8tqnd_qsbsvwm0000gn/T//ccbvNH3q.ltrans0.ltrans.o
 .text.ASPEP_sendBeacon
                0x0800199c       0x32 /var/folders/t_/9lzv5v214yg8tqnd_qsbsvwm0000gn/T//ccbvNH3q.ltrans0.ltrans.o
 .text.ASPEP_sendPing
                0x080019ce       0x40 /var/folders/t_/9lzv5v214yg8tqnd_qsbsvwm0000gn/T//ccbvNH3q.ltrans0.ltrans.o
 .text.ASPEP_sendPacket
                0x08001a0e       0x52 /var/folders/t_/9lzv5v214yg8tqnd_qsbsvwm0000gn/T//ccbvNH3q.ltrans0.ltrans.o
 .text.ASPEP_RXframeProcess
                0x08001a60      0x122 /var/folders/t_/9lzv5v214yg8tqnd_qsbsvwm0000gn/T//ccbvNH3q.ltrans0.ltrans.o
 *fill*         0x08001b82        0x2 
 .text.HAL_RCC_GetSysClockFreq
                0x08001b84       0x4c /var/folders/t_/9lzv5v214yg8tqnd_qsbsvwm0000gn/T//ccbvNH3q.ltrans0.ltrans.o
 .text.HAL_GPIO_Init
                0x08001bd0      0x1a4 /var/folders/t_/9lzv5v214yg8tqnd_qsbsvwm0000gn/T//ccbvNH3q.ltrans0.ltrans.o
 .text.__NVIC_SetPriority.part.0
                0x08001d74       0x34 /var/folders/t_/9lzv5v214yg8tqnd_qsbsvwm0000gn/T//ccbvNH3q.ltrans0.ltrans.o
 .text.__NVIC_SetPriority
                0x08001da8       0x3c /var/folders/t_/9lzv5v214yg8tqnd_qsbsvwm0000gn/T//ccbvNH3q.ltrans0.ltrans.o
 .text.TIM_Base_SetConfig
                0x08001de4       0x8c /var/folders/t_/9lzv5v214yg8tqnd_qsbsvwm0000gn/T//ccbvNH3q.ltrans0.ltrans.o
 .text.PI_Controller
                0x08001e70       0x74 /var/folders/t_/9lzv5v214yg8tqnd_qsbsvwm0000gn/T//ccbvNH3q.ltrans0.ltrans.o
 .text.STC_ExecRamp
                0x08001ee4       0x80 /var/folders/t_/9lzv5v214yg8tqnd_qsbsvwm0000gn/T//ccbvNH3q.ltrans0.ltrans.o
 .text.STC_CalcTorqueReference
                0x08001f64       0x4c /var/folders/t_/9lzv5v214yg8tqnd_qsbsvwm0000gn/T//ccbvNH3q.ltrans0.ltrans.o
 .text.MCI_ExecBufferedCommands.constprop.0
                0x08001fb0       0x7c /var/folders/t_/9lzv5v214yg8tqnd_qsbsvwm0000gn/T//ccbvNH3q.ltrans0.ltrans.o
 .text.FOC_CalcCurrRef.constprop.0
                0x0800202c       0x34 /var/folders/t_/9lzv5v214yg8tqnd_qsbsvwm0000gn/T//ccbvNH3q.ltrans0.ltrans.o
 .text.FOC_Clear.constprop.0
                0x08002060       0x5c /var/folders/t_/9lzv5v214yg8tqnd_qsbsvwm0000gn/T//ccbvNH3q.ltrans0.ltrans.o
 .text.TSK_MF_StopProcessing.constprop.0
                0x080020bc       0x2c /var/folders/t_/9lzv5v214yg8tqnd_qsbsvwm0000gn/T//ccbvNH3q.ltrans0.ltrans.o
 .text.HAL_InitTick.constprop.0
                0x080020e8       0x5c /var/folders/t_/9lzv5v214yg8tqnd_qsbsvwm0000gn/T//ccbvNH3q.ltrans0.ltrans.o
 .text.UART_EndRxTransfer.constprop.0
                0x08002144       0x64 /var/folders/t_/9lzv5v214yg8tqnd_qsbsvwm0000gn/T//ccbvNH3q.ltrans0.ltrans.o
 .text.UART_WaitOnFlagUntilTimeout.constprop.0
                0x080021a8       0x90 /var/folders/t_/9lzv5v214yg8tqnd_qsbsvwm0000gn/T//ccbvNH3q.ltrans0.ltrans.o
 .text.HAL_TIMEx_MasterConfigSynchronization.constprop.0
                0x08002238       0x54 /var/folders/t_/9lzv5v214yg8tqnd_qsbsvwm0000gn/T//ccbvNH3q.ltrans0.ltrans.o
 .text.HAL_DMA_Init.part.0.constprop.0
                0x0800228c       0x5c /var/folders/t_/9lzv5v214yg8tqnd_qsbsvwm0000gn/T//ccbvNH3q.ltrans0.ltrans.o
 .text.RI_GetRegisterMotor1
                0x080022e8      0x280 /var/folders/t_/9lzv5v214yg8tqnd_qsbsvwm0000gn/T//ccbvNH3q.ltrans0.ltrans.o
 .text.startup.main
                0x08002568     0x113c /var/folders/t_/9lzv5v214yg8tqnd_qsbsvwm0000gn/T//ccbvNH3q.ltrans0.ltrans.o
                0x08002568                main
 .text.TIM2_IRQHandler
                0x080036a4       0x28 /var/folders/t_/9lzv5v214yg8tqnd_qsbsvwm0000gn/T//ccbvNH3q.ltrans0.ltrans.o
                0x080036a4                TIM2_IRQHandler
 .text.USART1_IRQHandler
                0x080036cc      0x158 /var/folders/t_/9lzv5v214yg8tqnd_qsbsvwm0000gn/T//ccbvNH3q.ltrans0.ltrans.o
                0x080036cc                USART1_IRQHandler
 .text.HardFault_Handler
                0x08003824       0x1c /var/folders/t_/9lzv5v214yg8tqnd_qsbsvwm0000gn/T//ccbvNH3q.ltrans0.ltrans.o
                0x08003824                HardFault_Handler
 .text.SysTick_Handler
                0x08003840      0xab4 /var/folders/t_/9lzv5v214yg8tqnd_qsbsvwm0000gn/T//ccbvNH3q.ltrans0.ltrans.o
                0x08003840                SysTick_Handler
 .text.EXTI4_15_IRQHandler
                0x080042f4       0x30 /var/folders/t_/9lzv5v214yg8tqnd_qsbsvwm0000gn/T//ccbvNH3q.ltrans0.ltrans.o
                0x080042f4                EXTI4_15_IRQHandler
 .text.DMA1_Channel1_IRQHandler
                0x08004324      0x708 /var/folders/t_/9lzv5v214yg8tqnd_qsbsvwm0000gn/T//ccbvNH3q.ltrans0.ltrans.o
                0x08004324                DMA1_Channel1_IRQHandler
 .text.TIM1_BRK_UP_TRG_COM_IRQHandler
                0x08004a2c       0xa4 /var/folders/t_/9lzv5v214yg8tqnd_qsbsvwm0000gn/T//ccbvNH3q.ltrans0.ltrans.o
                0x08004a2c                TIM1_BRK_UP_TRG_COM_IRQHandler
 .text.DMA1_Channel4_5_IRQHandler
                0x08004ad0       0x7c /var/folders/t_/9lzv5v214yg8tqnd_qsbsvwm0000gn/T//ccbvNH3q.ltrans0.ltrans.o
                0x08004ad0                DMA1_Channel4_5_IRQHandler
 .text.NMI_Handler
                0x08004b4c        0x2 /var/folders/t_/9lzv5v214yg8tqnd_qsbsvwm0000gn/T//ccbvNH3q.ltrans0.ltrans.o
                0x08004b4c                NMI_Handler
 .text.PendSV_Handler
                0x08004b4e        0x2 /var/folders/t_/9lzv5v214yg8tqnd_qsbsvwm0000gn/T//ccbvNH3q.ltrans0.ltrans.o
                0x08004b4e                PendSV_Handler
 .text.SystemInit
                0x08004b50        0x2 /var/folders/t_/9lzv5v214yg8tqnd_qsbsvwm0000gn/T//ccbvNH3q.ltrans0.ltrans.o
                0x08004b50                SystemInit
 *fill*         0x08004b52        0x2 
 .text.Reset_Handler
                0x08004b54       0x50 CMakeFiles/test-md-bench.dir/startup_stm32f031x6.s.obj
                0x08004b54                Reset_Handler
 .text.Default_Handler
                0x08004ba4        0x2 CMakeFiles/test-md-bench.dir/startup_stm32f031x6.s.obj
                0x08004ba4                FLASH_IRQHandler
                0x08004ba4                PVD_IRQHandler
                0x08004ba4                I2C1_IRQHandler
                0x08004ba4                SPI1_IRQHandler
                0x08004ba4                EXTI2_3_IRQHandler
                0x08004ba4                ADC1_IRQHandler
                0x08004ba4                TIM17_IRQHandler
                0x08004ba4                RTC_IRQHandler
                0x08004ba4                TIM16_IRQHandler
                0x08004ba4                TIM3_IRQHandler
                0x08004ba4                RCC_IRQHandler
                0x08004ba4                Default_Handler
                0x08004ba4                TIM14_IRQHandler
                0x08004ba4                EXTI0_1_IRQHandler
                0x08004ba4                SVC_Handler
                0x08004ba4                WWDG_IRQHandler
                0x08004ba4                DMA1_Channel2_3_IRQHandler
                0x08004ba4                TIM1_CC_IRQHandler
 .text.memcpy   0x08004ba6       0x12 /Applications/ArmGNUToolchain/13.3.rel1/arm-none-eabi/bin/../lib/gcc/arm-none-eabi/13.3.1/../../../../arm-none-eabi/lib/thumb/v6-m/nofp/libg_nano.a(libc_a-memcpy-stub.o)
                0x08004ba6                memcpy
 .text.__aeabi_fmul
                0x08004bb8      0x280 /Applications/ArmGNUToolchain/13.3.rel1/arm-none-eabi/bin/../lib/gcc/arm-none-eabi/13.3.1/thumb/v6-m/nofp/libgcc.a(mulsf3.o)
                0x08004bb8                __aeabi_fmul
 .text.__aeabi_i2f
                0x08004e38       0x94 /Applications/ArmGNUToolchain/13.3.rel1/arm-none-eabi/bin/../lib/gcc/arm-none-eabi/13.3.1/thumb/v6-m/nofp/libgcc.a(floatsisf.o)
                0x08004e38                __aeabi_i2f
 .text.__aeabi_ui2f
                0x08004ecc       0x80 /Applications/ArmGNUToolchain/13.3.rel1/arm-none-eabi/bin/../lib/gcc/arm-none-eabi/13.3.1/thumb/v6-m/nofp/libgcc.a(floatunsisf.o)
                0x08004ecc                __aeabi_ui2f
 *(.glue_7)
 .glue_7        0x08004f4c        0x0 linker stubs
 *(.glue_7t)
 .glue_7t       0x08004f4c        0x0 linker stubs
 *(.eh_frame)
 .eh_frame      0x08004f4c        0x0 /Applications/ArmGNUToolchain/13.3.rel1/arm-none-eabi/bin/../lib/gcc/arm-none-eabi/13.3.1/thumb/v6-m/nofp/crtbegin.o
 *(.init)
 .init          0x08004f4c        0x4 /Applications/ArmGNUToolchain/13.3.rel1/arm-none-eabi/bin/../lib/gcc/arm-none-eabi/13.3.1/thumb/v6-m/nofp/crti.o
                0x08004f4c                _init
 .init          0x08004f50        0x8 /Applications/ArmGNUToolchain/13.3.rel1/arm-none-eabi/bin/../lib/gcc/arm-none-eabi/13.3.1/thumb/v6-m/nofp/crtn.o
 *(.fini)
 .fini          0x08004f58        0x4 /Applications/ArmGNUToolchain/13.3.rel1/arm-none-eabi/bin/../lib/gcc/arm-none-eabi/13.3.1/thumb/v6-m/nofp/crti.o
                0x08004f58                _fini
 .fini          0x08004f5c        0x8 /Applications/ArmGNUToolchain/13.3.rel1/arm-none-eabi/bin/../lib/gcc/arm-none-eabi/13.3.1/thumb/v6-m/nofp/crtn.o
                0x08004f64                        . = ALIGN (0x4)
                0x08004f64                        _etext = .

.vfp11_veneer   0x08004f64        0x0
 .vfp11_veneer  0x08004f64        0x0 linker stubs

.v4_bx          0x08004f64        0x0
 .v4_bx         0x08004f64        0x0 linker stubs

.iplt           0x08004f64        0x0
 .iplt          0x08004f64        0x0 /Applications/ArmGNUToolchain/13.3.rel1/arm-none-eabi/bin/../lib/gcc/arm-none-eabi/13.3.1/thumb/v6-m/nofp/crtbegin.o

.rodata         0x08004f64      0xbc8
                0x08004f64                        . = ALIGN (0x4)
 *(.rodata)
 *(.rodata*)
 .rodata.M1_FOCConfig_reg
                0x08004f64        0xe /var/folders/t_/9lzv5v214yg8tqnd_qsbsvwm0000gn/T//ccbvNH3q.ltrans0.ltrans.o
 *fill*         0x08004f72        0x2 
 .rodata.M1_ApplicationConfig_reg
                0x08004f74       0x10 /var/folders/t_/9lzv5v214yg8tqnd_qsbsvwm0000gn/T//ccbvNH3q.ltrans0.ltrans.o
 .rodata.R1_ParamsM1
                0x08004f84       0x28 /var/folders/t_/9lzv5v214yg8tqnd_qsbsvwm0000gn/T//ccbvNH3q.ltrans0.ltrans.o
 .rodata.aPredivFactorTable.0
                0x08004fac       0x10 /var/folders/t_/9lzv5v214yg8tqnd_qsbsvwm0000gn/T//ccbvNH3q.ltrans0.ltrans.o
 .rodata.aPLLMULFactorTable.1
                0x08004fbc       0x10 /var/folders/t_/9lzv5v214yg8tqnd_qsbsvwm0000gn/T//ccbvNH3q.ltrans0.ltrans.o
 .rodata.CRC4_Lookup4
                0x08004fcc       0x10 /var/folders/t_/9lzv5v214yg8tqnd_qsbsvwm0000gn/T//ccbvNH3q.ltrans0.ltrans.o
 .rodata.CHANNEL_OFFSET_TAB.lto_priv.2
                0x08004fdc        0x5 /var/folders/t_/9lzv5v214yg8tqnd_qsbsvwm0000gn/T//ccbvNH3q.ltrans0.ltrans.o
 *fill*         0x08004fe1        0x3 
 .rodata.ALFLAG
                0x08004fe4        0x3 /var/folders/t_/9lzv5v214yg8tqnd_qsbsvwm0000gn/T//ccbvNH3q.ltrans0.ltrans.o
 *fill*         0x08004fe7        0x1 
 .rodata.SHIFT_TAB_OCxx
                0x08004fe8        0x7 /var/folders/t_/9lzv5v214yg8tqnd_qsbsvwm0000gn/T//ccbvNH3q.ltrans0.ltrans.o
 *fill*         0x08004fef        0x1 
 .rodata.OFFSET_TAB_CCMRx.lto_priv.0
                0x08004ff0        0x7 /var/folders/t_/9lzv5v214yg8tqnd_qsbsvwm0000gn/T//ccbvNH3q.ltrans0.ltrans.o
 *fill*         0x08004ff7        0x1 
 .rodata.globalConfig_reg
                0x08004ff8        0xa /var/folders/t_/9lzv5v214yg8tqnd_qsbsvwm0000gn/T//ccbvNH3q.ltrans0.ltrans.o
 *fill*         0x08005002        0x2 
 .rodata.SqrtTable
                0x08005004      0x802 /var/folders/t_/9lzv5v214yg8tqnd_qsbsvwm0000gn/T//ccbvNH3q.ltrans0.ltrans.o
 *fill*         0x08005806        0x2 
 .rodata.CRC4_Lookup8
                0x08005808      0x100 /var/folders/t_/9lzv5v214yg8tqnd_qsbsvwm0000gn/T//ccbvNH3q.ltrans0.ltrans.o
 .rodata.hSin_Cos_Table
                0x08005908      0x200 /var/folders/t_/9lzv5v214yg8tqnd_qsbsvwm0000gn/T//ccbvNH3q.ltrans0.ltrans.o
 .rodata.AHBPrescTable
                0x08005b08       0x10 /var/folders/t_/9lzv5v214yg8tqnd_qsbsvwm0000gn/T//ccbvNH3q.ltrans0.ltrans.o
 .rodata.APBPrescTable
                0x08005b18        0x8 /var/folders/t_/9lzv5v214yg8tqnd_qsbsvwm0000gn/T//ccbvNH3q.ltrans0.ltrans.o
 .rodata.CSWTCH.59
                0x08005b20        0x3 /var/folders/t_/9lzv5v214yg8tqnd_qsbsvwm0000gn/T//ccbvNH3q.ltrans0.ltrans.o
 *fill*         0x08005b23        0x1 
 .rodata.CHANNEL_OFFSET_TAB.lto_priv.1
                0x08005b24        0x5 /var/folders/t_/9lzv5v214yg8tqnd_qsbsvwm0000gn/T//ccbvNH3q.ltrans0.ltrans.o
                0x08005b2c                        . = ALIGN (0x4)
 *fill*         0x08005b29        0x3 

.rel.dyn        0x08005b2c        0x0
 .rel.iplt      0x08005b2c        0x0 /Applications/ArmGNUToolchain/13.3.rel1/arm-none-eabi/bin/../lib/gcc/arm-none-eabi/13.3.1/thumb/v6-m/nofp/crtbegin.o

.ARM.extab
 *(.ARM.extab* .gnu.linkonce.armextab.*)

.ARM            0x08005b2c        0x0
                0x08005b2c                        __exidx_start = .
 *(.ARM.exidx*)
                0x08005b2c                        __exidx_end = .

.preinit_array  0x08005b2c        0x0
                0x08005b2c                        PROVIDE (__preinit_array_start = .)
 *(.preinit_array*)
                0x08005b2c                        PROVIDE (__preinit_array_end = .)

.init_array     0x08005b2c        0x4
                0x08005b2c                        PROVIDE (__init_array_start = .)
 *(SORT_BY_NAME(.init_array.*))
 *(.init_array*)
 .init_array    0x08005b2c        0x4 /Applications/ArmGNUToolchain/13.3.rel1/arm-none-eabi/bin/../lib/gcc/arm-none-eabi/13.3.1/thumb/v6-m/nofp/crtbegin.o
                0x08005b30                        PROVIDE (__init_array_end = .)

.fini_array     0x08005b30        0x4
                [!provide]                        PROVIDE (__fini_array_start = .)
 *(SORT_BY_NAME(.fini_array.*))
 *(.fini_array*)
 .fini_array    0x08005b30        0x4 /Applications/ArmGNUToolchain/13.3.rel1/arm-none-eabi/bin/../lib/gcc/arm-none-eabi/13.3.1/thumb/v6-m/nofp/crtbegin.o
                [!provide]                        PROVIDE (__fini_array_end = .)
                0x08005b34                        _sidata = LOADADDR (.data)

.data           0x20000000      0x3fc load address 0x08005b34
                0x20000000                        . = ALIGN (0x4)
                0x20000000                        _sdata = .
 *(.data)
 *(.data*)
 .data.PQD_MotorPowMeasM1
                0x20000000       0x10 /var/folders/t_/9lzv5v214yg8tqnd_qsbsvwm0000gn/T//ccbvNH3q.ltrans0.ltrans.o
 .data.UASPEP_A
                0x20000010       0x14 /var/folders/t_/9lzv5v214yg8tqnd_qsbsvwm0000gn/T//ccbvNH3q.ltrans0.ltrans.o
 .data.SpeednTorqCtrlM1
                0x20000024       0x34 /var/folders/t_/9lzv5v214yg8tqnd_qsbsvwm0000gn/T//ccbvNH3q.ltrans0.ltrans.o
 .data.FOCConfig_reg
                0x20000058        0x4 /var/folders/t_/9lzv5v214yg8tqnd_qsbsvwm0000gn/T//ccbvNH3q.ltrans0.ltrans.o
 .data.scaleParams_M1
                0x2000005c       0x10 /var/folders/t_/9lzv5v214yg8tqnd_qsbsvwm0000gn/T//ccbvNH3q.ltrans0.ltrans.o
 .data.ApplicationConfig_reg
                0x2000006c        0x4 /var/folders/t_/9lzv5v214yg8tqnd_qsbsvwm0000gn/T//ccbvNH3q.ltrans0.ltrans.o
 .data.CircleLimitationM1
                0x20000070        0x4 /var/folders/t_/9lzv5v214yg8tqnd_qsbsvwm0000gn/T//ccbvNH3q.ltrans0.ltrans.o
 .data.pPIDId   0x20000074        0x4 /var/folders/t_/9lzv5v214yg8tqnd_qsbsvwm0000gn/T//ccbvNH3q.ltrans0.ltrans.o
 .data.pPIDIq   0x20000078        0x4 /var/folders/t_/9lzv5v214yg8tqnd_qsbsvwm0000gn/T//ccbvNH3q.ltrans0.ltrans.o
 .data.uwTickFreq
                0x2000007c        0x1 /var/folders/t_/9lzv5v214yg8tqnd_qsbsvwm0000gn/T//ccbvNH3q.ltrans0.ltrans.o
 *fill*         0x2000007d        0x3 
 .data.MCPA_UART_A
                0x20000080       0x2c /var/folders/t_/9lzv5v214yg8tqnd_qsbsvwm0000gn/T//ccbvNH3q.ltrans0.ltrans.o
 .data.MCP_Over_UartA
                0x200000ac       0x10 /var/folders/t_/9lzv5v214yg8tqnd_qsbsvwm0000gn/T//ccbvNH3q.ltrans0.ltrans.o
 .data.SystickDividerCounter.0
                0x200000bc        0x1 /var/folders/t_/9lzv5v214yg8tqnd_qsbsvwm0000gn/T//ccbvNH3q.ltrans0.ltrans.o
 *fill*         0x200000bd        0x3 
 .data.SystemCoreClock
                0x200000c0        0x4 /var/folders/t_/9lzv5v214yg8tqnd_qsbsvwm0000gn/T//ccbvNH3q.ltrans0.ltrans.o
 .data.RampExtMngrHFParamsM1
                0x200000c4       0x18 /var/folders/t_/9lzv5v214yg8tqnd_qsbsvwm0000gn/T//ccbvNH3q.ltrans0.ltrans.o
 .data.pMPM     0x200000dc        0x4 /var/folders/t_/9lzv5v214yg8tqnd_qsbsvwm0000gn/T//ccbvNH3q.ltrans0.ltrans.o
 .data.PIDIdHandle_M1
                0x200000e0       0x2c /var/folders/t_/9lzv5v214yg8tqnd_qsbsvwm0000gn/T//ccbvNH3q.ltrans0.ltrans.o
 .data.PIDIqHandle_M1
                0x2000010c       0x2c /var/folders/t_/9lzv5v214yg8tqnd_qsbsvwm0000gn/T//ccbvNH3q.ltrans0.ltrans.o
 .data.EncAlignCtrlM1
                0x20000138       0x1c /var/folders/t_/9lzv5v214yg8tqnd_qsbsvwm0000gn/T//ccbvNH3q.ltrans0.ltrans.o
 .data.pSTC     0x20000154        0x4 /var/folders/t_/9lzv5v214yg8tqnd_qsbsvwm0000gn/T//ccbvNH3q.ltrans0.ltrans.o
 .data.ENCODER_M1
                0x20000158       0x88 /var/folders/t_/9lzv5v214yg8tqnd_qsbsvwm0000gn/T//ccbvNH3q.ltrans0.ltrans.o
 .data.PWM_Handle_M1
                0x200001e0       0xd0 /var/folders/t_/9lzv5v214yg8tqnd_qsbsvwm0000gn/T//ccbvNH3q.ltrans0.ltrans.o
 .data.TempSensor_M1
                0x200002b0       0x1c /var/folders/t_/9lzv5v214yg8tqnd_qsbsvwm0000gn/T//ccbvNH3q.ltrans0.ltrans.o
 .data.BusVoltageSensor_M1
                0x200002cc       0x1c /var/folders/t_/9lzv5v214yg8tqnd_qsbsvwm0000gn/T//ccbvNH3q.ltrans0.ltrans.o
 .data.VbusRegConv_M1
                0x200002e8       0x10 /var/folders/t_/9lzv5v214yg8tqnd_qsbsvwm0000gn/T//ccbvNH3q.ltrans0.ltrans.o
 .data.VirtualSpeedSensorM1
                0x200002f8       0x38 /var/folders/t_/9lzv5v214yg8tqnd_qsbsvwm0000gn/T//ccbvNH3q.ltrans0.ltrans.o
 .data.PIDSpeedHandle_M1
                0x20000330       0x2c /var/folders/t_/9lzv5v214yg8tqnd_qsbsvwm0000gn/T//ccbvNH3q.ltrans0.ltrans.o
 .data.aspepOverUartA
                0x2000035c       0x74 /var/folders/t_/9lzv5v214yg8tqnd_qsbsvwm0000gn/T//ccbvNH3q.ltrans0.ltrans.o
 .data.Mci      0x200003d0       0x28 /var/folders/t_/9lzv5v214yg8tqnd_qsbsvwm0000gn/T//ccbvNH3q.ltrans0.ltrans.o
 .data.uwTickPrio
                0x200003f8        0x4 /var/folders/t_/9lzv5v214yg8tqnd_qsbsvwm0000gn/T//ccbvNH3q.ltrans0.ltrans.o
                0x200003fc                        . = ALIGN (0x4)
                0x200003fc                        _edata = .

.tm_clone_table
                0x200003fc        0x0 load address 0x08005f30
 .tm_clone_table
                0x200003fc        0x0 /Applications/ArmGNUToolchain/13.3.rel1/arm-none-eabi/bin/../lib/gcc/arm-none-eabi/13.3.1/thumb/v6-m/nofp/crtbegin.o
 .tm_clone_table
                0x200003fc        0x0 /Applications/ArmGNUToolchain/13.3.rel1/arm-none-eabi/bin/../lib/gcc/arm-none-eabi/13.3.1/thumb/v6-m/nofp/crtend.o

.igot.plt       0x200003fc        0x0 load address 0x08005f30
 .igot.plt      0x200003fc        0x0 /Applications/ArmGNUToolchain/13.3.rel1/arm-none-eabi/bin/../lib/gcc/arm-none-eabi/13.3.1/thumb/v6-m/nofp/crtbegin.o
                0x200003fc                        . = ALIGN (0x4)

.bss            0x200003fc      0x604 load address 0x08005f30
                0x200003fc                        _sbss = .
                0x200003fc                        __bss_start__ = _sbss
 *(.bss)
 *(.bss*)
 .bss.completed.1
                0x200003fc        0x1 /Applications/ArmGNUToolchain/13.3.rel1/arm-none-eabi/bin/../lib/gcc/arm-none-eabi/13.3.1/thumb/v6-m/nofp/crtbegin.o
 *fill*         0x200003fd        0x3 
 .bss.object.0  0x20000400       0x18 /Applications/ArmGNUToolchain/13.3.rel1/arm-none-eabi/bin/../lib/gcc/arm-none-eabi/13.3.1/thumb/v6-m/nofp/crtbegin.o
 .bss.dataSizeTableBuffA
                0x20000418        0xa /var/folders/t_/9lzv5v214yg8tqnd_qsbsvwm0000gn/T//ccbvNH3q.ltrans0.ltrans.o
 *fill*         0x20000422        0x2 
 .bss.dataSizeTableA
                0x20000424        0xa /var/folders/t_/9lzv5v214yg8tqnd_qsbsvwm0000gn/T//ccbvNH3q.ltrans0.ltrans.o
 *fill*         0x2000042e        0x2 
 .bss.dataPtrTableBuffA
                0x20000430       0x28 /var/folders/t_/9lzv5v214yg8tqnd_qsbsvwm0000gn/T//ccbvNH3q.ltrans0.ltrans.o
 .bss.dataPtrTableA
                0x20000458       0x28 /var/folders/t_/9lzv5v214yg8tqnd_qsbsvwm0000gn/T//ccbvNH3q.ltrans0.ltrans.o
 .bss.RealBusVoltageSensorFilterBufferM1
                0x20000480       0x14 /var/folders/t_/9lzv5v214yg8tqnd_qsbsvwm0000gn/T//ccbvNH3q.ltrans0.ltrans.o
 .bss.MCPAsyncBuffUARTA_B
                0x20000494       0x86 /var/folders/t_/9lzv5v214yg8tqnd_qsbsvwm0000gn/T//ccbvNH3q.ltrans0.ltrans.o
 *fill*         0x2000051a        0x2 
 .bss.MCPAsyncBuffUARTA_A
                0x2000051c       0x86 /var/folders/t_/9lzv5v214yg8tqnd_qsbsvwm0000gn/T//ccbvNH3q.ltrans0.ltrans.o
 *fill*         0x200005a2        0x2 
 .bss.MCPSyncTxBuff
                0x200005a4       0x86 /var/folders/t_/9lzv5v214yg8tqnd_qsbsvwm0000gn/T//ccbvNH3q.ltrans0.ltrans.o
 *fill*         0x2000062a        0x2 
 .bss.MCPSyncRXBuff
                0x2000062c       0x82 /var/folders/t_/9lzv5v214yg8tqnd_qsbsvwm0000gn/T//ccbvNH3q.ltrans0.ltrans.o
 *fill*         0x200006ae        0x2 
 .bss.GLOBAL_TIMESTAMP
                0x200006b0        0x4 /var/folders/t_/9lzv5v214yg8tqnd_qsbsvwm0000gn/T//ccbvNH3q.ltrans0.ltrans.o
 .bss.RCM_UserConvValue
                0x200006b4        0x2 /var/folders/t_/9lzv5v214yg8tqnd_qsbsvwm0000gn/T//ccbvNH3q.ltrans0.ltrans.o
 .bss.RCM_UserConvState
                0x200006b6        0x1 /var/folders/t_/9lzv5v214yg8tqnd_qsbsvwm0000gn/T//ccbvNH3q.ltrans0.ltrans.o
 *fill*         0x200006b7        0x1 
 .bss.RCM_UserConvHandle
                0x200006b8        0x4 /var/folders/t_/9lzv5v214yg8tqnd_qsbsvwm0000gn/T//ccbvNH3q.ltrans0.ltrans.o
 .bss.MCP_UserCallBack
                0x200006bc        0x8 /var/folders/t_/9lzv5v214yg8tqnd_qsbsvwm0000gn/T//ccbvNH3q.ltrans0.ltrans.o
 .bss.hStopPermanencyCounterM1.lto_priv.0
                0x200006c4        0x2 /var/folders/t_/9lzv5v214yg8tqnd_qsbsvwm0000gn/T//ccbvNH3q.ltrans0.ltrans.o
 .bss.hBootCapDelayCounterM1.lto_priv.0
                0x200006c6        0x2 /var/folders/t_/9lzv5v214yg8tqnd_qsbsvwm0000gn/T//ccbvNH3q.ltrans0.ltrans.o
 .bss.hMFTaskCounterM1
                0x200006c8        0x2 /var/folders/t_/9lzv5v214yg8tqnd_qsbsvwm0000gn/T//ccbvNH3q.ltrans0.ltrans.o
 .bss.RCM_currentHandle
                0x200006ca        0x1 /var/folders/t_/9lzv5v214yg8tqnd_qsbsvwm0000gn/T//ccbvNH3q.ltrans0.ltrans.o
 *fill*         0x200006cb        0x1 
 .bss.hdma_adc  0x200006cc       0x44 /var/folders/t_/9lzv5v214yg8tqnd_qsbsvwm0000gn/T//ccbvNH3q.ltrans0.ltrans.o
 .bss.hadc      0x20000710       0x40 /var/folders/t_/9lzv5v214yg8tqnd_qsbsvwm0000gn/T//ccbvNH3q.ltrans0.ltrans.o
 .bss.hdma_tim1_ch3_up
                0x20000750       0x44 /var/folders/t_/9lzv5v214yg8tqnd_qsbsvwm0000gn/T//ccbvNH3q.ltrans0.ltrans.o
 .bss.hdma_tim1_ch4_trig_com
                0x20000794       0x44 /var/folders/t_/9lzv5v214yg8tqnd_qsbsvwm0000gn/T//ccbvNH3q.ltrans0.ltrans.o
 .bss.htim1     0x200007d8       0x48 /var/folders/t_/9lzv5v214yg8tqnd_qsbsvwm0000gn/T//ccbvNH3q.ltrans0.ltrans.o
 .bss.htim2     0x20000820       0x48 /var/folders/t_/9lzv5v214yg8tqnd_qsbsvwm0000gn/T//ccbvNH3q.ltrans0.ltrans.o
 .bss.uwTick    0x20000868        0x4 /var/folders/t_/9lzv5v214yg8tqnd_qsbsvwm0000gn/T//ccbvNH3q.ltrans0.ltrans.o
 .bss.hdma_usart1_tx
                0x2000086c       0x44 /var/folders/t_/9lzv5v214yg8tqnd_qsbsvwm0000gn/T//ccbvNH3q.ltrans0.ltrans.o
 .bss.hdma_usart1_rx
                0x200008b0       0x44 /var/folders/t_/9lzv5v214yg8tqnd_qsbsvwm0000gn/T//ccbvNH3q.ltrans0.ltrans.o
 .bss.huart1    0x200008f4       0x88 /var/folders/t_/9lzv5v214yg8tqnd_qsbsvwm0000gn/T//ccbvNH3q.ltrans0.ltrans.o
 .bss.pREMNG    0x2000097c        0x4 /var/folders/t_/9lzv5v214yg8tqnd_qsbsvwm0000gn/T//ccbvNH3q.ltrans0.ltrans.o
 .bss.FOCVars   0x20000980       0x26 /var/folders/t_/9lzv5v214yg8tqnd_qsbsvwm0000gn/T//ccbvNH3q.ltrans0.ltrans.o
 *fill*         0x200009a6        0x2 
 .bss.pEAC      0x200009a8        0x4 /var/folders/t_/9lzv5v214yg8tqnd_qsbsvwm0000gn/T//ccbvNH3q.ltrans0.ltrans.o
 .bss.pwmcHandle
                0x200009ac        0x4 /var/folders/t_/9lzv5v214yg8tqnd_qsbsvwm0000gn/T//ccbvNH3q.ltrans0.ltrans.o
 .bss.RCM_NoInj_array
                0x200009b0       0x18 /var/folders/t_/9lzv5v214yg8tqnd_qsbsvwm0000gn/T//ccbvNH3q.ltrans0.ltrans.o
 .bss.RCM_CB_array
                0x200009c8       0x20 /var/folders/t_/9lzv5v214yg8tqnd_qsbsvwm0000gn/T//ccbvNH3q.ltrans0.ltrans.o
 .bss.RCM_handle_array
                0x200009e8       0x10 /var/folders/t_/9lzv5v214yg8tqnd_qsbsvwm0000gn/T//ccbvNH3q.ltrans0.ltrans.o
 .bss.bMCBootCompleted
                0x200009f8        0x1 /var/folders/t_/9lzv5v214yg8tqnd_qsbsvwm0000gn/T//ccbvNH3q.ltrans0.ltrans.o
 *fill*         0x200009f9        0x3 
 .bss.pMCI      0x200009fc        0x4 /var/folders/t_/9lzv5v214yg8tqnd_qsbsvwm0000gn/T//ccbvNH3q.ltrans0.ltrans.o
 *(COMMON)
                0x20000a00                        . = ALIGN (0x4)
                0x20000a00                        _ebss = .
                0x20000a00                        __bss_end__ = _ebss

._user_heap_stack
                0x20000a00      0x480 load address 0x08005f30
                0x20000a00                        . = ALIGN (0x8)
                [!provide]                        PROVIDE (end = .)
                0x20000a00                        PROVIDE (_end = .)
                0x20000a80                        . = (. + _Min_Heap_Size)
 *fill*         0x20000a00       0x80 
                0x20000e80                        . = (. + _Min_Stack_Size)
 *fill*         0x20000a80      0x400 
                0x20000e80                        . = ALIGN (0x8)

/DISCARD/
 libc.a(*)
 libm.a(*)
 libgcc.a(*)
OUTPUT(test-md-bench.elf elf32-littlearm)
LOAD linker stubs
LOAD /Applications/ArmGNUToolchain/13.3.rel1/arm-none-eabi/bin/../lib/gcc/arm-none-eabi/13.3.1/../../../../arm-none-eabi/lib/thumb/v6-m/nofp/libc.a
LOAD /Applications/ArmGNUToolchain/13.3.rel1/arm-none-eabi/bin/../lib/gcc/arm-none-eabi/13.3.1/../../../../arm-none-eabi/lib/thumb/v6-m/nofp/libm.a
LOAD /Applications/ArmGNUToolchain/13.3.rel1/arm-none-eabi/bin/../lib/gcc/arm-none-eabi/13.3.1/thumb/v6-m/nofp/libgcc.a

.ARM.attributes
                0x00000000       0x28
 .ARM.attributes
                0x00000000       0x1e /Applications/ArmGNUToolchain/13.3.rel1/arm-none-eabi/bin/../lib/gcc/arm-none-eabi/13.3.1/thumb/v6-m/nofp/crti.o
 .ARM.attributes
                0x0000001e       0x2c /Applications/ArmGNUToolchain/13.3.rel1/arm-none-eabi/bin/../lib/gcc/arm-none-eabi/13.3.1/thumb/v6-m/nofp/crtbegin.o
 .ARM.attributes
                0x0000004a       0x2c /Applications/ArmGNUToolchain/13.3.rel1/arm-none-eabi/bin/../lib/gcc/arm-none-eabi/13.3.1/../../../../arm-none-eabi/lib/thumb/v6-m/nofp/libc_nano.a(libc_a-memset.o)
 .ARM.attributes
                0x00000076       0x2c /Applications/ArmGNUToolchain/13.3.rel1/arm-none-eabi/bin/../lib/gcc/arm-none-eabi/13.3.1/../../../../arm-none-eabi/lib/thumb/v6-m/nofp/libc_nano.a(libc_a-init.o)
 .ARM.attributes
                0x000000a2       0x2a /var/folders/t_/9lzv5v214yg8tqnd_qsbsvwm0000gn/T//ccbvNH3q.ltrans0.ltrans.o
 .ARM.attributes
                0x000000cc       0x21 CMakeFiles/test-md-bench.dir/startup_stm32f031x6.s.obj
 .ARM.attributes
                0x000000ed       0x2c /Applications/ArmGNUToolchain/13.3.rel1/arm-none-eabi/bin/../lib/gcc/arm-none-eabi/13.3.1/../../../../arm-none-eabi/lib/thumb/v6-m/nofp/libg_nano.a(libc_a-memcpy-stub.o)
 .ARM.attributes
                0x00000119       0x1e /Applications/ArmGNUToolchain/13.3.rel1/arm-none-eabi/bin/../lib/gcc/arm-none-eabi/13.3.1/thumb/v6-m/nofp/libgcc.a(_thumb1_case_uqi.o)
 .ARM.attributes
                0x00000137       0x1e /Applications/ArmGNUToolchain/13.3.rel1/arm-none-eabi/bin/../lib/gcc/arm-none-eabi/13.3.1/thumb/v6-m/nofp/libgcc.a(_thumb1_case_uhi.o)
 .ARM.attributes
                0x00000155       0x1e /Applications/ArmGNUToolchain/13.3.rel1/arm-none-eabi/bin/../lib/gcc/arm-none-eabi/13.3.1/thumb/v6-m/nofp/libgcc.a(_udivsi3.o)
 .ARM.attributes
                0x00000173       0x1e /Applications/ArmGNUToolchain/13.3.rel1/arm-none-eabi/bin/../lib/gcc/arm-none-eabi/13.3.1/thumb/v6-m/nofp/libgcc.a(_divsi3.o)
 .ARM.attributes
                0x00000191       0x1e /Applications/ArmGNUToolchain/13.3.rel1/arm-none-eabi/bin/../lib/gcc/arm-none-eabi/13.3.1/thumb/v6-m/nofp/libgcc.a(_dvmd_tls.o)
 .ARM.attributes
                0x000001af       0x2c /Applications/ArmGNUToolchain/13.3.rel1/arm-none-eabi/bin/../lib/gcc/arm-none-eabi/13.3.1/thumb/v6-m/nofp/libgcc.a(mulsf3.o)
 .ARM.attributes
                0x000001db       0x2c /Applications/ArmGNUToolchain/13.3.rel1/arm-none-eabi/bin/../lib/gcc/arm-none-eabi/13.3.1/thumb/v6-m/nofp/libgcc.a(floatsisf.o)
 .ARM.attributes
                0x00000207       0x2c /Applications/ArmGNUToolchain/13.3.rel1/arm-none-eabi/bin/../lib/gcc/arm-none-eabi/13.3.1/thumb/v6-m/nofp/libgcc.a(floatunsisf.o)
 .ARM.attributes
                0x00000233       0x1e /Applications/ArmGNUToolchain/13.3.rel1/arm-none-eabi/bin/../lib/gcc/arm-none-eabi/13.3.1/thumb/v6-m/nofp/libgcc.a(_clzsi2.o)
 .ARM.attributes
                0x00000251       0x2c /Applications/ArmGNUToolchain/13.3.rel1/arm-none-eabi/bin/../lib/gcc/arm-none-eabi/13.3.1/thumb/v6-m/nofp/crtend.o
 .ARM.attributes
                0x0000027d       0x1e /Applications/ArmGNUToolchain/13.3.rel1/arm-none-eabi/bin/../lib/gcc/arm-none-eabi/13.3.1/thumb/v6-m/nofp/crtn.o

.comment        0x00000000       0x45
 .comment       0x00000000       0x45 /var/folders/t_/9lzv5v214yg8tqnd_qsbsvwm0000gn/T//ccbvNH3q.ltrans0.ltrans.o
                                 0x46 (size before relaxing)

.debug_frame    0x00000000      0x8f8
 .debug_frame   0x00000000       0x20 /Applications/ArmGNUToolchain/13.3.rel1/arm-none-eabi/bin/../lib/gcc/arm-none-eabi/13.3.1/../../../../arm-none-eabi/lib/thumb/v6-m/nofp/libc_nano.a(libc_a-memset.o)
 .debug_frame   0x00000020       0x2c /Applications/ArmGNUToolchain/13.3.rel1/arm-none-eabi/bin/../lib/gcc/arm-none-eabi/13.3.1/../../../../arm-none-eabi/lib/thumb/v6-m/nofp/libc_nano.a(libc_a-init.o)
 .debug_frame   0x0000004c      0x7b4 /var/folders/t_/9lzv5v214yg8tqnd_qsbsvwm0000gn/T//ccbvNH3q.ltrans0.ltrans.o
 .debug_frame   0x00000800       0x28 /Applications/ArmGNUToolchain/13.3.rel1/arm-none-eabi/bin/../lib/gcc/arm-none-eabi/13.3.1/../../../../arm-none-eabi/lib/thumb/v6-m/nofp/libg_nano.a(libc_a-memcpy-stub.o)
 .debug_frame   0x00000828       0x20 /Applications/ArmGNUToolchain/13.3.rel1/arm-none-eabi/bin/../lib/gcc/arm-none-eabi/13.3.1/thumb/v6-m/nofp/libgcc.a(_udivsi3.o)
 .debug_frame   0x00000848       0x20 /Applications/ArmGNUToolchain/13.3.rel1/arm-none-eabi/bin/../lib/gcc/arm-none-eabi/13.3.1/thumb/v6-m/nofp/libgcc.a(_divsi3.o)
 .debug_frame   0x00000868       0x38 /Applications/ArmGNUToolchain/13.3.rel1/arm-none-eabi/bin/../lib/gcc/arm-none-eabi/13.3.1/thumb/v6-m/nofp/libgcc.a(mulsf3.o)
 .debug_frame   0x000008a0       0x2c /Applications/ArmGNUToolchain/13.3.rel1/arm-none-eabi/bin/../lib/gcc/arm-none-eabi/13.3.1/thumb/v6-m/nofp/libgcc.a(floatsisf.o)
 .debug_frame   0x000008cc       0x2c /Applications/ArmGNUToolchain/13.3.rel1/arm-none-eabi/bin/../lib/gcc/arm-none-eabi/13.3.1/thumb/v6-m/nofp/libgcc.a(floatunsisf.o)

.debug_info     0x00000000    0x2aa54
 .debug_info    0x00000000     0x75d5 /var/folders/t_/9lzv5v214yg8tqnd_qsbsvwm0000gn/T//ccbvNH3q.ltrans0.ltrans.o
 .debug_info    0x000075d5     0x15ef /var/folders/t_/9lzv5v214yg8tqnd_qsbsvwm0000gn/T//ccOg8qLG.debug.temp.o
                0x000075d5                main.c.ed554d1e
 .debug_info    0x00008bc4      0xeed /var/folders/t_/9lzv5v214yg8tqnd_qsbsvwm0000gn/T//cc9Kt6Eo.debug.temp.o
                0x00008bc4                motorcontrol.c.c00b4cc0
 .debug_info    0x00009ab1      0x4f4 /var/folders/t_/9lzv5v214yg8tqnd_qsbsvwm0000gn/T//ccgizS84.debug.temp.o
                0x00009ab1                pwm_common.c.780c9268
 .debug_info    0x00009fa5     0x160b /var/folders/t_/9lzv5v214yg8tqnd_qsbsvwm0000gn/T//ccestrb5.debug.temp.o
                0x00009fa5                mc_api.c.a208fbb0
 .debug_info    0x0000b5b0     0x16d1 /var/folders/t_/9lzv5v214yg8tqnd_qsbsvwm0000gn/T//cceIFVaE.debug.temp.o
                0x0000b5b0                mc_config.c.4770eabf
 .debug_info    0x0000cc81     0x1154 /var/folders/t_/9lzv5v214yg8tqnd_qsbsvwm0000gn/T//ccBXRzy2.debug.temp.o
                0x0000cc81                mc_config_common.c.a08570d5
 .debug_info    0x0000ddd5      0xa40 /var/folders/t_/9lzv5v214yg8tqnd_qsbsvwm0000gn/T//ccIBkV9C.debug.temp.o
                0x0000ddd5                mcp_config.c.21b301be
 .debug_info    0x0000e815     0x1dd0 /var/folders/t_/9lzv5v214yg8tqnd_qsbsvwm0000gn/T//ccrNGg89.debug.temp.o
                0x0000e815                mc_tasks.c.9d7dfd64
 .debug_info    0x000105e5     0x1e0f /var/folders/t_/9lzv5v214yg8tqnd_qsbsvwm0000gn/T//ccz4C0Rm.debug.temp.o
                0x000105e5                mc_tasks_foc.c.abbf864a
 .debug_info    0x000123f4      0xe0e /var/folders/t_/9lzv5v214yg8tqnd_qsbsvwm0000gn/T//ccbU8iMA.debug.temp.o
                0x000123f4                pwm_curr_fdbk.c.550e248a
 .debug_info    0x00013202     0x104c /var/folders/t_/9lzv5v214yg8tqnd_qsbsvwm0000gn/T//ccDNfaTW.debug.temp.o
                0x00013202                regular_conversion_manager.c.64fb58a3
 .debug_info    0x0001424e      0x45a /var/folders/t_/9lzv5v214yg8tqnd_qsbsvwm0000gn/T//cc6PTCX7.debug.temp.o
                0x0001424e                mc_math.c.c02b2022
 .debug_info    0x000146a8     0x17c5 /var/folders/t_/9lzv5v214yg8tqnd_qsbsvwm0000gn/T//cczaB8Xy.debug.temp.o
                0x000146a8                mc_interface.c.13506977
 .debug_info    0x00015e6d      0xdbe /var/folders/t_/9lzv5v214yg8tqnd_qsbsvwm0000gn/T//cczXjmr7.debug.temp.o
                0x00015e6d                stm32_mc_common_it.c.1c3981da
 .debug_info    0x00016c2b      0xcbf /var/folders/t_/9lzv5v214yg8tqnd_qsbsvwm0000gn/T//ccQ65QbH.debug.temp.o
                0x00016c2b                stm32f0xx_mc_it.c.1657024a
 .debug_info    0x000178ea      0x4c5 /var/folders/t_/9lzv5v214yg8tqnd_qsbsvwm0000gn/T//ccdeAHsy.debug.temp.o
                0x000178ea                mc_parameters.c.5d39ce31
 .debug_info    0x00017daf     0x1a53 /var/folders/t_/9lzv5v214yg8tqnd_qsbsvwm0000gn/T//cchRi9c8.debug.temp.o
                0x00017daf                register_interface.c.6b366297
 .debug_info    0x00019802     0x12cd /var/folders/t_/9lzv5v214yg8tqnd_qsbsvwm0000gn/T//ccj54ezU.debug.temp.o
                0x00019802                mcp.c.374cf1fc
 .debug_info    0x0001aacf     0x1a11 /var/folders/t_/9lzv5v214yg8tqnd_qsbsvwm0000gn/T//cc8HloPy.debug.temp.o
                0x0001aacf                r1_ps_pwm_curr_fdbk.c.e5ccc4b5
 .debug_info    0x0001c4e0      0x62f /var/folders/t_/9lzv5v214yg8tqnd_qsbsvwm0000gn/T//cc4h1vUH.debug.temp.o
                0x0001c4e0                usart_aspep_driver.c.b7d7aa8b
 .debug_info    0x0001cb0f      0x4be /var/folders/t_/9lzv5v214yg8tqnd_qsbsvwm0000gn/T//ccr7RkMl.debug.temp.o
                0x0001cb0f                mc_configuration_registers.c.90c00a3f
 .debug_info    0x0001cfcd      0x904 /var/folders/t_/9lzv5v214yg8tqnd_qsbsvwm0000gn/T//ccoWpfVZ.debug.temp.o
                0x0001cfcd                aspep.c.5367153b
 .debug_info    0x0001d8d1      0x141 /var/folders/t_/9lzv5v214yg8tqnd_qsbsvwm0000gn/T//cc8NHG3F.debug.temp.o
                0x0001d8d1                stm32f0xx_it.c.1ae6ee56
 .debug_info    0x0001da12     0x1166 /var/folders/t_/9lzv5v214yg8tqnd_qsbsvwm0000gn/T//cc5SXkuh.debug.temp.o
                0x0001da12                stm32f0xx_hal_msp.c.bc40d289
 .debug_info    0x0001eb78      0xaa8 /var/folders/t_/9lzv5v214yg8tqnd_qsbsvwm0000gn/T//ccNP8AeF.debug.temp.o
                0x0001eb78                stm32f0xx_hal_adc.c.5fb7e00b
 .debug_info    0x0001f620      0x74a /var/folders/t_/9lzv5v214yg8tqnd_qsbsvwm0000gn/T//ccKdwM0K.debug.temp.o
                0x0001f620                stm32f0xx_hal_rcc.c.16ca5ab8
 .debug_info    0x0001fd6a      0x30c /var/folders/t_/9lzv5v214yg8tqnd_qsbsvwm0000gn/T//ccyVslip.debug.temp.o
                0x0001fd6a                stm32f0xx_hal_rcc_ex.c.ed70752e
 .debug_info    0x00020076      0x549 /var/folders/t_/9lzv5v214yg8tqnd_qsbsvwm0000gn/T//ccqUySQA.debug.temp.o
                0x00020076                stm32f0xx_hal.c.aca89b26
 .debug_info    0x000205bf      0x51c /var/folders/t_/9lzv5v214yg8tqnd_qsbsvwm0000gn/T//ccwnHl00.debug.temp.o
                0x000205bf                stm32f0xx_hal_gpio.c.eaf0b6d6
 .debug_info    0x00020adb      0x5fa /var/folders/t_/9lzv5v214yg8tqnd_qsbsvwm0000gn/T//cc8bXY3r.debug.temp.o
                0x00020adb                stm32f0xx_hal_dma.c.317f338d
 .debug_info    0x000210d5      0x526 /var/folders/t_/9lzv5v214yg8tqnd_qsbsvwm0000gn/T//ccG9m5Od.debug.temp.o
                0x000210d5                stm32f0xx_hal_cortex.c.69b1df89
 .debug_info    0x000215fb     0x20db /var/folders/t_/9lzv5v214yg8tqnd_qsbsvwm0000gn/T//cclhCl1d.debug.temp.o
                0x000215fb                stm32f0xx_hal_tim.c.95ea33f2
 .debug_info    0x000236d6     0x1177 /var/folders/t_/9lzv5v214yg8tqnd_qsbsvwm0000gn/T//ccQsQ46a.debug.temp.o
                0x000236d6                stm32f0xx_hal_tim_ex.c.c3f95fd2
 .debug_info    0x0002484d     0x1904 /var/folders/t_/9lzv5v214yg8tqnd_qsbsvwm0000gn/T//ccJzRKqp.debug.temp.o
                0x0002484d                stm32f0xx_hal_uart.c.22c8fb55
 .debug_info    0x00026151      0x208 /var/folders/t_/9lzv5v214yg8tqnd_qsbsvwm0000gn/T//ccrWZzMd.debug.temp.o
                0x00026151                system_stm32f0xx.c.4bcb25cc
 .debug_info    0x00026359      0x222 /var/folders/t_/9lzv5v214yg8tqnd_qsbsvwm0000gn/T//cc52FnCG.debug.temp.o
                0x00026359                bus_voltage_sensor.c.69c13a8d
 .debug_info    0x0002657b      0x28f /var/folders/t_/9lzv5v214yg8tqnd_qsbsvwm0000gn/T//ccFY2g8Z.debug.temp.o
                0x0002657b                circle_limitation.c.536a9eb5
 .debug_info    0x0002680a      0x980 /var/folders/t_/9lzv5v214yg8tqnd_qsbsvwm0000gn/T//cclM3oho.debug.temp.o
                0x0002680a                enc_align_ctrl.c.976957f9
 .debug_info    0x0002718a      0x799 /var/folders/t_/9lzv5v214yg8tqnd_qsbsvwm0000gn/T//ccNvnX90.debug.temp.o
                0x0002718a                encoder_speed_pos_fdbk.c.e5687781
 .debug_info    0x00027923      0x373 /var/folders/t_/9lzv5v214yg8tqnd_qsbsvwm0000gn/T//ccSaTo2b.debug.temp.o
                0x00027923                ntc_temperature_sensor.c.b5830acf
 .debug_info    0x00027c96      0x604 /var/folders/t_/9lzv5v214yg8tqnd_qsbsvwm0000gn/T//ccKjw4qK.debug.temp.o
                0x00027c96                pid_regulator.c.1159b49b
 .debug_info    0x0002829a      0x448 /var/folders/t_/9lzv5v214yg8tqnd_qsbsvwm0000gn/T//ccf3sJpR.debug.temp.o
                0x0002829a                pqd_motor_power_measurement.c.4e04eb92
 .debug_info    0x000286e2      0x339 /var/folders/t_/9lzv5v214yg8tqnd_qsbsvwm0000gn/T//ccw0V6cs.debug.temp.o
                0x000286e2                r_divider_bus_voltage_sensor.c.6bc444b7
 .debug_info    0x00028a1b      0x346 /var/folders/t_/9lzv5v214yg8tqnd_qsbsvwm0000gn/T//ccfTrKrv.debug.temp.o
                0x00028a1b                ramp_ext_mngr.c.a7384de4
 .debug_info    0x00028d61      0x3bd /var/folders/t_/9lzv5v214yg8tqnd_qsbsvwm0000gn/T//ccEw5BE3.debug.temp.o
                0x00028d61                speed_pos_fdbk.c.d55c84e7
 .debug_info    0x0002911e      0x79c /var/folders/t_/9lzv5v214yg8tqnd_qsbsvwm0000gn/T//ccnE3W80.debug.temp.o
                0x0002911e                speed_torq_ctrl.c.1441073f
 .debug_info    0x000298ba      0x58d /var/folders/t_/9lzv5v214yg8tqnd_qsbsvwm0000gn/T//ccan4MgG.debug.temp.o
                0x000298ba                virtual_speed_sensor.c.1e58f83f
 .debug_info    0x00029e47      0x515 /var/folders/t_/9lzv5v214yg8tqnd_qsbsvwm0000gn/T//ccj0YvuI.debug.temp.o
                0x00029e47                mcpa.c.fa58f1b1
 .debug_info    0x0002a35c      0x144 /var/folders/t_/9lzv5v214yg8tqnd_qsbsvwm0000gn/T//ccxTYPy6.debug.temp.o
                0x0002a35c                sysmem.c.04dde751
 .debug_info    0x0002a4a0      0x584 /var/folders/t_/9lzv5v214yg8tqnd_qsbsvwm0000gn/T//cc55a07s.debug.temp.o
                0x0002a4a0                syscalls.c.599f8c93
 .debug_info    0x0002aa24       0x30 CMakeFiles/test-md-bench.dir/startup_stm32f031x6.s.obj

.debug_abbrev   0x00000000     0x5729
 .debug_abbrev  0x00000000      0x234 /var/folders/t_/9lzv5v214yg8tqnd_qsbsvwm0000gn/T//ccbvNH3q.ltrans0.ltrans.o
 .debug_abbrev  0x00000234      0x29e /var/folders/t_/9lzv5v214yg8tqnd_qsbsvwm0000gn/T//ccOg8qLG.debug.temp.o
 .debug_abbrev  0x000004d2      0x1f5 /var/folders/t_/9lzv5v214yg8tqnd_qsbsvwm0000gn/T//cc9Kt6Eo.debug.temp.o
 .debug_abbrev  0x000006c7      0x170 /var/folders/t_/9lzv5v214yg8tqnd_qsbsvwm0000gn/T//ccgizS84.debug.temp.o
 .debug_abbrev  0x00000837      0x232 /var/folders/t_/9lzv5v214yg8tqnd_qsbsvwm0000gn/T//ccestrb5.debug.temp.o
 .debug_abbrev  0x00000a69      0x1c6 /var/folders/t_/9lzv5v214yg8tqnd_qsbsvwm0000gn/T//cceIFVaE.debug.temp.o
 .debug_abbrev  0x00000c2f      0x178 /var/folders/t_/9lzv5v214yg8tqnd_qsbsvwm0000gn/T//ccBXRzy2.debug.temp.o
 .debug_abbrev  0x00000da7      0x1c5 /var/folders/t_/9lzv5v214yg8tqnd_qsbsvwm0000gn/T//ccIBkV9C.debug.temp.o
 .debug_abbrev  0x00000f6c      0x2b3 /var/folders/t_/9lzv5v214yg8tqnd_qsbsvwm0000gn/T//ccrNGg89.debug.temp.o
 .debug_abbrev  0x0000121f      0x2de /var/folders/t_/9lzv5v214yg8tqnd_qsbsvwm0000gn/T//ccz4C0Rm.debug.temp.o
 .debug_abbrev  0x000014fd      0x245 /var/folders/t_/9lzv5v214yg8tqnd_qsbsvwm0000gn/T//ccbU8iMA.debug.temp.o
 .debug_abbrev  0x00001742      0x26a /var/folders/t_/9lzv5v214yg8tqnd_qsbsvwm0000gn/T//ccDNfaTW.debug.temp.o
 .debug_abbrev  0x000019ac      0x144 /var/folders/t_/9lzv5v214yg8tqnd_qsbsvwm0000gn/T//cc6PTCX7.debug.temp.o
 .debug_abbrev  0x00001af0      0x25e /var/folders/t_/9lzv5v214yg8tqnd_qsbsvwm0000gn/T//cczaB8Xy.debug.temp.o
 .debug_abbrev  0x00001d4e      0x26c /var/folders/t_/9lzv5v214yg8tqnd_qsbsvwm0000gn/T//cczXjmr7.debug.temp.o
 .debug_abbrev  0x00001fba      0x1e5 /var/folders/t_/9lzv5v214yg8tqnd_qsbsvwm0000gn/T//ccQ65QbH.debug.temp.o
 .debug_abbrev  0x0000219f       0xfd /var/folders/t_/9lzv5v214yg8tqnd_qsbsvwm0000gn/T//ccdeAHsy.debug.temp.o
 .debug_abbrev  0x0000229c      0x268 /var/folders/t_/9lzv5v214yg8tqnd_qsbsvwm0000gn/T//cchRi9c8.debug.temp.o
 .debug_abbrev  0x00002504      0x26b /var/folders/t_/9lzv5v214yg8tqnd_qsbsvwm0000gn/T//ccj54ezU.debug.temp.o
 .debug_abbrev  0x0000276f      0x22a /var/folders/t_/9lzv5v214yg8tqnd_qsbsvwm0000gn/T//cc8HloPy.debug.temp.o
 .debug_abbrev  0x00002999      0x17f /var/folders/t_/9lzv5v214yg8tqnd_qsbsvwm0000gn/T//cc4h1vUH.debug.temp.o
 .debug_abbrev  0x00002b18       0xe9 /var/folders/t_/9lzv5v214yg8tqnd_qsbsvwm0000gn/T//ccr7RkMl.debug.temp.o
 .debug_abbrev  0x00002c01      0x1c7 /var/folders/t_/9lzv5v214yg8tqnd_qsbsvwm0000gn/T//ccoWpfVZ.debug.temp.o
 .debug_abbrev  0x00002dc8       0x75 /var/folders/t_/9lzv5v214yg8tqnd_qsbsvwm0000gn/T//cc8NHG3F.debug.temp.o
 .debug_abbrev  0x00002e3d      0x244 /var/folders/t_/9lzv5v214yg8tqnd_qsbsvwm0000gn/T//cc5SXkuh.debug.temp.o
 .debug_abbrev  0x00003081      0x1a5 /var/folders/t_/9lzv5v214yg8tqnd_qsbsvwm0000gn/T//ccNP8AeF.debug.temp.o
 .debug_abbrev  0x00003226      0x208 /var/folders/t_/9lzv5v214yg8tqnd_qsbsvwm0000gn/T//ccKdwM0K.debug.temp.o
 .debug_abbrev  0x0000342e      0x147 /var/folders/t_/9lzv5v214yg8tqnd_qsbsvwm0000gn/T//ccyVslip.debug.temp.o
 .debug_abbrev  0x00003575      0x207 /var/folders/t_/9lzv5v214yg8tqnd_qsbsvwm0000gn/T//ccqUySQA.debug.temp.o
 .debug_abbrev  0x0000377c      0x181 /var/folders/t_/9lzv5v214yg8tqnd_qsbsvwm0000gn/T//ccwnHl00.debug.temp.o
 .debug_abbrev  0x000038fd      0x185 /var/folders/t_/9lzv5v214yg8tqnd_qsbsvwm0000gn/T//cc8bXY3r.debug.temp.o
 .debug_abbrev  0x00003a82      0x1d9 /var/folders/t_/9lzv5v214yg8tqnd_qsbsvwm0000gn/T//ccG9m5Od.debug.temp.o
 .debug_abbrev  0x00003c5b      0x203 /var/folders/t_/9lzv5v214yg8tqnd_qsbsvwm0000gn/T//cclhCl1d.debug.temp.o
 .debug_abbrev  0x00003e5e      0x213 /var/folders/t_/9lzv5v214yg8tqnd_qsbsvwm0000gn/T//ccQsQ46a.debug.temp.o
 .debug_abbrev  0x00004071      0x1e3 /var/folders/t_/9lzv5v214yg8tqnd_qsbsvwm0000gn/T//ccJzRKqp.debug.temp.o
 .debug_abbrev  0x00004254      0x102 /var/folders/t_/9lzv5v214yg8tqnd_qsbsvwm0000gn/T//ccrWZzMd.debug.temp.o
 .debug_abbrev  0x00004356       0xef /var/folders/t_/9lzv5v214yg8tqnd_qsbsvwm0000gn/T//cc52FnCG.debug.temp.o
 .debug_abbrev  0x00004445       0xff /var/folders/t_/9lzv5v214yg8tqnd_qsbsvwm0000gn/T//ccFY2g8Z.debug.temp.o
 .debug_abbrev  0x00004544      0x192 /var/folders/t_/9lzv5v214yg8tqnd_qsbsvwm0000gn/T//cclM3oho.debug.temp.o
 .debug_abbrev  0x000046d6      0x1c4 /var/folders/t_/9lzv5v214yg8tqnd_qsbsvwm0000gn/T//ccNvnX90.debug.temp.o
 .debug_abbrev  0x0000489a      0x161 /var/folders/t_/9lzv5v214yg8tqnd_qsbsvwm0000gn/T//ccSaTo2b.debug.temp.o
 .debug_abbrev  0x000049fb      0x125 /var/folders/t_/9lzv5v214yg8tqnd_qsbsvwm0000gn/T//ccKjw4qK.debug.temp.o
 .debug_abbrev  0x00004b20      0x19b /var/folders/t_/9lzv5v214yg8tqnd_qsbsvwm0000gn/T//ccf3sJpR.debug.temp.o
 .debug_abbrev  0x00004cbb      0x114 /var/folders/t_/9lzv5v214yg8tqnd_qsbsvwm0000gn/T//ccw0V6cs.debug.temp.o
 .debug_abbrev  0x00004dcf      0x153 /var/folders/t_/9lzv5v214yg8tqnd_qsbsvwm0000gn/T//ccfTrKrv.debug.temp.o
 .debug_abbrev  0x00004f22      0x12c /var/folders/t_/9lzv5v214yg8tqnd_qsbsvwm0000gn/T//ccEw5BE3.debug.temp.o
 .debug_abbrev  0x0000504e      0x1a4 /var/folders/t_/9lzv5v214yg8tqnd_qsbsvwm0000gn/T//ccnE3W80.debug.temp.o
 .debug_abbrev  0x000051f2      0x161 /var/folders/t_/9lzv5v214yg8tqnd_qsbsvwm0000gn/T//ccan4MgG.debug.temp.o
 .debug_abbrev  0x00005353      0x1b4 /var/folders/t_/9lzv5v214yg8tqnd_qsbsvwm0000gn/T//ccj0YvuI.debug.temp.o
 .debug_abbrev  0x00005507       0xac /var/folders/t_/9lzv5v214yg8tqnd_qsbsvwm0000gn/T//ccxTYPy6.debug.temp.o
 .debug_abbrev  0x000055b3      0x152 /var/folders/t_/9lzv5v214yg8tqnd_qsbsvwm0000gn/T//cc55a07s.debug.temp.o
 .debug_abbrev  0x00005705       0x24 CMakeFiles/test-md-bench.dir/startup_stm32f031x6.s.obj

.debug_loclists
                0x00000000     0x6adf
 .debug_loclists
                0x00000000     0x6adf /var/folders/t_/9lzv5v214yg8tqnd_qsbsvwm0000gn/T//ccbvNH3q.ltrans0.ltrans.o

.debug_aranges  0x00000000      0x288
 .debug_aranges
                0x00000000      0x260 /var/folders/t_/9lzv5v214yg8tqnd_qsbsvwm0000gn/T//ccbvNH3q.ltrans0.ltrans.o
 .debug_aranges
                0x00000260       0x28 CMakeFiles/test-md-bench.dir/startup_stm32f031x6.s.obj

.debug_rnglists
                0x00000000     0x116a
 .debug_rnglists
                0x00000000     0x1151 /var/folders/t_/9lzv5v214yg8tqnd_qsbsvwm0000gn/T//ccbvNH3q.ltrans0.ltrans.o
 .debug_rnglists
                0x00001151       0x19 CMakeFiles/test-md-bench.dir/startup_stm32f031x6.s.obj

.debug_line     0x00000000     0xca78
 .debug_line    0x00000000     0x7b9f /var/folders/t_/9lzv5v214yg8tqnd_qsbsvwm0000gn/T//ccbvNH3q.ltrans0.ltrans.o
 .debug_line    0x00007b9f      0x201 /var/folders/t_/9lzv5v214yg8tqnd_qsbsvwm0000gn/T//ccOg8qLG.debug.temp.o
 .debug_line    0x00007da0      0x20b /var/folders/t_/9lzv5v214yg8tqnd_qsbsvwm0000gn/T//cc9Kt6Eo.debug.temp.o
 .debug_line    0x00007fab      0x167 /var/folders/t_/9lzv5v214yg8tqnd_qsbsvwm0000gn/T//ccgizS84.debug.temp.o
 .debug_line    0x00008112      0x1e3 /var/folders/t_/9lzv5v214yg8tqnd_qsbsvwm0000gn/T//ccestrb5.debug.temp.o
 .debug_line    0x000082f5      0x206 /var/folders/t_/9lzv5v214yg8tqnd_qsbsvwm0000gn/T//cceIFVaE.debug.temp.o
 .debug_line    0x000084fb      0x206 /var/folders/t_/9lzv5v214yg8tqnd_qsbsvwm0000gn/T//ccBXRzy2.debug.temp.o
 .debug_line    0x00008701      0x1a2 /var/folders/t_/9lzv5v214yg8tqnd_qsbsvwm0000gn/T//ccIBkV9C.debug.temp.o
 .debug_line    0x000088a3      0x233 /var/folders/t_/9lzv5v214yg8tqnd_qsbsvwm0000gn/T//ccrNGg89.debug.temp.o
 .debug_line    0x00008ad6      0x233 /var/folders/t_/9lzv5v214yg8tqnd_qsbsvwm0000gn/T//ccz4C0Rm.debug.temp.o
 .debug_line    0x00008d09      0x16c /var/folders/t_/9lzv5v214yg8tqnd_qsbsvwm0000gn/T//ccbU8iMA.debug.temp.o
 .debug_line    0x00008e75      0x1d4 /var/folders/t_/9lzv5v214yg8tqnd_qsbsvwm0000gn/T//ccDNfaTW.debug.temp.o
 .debug_line    0x00009049      0x167 /var/folders/t_/9lzv5v214yg8tqnd_qsbsvwm0000gn/T//cc6PTCX7.debug.temp.o
 .debug_line    0x000091b0      0x1fc /var/folders/t_/9lzv5v214yg8tqnd_qsbsvwm0000gn/T//cczaB8Xy.debug.temp.o
 .debug_line    0x000093ac      0x224 /var/folders/t_/9lzv5v214yg8tqnd_qsbsvwm0000gn/T//cczXjmr7.debug.temp.o
 .debug_line    0x000095d0      0x206 /var/folders/t_/9lzv5v214yg8tqnd_qsbsvwm0000gn/T//ccQ65QbH.debug.temp.o
 .debug_line    0x000097d6      0x201 /var/folders/t_/9lzv5v214yg8tqnd_qsbsvwm0000gn/T//ccdeAHsy.debug.temp.o
 .debug_line    0x000099d7      0x256 /var/folders/t_/9lzv5v214yg8tqnd_qsbsvwm0000gn/T//cchRi9c8.debug.temp.o
 .debug_line    0x00009c2d      0x21a /var/folders/t_/9lzv5v214yg8tqnd_qsbsvwm0000gn/T//ccj54ezU.debug.temp.o
 .debug_line    0x00009e47      0x171 /var/folders/t_/9lzv5v214yg8tqnd_qsbsvwm0000gn/T//cc8HloPy.debug.temp.o
 .debug_line    0x00009fb8      0x193 /var/folders/t_/9lzv5v214yg8tqnd_qsbsvwm0000gn/T//cc4h1vUH.debug.temp.o
 .debug_line    0x0000a14b      0x1bb /var/folders/t_/9lzv5v214yg8tqnd_qsbsvwm0000gn/T//ccr7RkMl.debug.temp.o
 .debug_line    0x0000a306      0x18e /var/folders/t_/9lzv5v214yg8tqnd_qsbsvwm0000gn/T//ccoWpfVZ.debug.temp.o
 .debug_line    0x0000a494      0x206 /var/folders/t_/9lzv5v214yg8tqnd_qsbsvwm0000gn/T//cc8NHG3F.debug.temp.o
 .debug_line    0x0000a69a      0x201 /var/folders/t_/9lzv5v214yg8tqnd_qsbsvwm0000gn/T//cc5SXkuh.debug.temp.o
 .debug_line    0x0000a89b      0x121 /var/folders/t_/9lzv5v214yg8tqnd_qsbsvwm0000gn/T//ccNP8AeF.debug.temp.o
 .debug_line    0x0000a9bc      0x121 /var/folders/t_/9lzv5v214yg8tqnd_qsbsvwm0000gn/T//ccKdwM0K.debug.temp.o
 .debug_line    0x0000aadd      0x121 /var/folders/t_/9lzv5v214yg8tqnd_qsbsvwm0000gn/T//ccyVslip.debug.temp.o
 .debug_line    0x0000abfe      0x121 /var/folders/t_/9lzv5v214yg8tqnd_qsbsvwm0000gn/T//ccqUySQA.debug.temp.o
 .debug_line    0x0000ad1f      0x121 /var/folders/t_/9lzv5v214yg8tqnd_qsbsvwm0000gn/T//ccwnHl00.debug.temp.o
 .debug_line    0x0000ae40      0x121 /var/folders/t_/9lzv5v214yg8tqnd_qsbsvwm0000gn/T//cc8bXY3r.debug.temp.o
 .debug_line    0x0000af61      0x121 /var/folders/t_/9lzv5v214yg8tqnd_qsbsvwm0000gn/T//ccG9m5Od.debug.temp.o
 .debug_line    0x0000b082      0x121 /var/folders/t_/9lzv5v214yg8tqnd_qsbsvwm0000gn/T//cclhCl1d.debug.temp.o
 .debug_line    0x0000b1a3      0x121 /var/folders/t_/9lzv5v214yg8tqnd_qsbsvwm0000gn/T//ccQsQ46a.debug.temp.o
 .debug_line    0x0000b2c4      0x121 /var/folders/t_/9lzv5v214yg8tqnd_qsbsvwm0000gn/T//ccJzRKqp.debug.temp.o
 .debug_line    0x0000b3e5      0x121 /var/folders/t_/9lzv5v214yg8tqnd_qsbsvwm0000gn/T//ccrWZzMd.debug.temp.o
 .debug_line    0x0000b506      0x16b /var/folders/t_/9lzv5v214yg8tqnd_qsbsvwm0000gn/T//cc52FnCG.debug.temp.o
 .debug_line    0x0000b671      0x170 /var/folders/t_/9lzv5v214yg8tqnd_qsbsvwm0000gn/T//ccFY2g8Z.debug.temp.o
 .debug_line    0x0000b7e1      0x184 /var/folders/t_/9lzv5v214yg8tqnd_qsbsvwm0000gn/T//cclM3oho.debug.temp.o
 .debug_line    0x0000b965      0x170 /var/folders/t_/9lzv5v214yg8tqnd_qsbsvwm0000gn/T//ccNvnX90.debug.temp.o
 .debug_line    0x0000bad5      0x16b /var/folders/t_/9lzv5v214yg8tqnd_qsbsvwm0000gn/T//ccSaTo2b.debug.temp.o
 .debug_line    0x0000bc40      0x16b /var/folders/t_/9lzv5v214yg8tqnd_qsbsvwm0000gn/T//ccKjw4qK.debug.temp.o
 .debug_line    0x0000bdab      0x170 /var/folders/t_/9lzv5v214yg8tqnd_qsbsvwm0000gn/T//ccf3sJpR.debug.temp.o
 .debug_line    0x0000bf1b      0x175 /var/folders/t_/9lzv5v214yg8tqnd_qsbsvwm0000gn/T//ccw0V6cs.debug.temp.o
 .debug_line    0x0000c090      0x16b /var/folders/t_/9lzv5v214yg8tqnd_qsbsvwm0000gn/T//ccfTrKrv.debug.temp.o
 .debug_line    0x0000c1fb      0x16b /var/folders/t_/9lzv5v214yg8tqnd_qsbsvwm0000gn/T//ccEw5BE3.debug.temp.o
 .debug_line    0x0000c366      0x175 /var/folders/t_/9lzv5v214yg8tqnd_qsbsvwm0000gn/T//ccnE3W80.debug.temp.o
 .debug_line    0x0000c4db      0x170 /var/folders/t_/9lzv5v214yg8tqnd_qsbsvwm0000gn/T//ccan4MgG.debug.temp.o
 .debug_line    0x0000c64b      0x1de /var/folders/t_/9lzv5v214yg8tqnd_qsbsvwm0000gn/T//ccj0YvuI.debug.temp.o
 .debug_line    0x0000c829       0xa9 /var/folders/t_/9lzv5v214yg8tqnd_qsbsvwm0000gn/T//ccxTYPy6.debug.temp.o
 .debug_line    0x0000c8d2      0x12b /var/folders/t_/9lzv5v214yg8tqnd_qsbsvwm0000gn/T//cc55a07s.debug.temp.o
 .debug_line    0x0000c9fd       0x7b CMakeFiles/test-md-bench.dir/startup_stm32f031x6.s.obj

.debug_str      0x00000000    0x86c58
 .debug_str     0x00000000      0x1f2 /var/folders/t_/9lzv5v214yg8tqnd_qsbsvwm0000gn/T//ccbvNH3q.ltrans0.ltrans.o
 .debug_str     0x00000000    0x75664 /var/folders/t_/9lzv5v214yg8tqnd_qsbsvwm0000gn/T//ccOg8qLG.debug.temp.o
 .debug_str     0x00000000    0x754c2 /var/folders/t_/9lzv5v214yg8tqnd_qsbsvwm0000gn/T//cc9Kt6Eo.debug.temp.o
 .debug_str     0x00000000    0x6fb00 /var/folders/t_/9lzv5v214yg8tqnd_qsbsvwm0000gn/T//ccgizS84.debug.temp.o
 .debug_str     0x00000000    0x71996 /var/folders/t_/9lzv5v214yg8tqnd_qsbsvwm0000gn/T//ccestrb5.debug.temp.o
 .debug_str     0x00000000    0x757a3 /var/folders/t_/9lzv5v214yg8tqnd_qsbsvwm0000gn/T//cceIFVaE.debug.temp.o
 .debug_str     0x00000000    0x753a0 /var/folders/t_/9lzv5v214yg8tqnd_qsbsvwm0000gn/T//ccBXRzy2.debug.temp.o
 .debug_str     0x00000000    0x74803 /var/folders/t_/9lzv5v214yg8tqnd_qsbsvwm0000gn/T//ccIBkV9C.debug.temp.o
 .debug_str     0x00000000    0x76978 /var/folders/t_/9lzv5v214yg8tqnd_qsbsvwm0000gn/T//ccrNGg89.debug.temp.o
 .debug_str     0x00000000    0x767ec /var/folders/t_/9lzv5v214yg8tqnd_qsbsvwm0000gn/T//ccz4C0Rm.debug.temp.o
 .debug_str     0x00000000    0x72598 /var/folders/t_/9lzv5v214yg8tqnd_qsbsvwm0000gn/T//ccbU8iMA.debug.temp.o
 .debug_str     0x00000000    0x70b30 /var/folders/t_/9lzv5v214yg8tqnd_qsbsvwm0000gn/T//ccDNfaTW.debug.temp.o
 .debug_str     0x00000000    0x7250c /var/folders/t_/9lzv5v214yg8tqnd_qsbsvwm0000gn/T//cc6PTCX7.debug.temp.o
 .debug_str     0x00000000    0x754b9 /var/folders/t_/9lzv5v214yg8tqnd_qsbsvwm0000gn/T//cczaB8Xy.debug.temp.o
 .debug_str     0x00000000    0x75908 /var/folders/t_/9lzv5v214yg8tqnd_qsbsvwm0000gn/T//cczXjmr7.debug.temp.o
 .debug_str     0x00000000    0x74b63 /var/folders/t_/9lzv5v214yg8tqnd_qsbsvwm0000gn/T//ccQ65QbH.debug.temp.o
 .debug_str     0x00000000    0x74736 /var/folders/t_/9lzv5v214yg8tqnd_qsbsvwm0000gn/T//ccdeAHsy.debug.temp.o
 .debug_str     0x00000000    0x7b8d3 /var/folders/t_/9lzv5v214yg8tqnd_qsbsvwm0000gn/T//cchRi9c8.debug.temp.o
 .debug_str     0x00000000    0x78844 /var/folders/t_/9lzv5v214yg8tqnd_qsbsvwm0000gn/T//ccj54ezU.debug.temp.o
 .debug_str     0x00000000    0x70c2b /var/folders/t_/9lzv5v214yg8tqnd_qsbsvwm0000gn/T//cc8HloPy.debug.temp.o
 .debug_str     0x00000000    0x73f28 /var/folders/t_/9lzv5v214yg8tqnd_qsbsvwm0000gn/T//cc4h1vUH.debug.temp.o
 .debug_str     0x00000000    0x7760e /var/folders/t_/9lzv5v214yg8tqnd_qsbsvwm0000gn/T//ccr7RkMl.debug.temp.o
 .debug_str     0x00000000    0x74227 /var/folders/t_/9lzv5v214yg8tqnd_qsbsvwm0000gn/T//ccoWpfVZ.debug.temp.o
 .debug_str     0x00000000    0x7456d /var/folders/t_/9lzv5v214yg8tqnd_qsbsvwm0000gn/T//cc8NHG3F.debug.temp.o
 .debug_str     0x00000000    0x751cd /var/folders/t_/9lzv5v214yg8tqnd_qsbsvwm0000gn/T//cc5SXkuh.debug.temp.o
 .debug_str     0x00000000    0x634d8 /var/folders/t_/9lzv5v214yg8tqnd_qsbsvwm0000gn/T//ccNP8AeF.debug.temp.o
 .debug_str     0x00000000    0x63207 /var/folders/t_/9lzv5v214yg8tqnd_qsbsvwm0000gn/T//ccKdwM0K.debug.temp.o
 .debug_str     0x00000000    0x62f14 /var/folders/t_/9lzv5v214yg8tqnd_qsbsvwm0000gn/T//ccyVslip.debug.temp.o
 .debug_str     0x00000000    0x6333d /var/folders/t_/9lzv5v214yg8tqnd_qsbsvwm0000gn/T//ccqUySQA.debug.temp.o
 .debug_str     0x00000000    0x62f6c /var/folders/t_/9lzv5v214yg8tqnd_qsbsvwm0000gn/T//ccwnHl00.debug.temp.o
 .debug_str     0x00000000    0x63171 /var/folders/t_/9lzv5v214yg8tqnd_qsbsvwm0000gn/T//cc8bXY3r.debug.temp.o
 .debug_str     0x00000000    0x6312e /var/folders/t_/9lzv5v214yg8tqnd_qsbsvwm0000gn/T//ccG9m5Od.debug.temp.o
 .debug_str     0x00000000    0x641e1 /var/folders/t_/9lzv5v214yg8tqnd_qsbsvwm0000gn/T//cclhCl1d.debug.temp.o
 .debug_str     0x00000000    0x639ed /var/folders/t_/9lzv5v214yg8tqnd_qsbsvwm0000gn/T//ccQsQ46a.debug.temp.o
 .debug_str     0x00000000    0x63b2f /var/folders/t_/9lzv5v214yg8tqnd_qsbsvwm0000gn/T//ccJzRKqp.debug.temp.o
 .debug_str     0x00000000    0x62dc6 /var/folders/t_/9lzv5v214yg8tqnd_qsbsvwm0000gn/T//ccrWZzMd.debug.temp.o
 .debug_str     0x00000000    0x6f9af /var/folders/t_/9lzv5v214yg8tqnd_qsbsvwm0000gn/T//cc52FnCG.debug.temp.o
 .debug_str     0x00000000    0x71cba /var/folders/t_/9lzv5v214yg8tqnd_qsbsvwm0000gn/T//ccFY2g8Z.debug.temp.o
 .debug_str     0x00000000    0x70151 /var/folders/t_/9lzv5v214yg8tqnd_qsbsvwm0000gn/T//cclM3oho.debug.temp.o
 .debug_str     0x00000000    0x6fe4e /var/folders/t_/9lzv5v214yg8tqnd_qsbsvwm0000gn/T//ccNvnX90.debug.temp.o
 .debug_str     0x00000000    0x6fa80 /var/folders/t_/9lzv5v214yg8tqnd_qsbsvwm0000gn/T//ccSaTo2b.debug.temp.o
 .debug_str     0x00000000    0x6fc7d /var/folders/t_/9lzv5v214yg8tqnd_qsbsvwm0000gn/T//ccKjw4qK.debug.temp.o
 .debug_str     0x00000000    0x6fafd /var/folders/t_/9lzv5v214yg8tqnd_qsbsvwm0000gn/T//ccf3sJpR.debug.temp.o
 .debug_str     0x00000000    0x6face /var/folders/t_/9lzv5v214yg8tqnd_qsbsvwm0000gn/T//ccw0V6cs.debug.temp.o
 .debug_str     0x00000000    0x6fa3c /var/folders/t_/9lzv5v214yg8tqnd_qsbsvwm0000gn/T//ccfTrKrv.debug.temp.o
 .debug_str     0x00000000    0x6fb3c /var/folders/t_/9lzv5v214yg8tqnd_qsbsvwm0000gn/T//ccEw5BE3.debug.temp.o
 .debug_str     0x00000000    0x6ffb0 /var/folders/t_/9lzv5v214yg8tqnd_qsbsvwm0000gn/T//ccnE3W80.debug.temp.o
 .debug_str     0x00000000    0x6fd07 /var/folders/t_/9lzv5v214yg8tqnd_qsbsvwm0000gn/T//ccan4MgG.debug.temp.o
 .debug_str     0x00000000    0x75b68 /var/folders/t_/9lzv5v214yg8tqnd_qsbsvwm0000gn/T//ccj0YvuI.debug.temp.o
 .debug_str     0x00000000     0x7096 /var/folders/t_/9lzv5v214yg8tqnd_qsbsvwm0000gn/T//ccxTYPy6.debug.temp.o
 .debug_str     0x00000000     0x939d /var/folders/t_/9lzv5v214yg8tqnd_qsbsvwm0000gn/T//cc55a07s.debug.temp.o
 .debug_str     0x00000000    0x86c58 CMakeFiles/test-md-bench.dir/startup_stm32f031x6.s.obj
                                 0xb2 (size before relaxing)

.debug_macro    0x00000000    0x1be85
 .debug_macro   0x00000000      0x3bd /var/folders/t_/9lzv5v214yg8tqnd_qsbsvwm0000gn/T//ccOg8qLG.debug.temp.o
 .debug_macro   0x000003bd      0xaba /var/folders/t_/9lzv5v214yg8tqnd_qsbsvwm0000gn/T//ccOg8qLG.debug.temp.o
 .debug_macro   0x00000e77      0x139 /var/folders/t_/9lzv5v214yg8tqnd_qsbsvwm0000gn/T//ccOg8qLG.debug.temp.o
 .debug_macro   0x00000fb0       0x2e /var/folders/t_/9lzv5v214yg8tqnd_qsbsvwm0000gn/T//ccOg8qLG.debug.temp.o
 .debug_macro   0x00000fde       0x22 /var/folders/t_/9lzv5v214yg8tqnd_qsbsvwm0000gn/T//ccOg8qLG.debug.temp.o
 .debug_macro   0x00001000       0x22 /var/folders/t_/9lzv5v214yg8tqnd_qsbsvwm0000gn/T//ccOg8qLG.debug.temp.o
 .debug_macro   0x00001022       0x8e /var/folders/t_/9lzv5v214yg8tqnd_qsbsvwm0000gn/T//ccOg8qLG.debug.temp.o
 .debug_macro   0x000010b0       0x51 /var/folders/t_/9lzv5v214yg8tqnd_qsbsvwm0000gn/T//ccOg8qLG.debug.temp.o
 .debug_macro   0x00001101      0x103 /var/folders/t_/9lzv5v214yg8tqnd_qsbsvwm0000gn/T//ccOg8qLG.debug.temp.o
 .debug_macro   0x00001204       0x6a /var/folders/t_/9lzv5v214yg8tqnd_qsbsvwm0000gn/T//ccOg8qLG.debug.temp.o
 .debug_macro   0x0000126e      0x1df /var/folders/t_/9lzv5v214yg8tqnd_qsbsvwm0000gn/T//ccOg8qLG.debug.temp.o
 .debug_macro   0x0000144d       0x1c /var/folders/t_/9lzv5v214yg8tqnd_qsbsvwm0000gn/T//ccOg8qLG.debug.temp.o
 .debug_macro   0x00001469       0x22 /var/folders/t_/9lzv5v214yg8tqnd_qsbsvwm0000gn/T//ccOg8qLG.debug.temp.o
 .debug_macro   0x0000148b       0xaf /var/folders/t_/9lzv5v214yg8tqnd_qsbsvwm0000gn/T//ccOg8qLG.debug.temp.o
 .debug_macro   0x0000153a      0x391 /var/folders/t_/9lzv5v214yg8tqnd_qsbsvwm0000gn/T//ccOg8qLG.debug.temp.o
 .debug_macro   0x000018cb     0x754b /var/folders/t_/9lzv5v214yg8tqnd_qsbsvwm0000gn/T//ccOg8qLG.debug.temp.o
 .debug_macro   0x00008e16       0x66 /var/folders/t_/9lzv5v214yg8tqnd_qsbsvwm0000gn/T//ccOg8qLG.debug.temp.o
 .debug_macro   0x00008e7c     0x34da /var/folders/t_/9lzv5v214yg8tqnd_qsbsvwm0000gn/T//ccOg8qLG.debug.temp.o
 .debug_macro   0x0000c356      0x190 /var/folders/t_/9lzv5v214yg8tqnd_qsbsvwm0000gn/T//ccOg8qLG.debug.temp.o
 .debug_macro   0x0000c4e6       0x55 /var/folders/t_/9lzv5v214yg8tqnd_qsbsvwm0000gn/T//ccOg8qLG.debug.temp.o
 .debug_macro   0x0000c53b      0x924 /var/folders/t_/9lzv5v214yg8tqnd_qsbsvwm0000gn/T//ccOg8qLG.debug.temp.o
 .debug_macro   0x0000ce5f       0xe5 /var/folders/t_/9lzv5v214yg8tqnd_qsbsvwm0000gn/T//ccOg8qLG.debug.temp.o
 .debug_macro   0x0000cf44      0x1ae /var/folders/t_/9lzv5v214yg8tqnd_qsbsvwm0000gn/T//ccOg8qLG.debug.temp.o
 .debug_macro   0x0000d0f2       0xce /var/folders/t_/9lzv5v214yg8tqnd_qsbsvwm0000gn/T//ccOg8qLG.debug.temp.o
 .debug_macro   0x0000d1c0      0x199 /var/folders/t_/9lzv5v214yg8tqnd_qsbsvwm0000gn/T//ccOg8qLG.debug.temp.o
 .debug_macro   0x0000d359      0x1ed /var/folders/t_/9lzv5v214yg8tqnd_qsbsvwm0000gn/T//ccOg8qLG.debug.temp.o
 .debug_macro   0x0000d546       0x34 /var/folders/t_/9lzv5v214yg8tqnd_qsbsvwm0000gn/T//ccOg8qLG.debug.temp.o
 .debug_macro   0x0000d57a       0x43 /var/folders/t_/9lzv5v214yg8tqnd_qsbsvwm0000gn/T//ccOg8qLG.debug.temp.o
 .debug_macro   0x0000d5bd       0x28 /var/folders/t_/9lzv5v214yg8tqnd_qsbsvwm0000gn/T//ccOg8qLG.debug.temp.o
 .debug_macro   0x0000d5e5      0x33d /var/folders/t_/9lzv5v214yg8tqnd_qsbsvwm0000gn/T//ccOg8qLG.debug.temp.o
 .debug_macro   0x0000d922       0xd4 /var/folders/t_/9lzv5v214yg8tqnd_qsbsvwm0000gn/T//ccOg8qLG.debug.temp.o
 .debug_macro   0x0000d9f6       0xb0 /var/folders/t_/9lzv5v214yg8tqnd_qsbsvwm0000gn/T//ccOg8qLG.debug.temp.o
 .debug_macro   0x0000daa6      0x15a /var/folders/t_/9lzv5v214yg8tqnd_qsbsvwm0000gn/T//ccOg8qLG.debug.temp.o
 .debug_macro   0x0000dc00      0x22c /var/folders/t_/9lzv5v214yg8tqnd_qsbsvwm0000gn/T//ccOg8qLG.debug.temp.o
 .debug_macro   0x0000de2c       0x61 /var/folders/t_/9lzv5v214yg8tqnd_qsbsvwm0000gn/T//ccOg8qLG.debug.temp.o
 .debug_macro   0x0000de8d       0xa5 /var/folders/t_/9lzv5v214yg8tqnd_qsbsvwm0000gn/T//ccOg8qLG.debug.temp.o
 .debug_macro   0x0000df32       0x4c /var/folders/t_/9lzv5v214yg8tqnd_qsbsvwm0000gn/T//ccOg8qLG.debug.temp.o
 .debug_macro   0x0000df7e      0x112 /var/folders/t_/9lzv5v214yg8tqnd_qsbsvwm0000gn/T//ccOg8qLG.debug.temp.o
 .debug_macro   0x0000e090      0x8f4 /var/folders/t_/9lzv5v214yg8tqnd_qsbsvwm0000gn/T//ccOg8qLG.debug.temp.o
 .debug_macro   0x0000e984       0x28 /var/folders/t_/9lzv5v214yg8tqnd_qsbsvwm0000gn/T//ccOg8qLG.debug.temp.o
 .debug_macro   0x0000e9ac      0x5ba /var/folders/t_/9lzv5v214yg8tqnd_qsbsvwm0000gn/T//ccOg8qLG.debug.temp.o
 .debug_macro   0x0000ef66       0x3e /var/folders/t_/9lzv5v214yg8tqnd_qsbsvwm0000gn/T//ccOg8qLG.debug.temp.o
 .debug_macro   0x0000efa4      0x106 /var/folders/t_/9lzv5v214yg8tqnd_qsbsvwm0000gn/T//ccOg8qLG.debug.temp.o
 .debug_macro   0x0000f0aa       0x22 /var/folders/t_/9lzv5v214yg8tqnd_qsbsvwm0000gn/T//ccOg8qLG.debug.temp.o
 .debug_macro   0x0000f0cc       0x10 /var/folders/t_/9lzv5v214yg8tqnd_qsbsvwm0000gn/T//ccOg8qLG.debug.temp.o
 .debug_macro   0x0000f0dc       0xab /var/folders/t_/9lzv5v214yg8tqnd_qsbsvwm0000gn/T//ccOg8qLG.debug.temp.o
 .debug_macro   0x0000f187      0x40c /var/folders/t_/9lzv5v214yg8tqnd_qsbsvwm0000gn/T//ccOg8qLG.debug.temp.o
 .debug_macro   0x0000f593      0x184 /var/folders/t_/9lzv5v214yg8tqnd_qsbsvwm0000gn/T//ccOg8qLG.debug.temp.o
 .debug_macro   0x0000f717      0x5cf /var/folders/t_/9lzv5v214yg8tqnd_qsbsvwm0000gn/T//ccOg8qLG.debug.temp.o
 .debug_macro   0x0000fce6      0x5bd /var/folders/t_/9lzv5v214yg8tqnd_qsbsvwm0000gn/T//ccOg8qLG.debug.temp.o
 .debug_macro   0x000102a3      0x11f /var/folders/t_/9lzv5v214yg8tqnd_qsbsvwm0000gn/T//ccOg8qLG.debug.temp.o
 .debug_macro   0x000103c2      0x2e2 /var/folders/t_/9lzv5v214yg8tqnd_qsbsvwm0000gn/T//ccOg8qLG.debug.temp.o
 .debug_macro   0x000106a4      0x215 /var/folders/t_/9lzv5v214yg8tqnd_qsbsvwm0000gn/T//ccOg8qLG.debug.temp.o
 .debug_macro   0x000108b9       0x34 /var/folders/t_/9lzv5v214yg8tqnd_qsbsvwm0000gn/T//ccOg8qLG.debug.temp.o
 .debug_macro   0x000108ed      0x1f0 /var/folders/t_/9lzv5v214yg8tqnd_qsbsvwm0000gn/T//ccOg8qLG.debug.temp.o
 .debug_macro   0x00010add       0x2e /var/folders/t_/9lzv5v214yg8tqnd_qsbsvwm0000gn/T//ccOg8qLG.debug.temp.o
 .debug_macro   0x00010b0b      0x114 /var/folders/t_/9lzv5v214yg8tqnd_qsbsvwm0000gn/T//ccOg8qLG.debug.temp.o
 .debug_macro   0x00010c1f       0x1c /var/folders/t_/9lzv5v214yg8tqnd_qsbsvwm0000gn/T//ccOg8qLG.debug.temp.o
 .debug_macro   0x00010c3b       0x22 /var/folders/t_/9lzv5v214yg8tqnd_qsbsvwm0000gn/T//ccOg8qLG.debug.temp.o
 .debug_macro   0x00010c5d       0x84 /var/folders/t_/9lzv5v214yg8tqnd_qsbsvwm0000gn/T//ccOg8qLG.debug.temp.o
 .debug_macro   0x00010ce1       0x64 /var/folders/t_/9lzv5v214yg8tqnd_qsbsvwm0000gn/T//ccOg8qLG.debug.temp.o
 .debug_macro   0x00010d45       0x46 /var/folders/t_/9lzv5v214yg8tqnd_qsbsvwm0000gn/T//ccOg8qLG.debug.temp.o
 .debug_macro   0x00010d8b      0x169 /var/folders/t_/9lzv5v214yg8tqnd_qsbsvwm0000gn/T//ccOg8qLG.debug.temp.o
 .debug_macro   0x00010ef4       0x58 /var/folders/t_/9lzv5v214yg8tqnd_qsbsvwm0000gn/T//ccOg8qLG.debug.temp.o
 .debug_macro   0x00010f4c      0x236 /var/folders/t_/9lzv5v214yg8tqnd_qsbsvwm0000gn/T//ccOg8qLG.debug.temp.o
 .debug_macro   0x00011182       0xd6 /var/folders/t_/9lzv5v214yg8tqnd_qsbsvwm0000gn/T//ccOg8qLG.debug.temp.o
 .debug_macro   0x00011258      0x3de /var/folders/t_/9lzv5v214yg8tqnd_qsbsvwm0000gn/T//cc9Kt6Eo.debug.temp.o
 .debug_macro   0x00011636       0x1c /var/folders/t_/9lzv5v214yg8tqnd_qsbsvwm0000gn/T//cc9Kt6Eo.debug.temp.o
 .debug_macro   0x00011652      0x26e /var/folders/t_/9lzv5v214yg8tqnd_qsbsvwm0000gn/T//ccgizS84.debug.temp.o
 .debug_macro   0x000118c0       0xa5 /var/folders/t_/9lzv5v214yg8tqnd_qsbsvwm0000gn/T//ccgizS84.debug.temp.o
 .debug_macro   0x00011965      0x37e /var/folders/t_/9lzv5v214yg8tqnd_qsbsvwm0000gn/T//ccestrb5.debug.temp.o
 .debug_macro   0x00011ce3       0x34 /var/folders/t_/9lzv5v214yg8tqnd_qsbsvwm0000gn/T//ccestrb5.debug.temp.o
 .debug_macro   0x00011d17       0x1c /var/folders/t_/9lzv5v214yg8tqnd_qsbsvwm0000gn/T//ccestrb5.debug.temp.o
 .debug_macro   0x00011d33       0xd0 /var/folders/t_/9lzv5v214yg8tqnd_qsbsvwm0000gn/T//ccestrb5.debug.temp.o
 .debug_macro   0x00011e03      0x3db /var/folders/t_/9lzv5v214yg8tqnd_qsbsvwm0000gn/T//cceIFVaE.debug.temp.o
 .debug_macro   0x000121de      0x3cf /var/folders/t_/9lzv5v214yg8tqnd_qsbsvwm0000gn/T//ccBXRzy2.debug.temp.o
 .debug_macro   0x000125ad      0x2f6 /var/folders/t_/9lzv5v214yg8tqnd_qsbsvwm0000gn/T//ccIBkV9C.debug.temp.o
 .debug_macro   0x000128a3       0x7e /var/folders/t_/9lzv5v214yg8tqnd_qsbsvwm0000gn/T//ccIBkV9C.debug.temp.o
 .debug_macro   0x00012921       0x7c /var/folders/t_/9lzv5v214yg8tqnd_qsbsvwm0000gn/T//ccIBkV9C.debug.temp.o
 .debug_macro   0x0001299d       0x52 /var/folders/t_/9lzv5v214yg8tqnd_qsbsvwm0000gn/T//ccIBkV9C.debug.temp.o
 .debug_macro   0x000129ef      0x464 /var/folders/t_/9lzv5v214yg8tqnd_qsbsvwm0000gn/T//ccrNGg89.debug.temp.o
 .debug_macro   0x00012e53       0x16 /var/folders/t_/9lzv5v214yg8tqnd_qsbsvwm0000gn/T//ccrNGg89.debug.temp.o
 .debug_macro   0x00012e69       0x10 /var/folders/t_/9lzv5v214yg8tqnd_qsbsvwm0000gn/T//ccrNGg89.debug.temp.o
 .debug_macro   0x00012e79      0x45e /var/folders/t_/9lzv5v214yg8tqnd_qsbsvwm0000gn/T//ccz4C0Rm.debug.temp.o
 .debug_macro   0x000132d7      0x27a /var/folders/t_/9lzv5v214yg8tqnd_qsbsvwm0000gn/T//ccbU8iMA.debug.temp.o
 .debug_macro   0x00013551      0x35e /var/folders/t_/9lzv5v214yg8tqnd_qsbsvwm0000gn/T//ccDNfaTW.debug.temp.o
 .debug_macro   0x000138af      0x29b /var/folders/t_/9lzv5v214yg8tqnd_qsbsvwm0000gn/T//cc6PTCX7.debug.temp.o
 .debug_macro   0x00013b4a      0x3c8 /var/folders/t_/9lzv5v214yg8tqnd_qsbsvwm0000gn/T//cczaB8Xy.debug.temp.o
 .debug_macro   0x00013f12      0x428 /var/folders/t_/9lzv5v214yg8tqnd_qsbsvwm0000gn/T//cczXjmr7.debug.temp.o
 .debug_macro   0x0001433a       0xef /var/folders/t_/9lzv5v214yg8tqnd_qsbsvwm0000gn/T//cczXjmr7.debug.temp.o
 .debug_macro   0x00014429      0x3d5 /var/folders/t_/9lzv5v214yg8tqnd_qsbsvwm0000gn/T//ccQ65QbH.debug.temp.o
 .debug_macro   0x000147fe      0x3d1 /var/folders/t_/9lzv5v214yg8tqnd_qsbsvwm0000gn/T//ccdeAHsy.debug.temp.o
 .debug_macro   0x00014bcf      0x4af /var/folders/t_/9lzv5v214yg8tqnd_qsbsvwm0000gn/T//cchRi9c8.debug.temp.o
 .debug_macro   0x0001507e       0x7b /var/folders/t_/9lzv5v214yg8tqnd_qsbsvwm0000gn/T//cchRi9c8.debug.temp.o
 .debug_macro   0x000150f9       0x24 /var/folders/t_/9lzv5v214yg8tqnd_qsbsvwm0000gn/T//cchRi9c8.debug.temp.o
 .debug_macro   0x0001511d       0x3c /var/folders/t_/9lzv5v214yg8tqnd_qsbsvwm0000gn/T//cchRi9c8.debug.temp.o
 .debug_macro   0x00015159       0x34 /var/folders/t_/9lzv5v214yg8tqnd_qsbsvwm0000gn/T//cchRi9c8.debug.temp.o
 .debug_macro   0x0001518d      0x370 /var/folders/t_/9lzv5v214yg8tqnd_qsbsvwm0000gn/T//cchRi9c8.debug.temp.o
 .debug_macro   0x000154fd       0x16 /var/folders/t_/9lzv5v214yg8tqnd_qsbsvwm0000gn/T//cchRi9c8.debug.temp.o
 .debug_macro   0x00015513       0x4a /var/folders/t_/9lzv5v214yg8tqnd_qsbsvwm0000gn/T//cchRi9c8.debug.temp.o
 .debug_macro   0x0001555d       0x34 /var/folders/t_/9lzv5v214yg8tqnd_qsbsvwm0000gn/T//cchRi9c8.debug.temp.o
 .debug_macro   0x00015591       0x10 /var/folders/t_/9lzv5v214yg8tqnd_qsbsvwm0000gn/T//cchRi9c8.debug.temp.o
 .debug_macro   0x000155a1       0x58 /var/folders/t_/9lzv5v214yg8tqnd_qsbsvwm0000gn/T//cchRi9c8.debug.temp.o
 .debug_macro   0x000155f9      0x1e5 /var/folders/t_/9lzv5v214yg8tqnd_qsbsvwm0000gn/T//cchRi9c8.debug.temp.o
 .debug_macro   0x000157de       0x10 /var/folders/t_/9lzv5v214yg8tqnd_qsbsvwm0000gn/T//cchRi9c8.debug.temp.o
 .debug_macro   0x000157ee       0x3c /var/folders/t_/9lzv5v214yg8tqnd_qsbsvwm0000gn/T//cchRi9c8.debug.temp.o
 .debug_macro   0x0001582a      0x4fe /var/folders/t_/9lzv5v214yg8tqnd_qsbsvwm0000gn/T//cchRi9c8.debug.temp.o
 .debug_macro   0x00015d28      0x3fb /var/folders/t_/9lzv5v214yg8tqnd_qsbsvwm0000gn/T//ccj54ezU.debug.temp.o
 .debug_macro   0x00016123      0x2b9 /var/folders/t_/9lzv5v214yg8tqnd_qsbsvwm0000gn/T//cc8HloPy.debug.temp.o
 .debug_macro   0x000163dc       0x1c /var/folders/t_/9lzv5v214yg8tqnd_qsbsvwm0000gn/T//cc8HloPy.debug.temp.o
 .debug_macro   0x000163f8      0x2bc /var/folders/t_/9lzv5v214yg8tqnd_qsbsvwm0000gn/T//cc4h1vUH.debug.temp.o
 .debug_macro   0x000166b4      0x1f6 /var/folders/t_/9lzv5v214yg8tqnd_qsbsvwm0000gn/T//cc4h1vUH.debug.temp.o
 .debug_macro   0x000168aa      0x31e /var/folders/t_/9lzv5v214yg8tqnd_qsbsvwm0000gn/T//ccr7RkMl.debug.temp.o
 .debug_macro   0x00016bc8      0x10e /var/folders/t_/9lzv5v214yg8tqnd_qsbsvwm0000gn/T//ccr7RkMl.debug.temp.o
 .debug_macro   0x00016cd6      0x2be /var/folders/t_/9lzv5v214yg8tqnd_qsbsvwm0000gn/T//ccoWpfVZ.debug.temp.o
 .debug_macro   0x00016f94      0x3c7 /var/folders/t_/9lzv5v214yg8tqnd_qsbsvwm0000gn/T//cc8NHG3F.debug.temp.o
 .debug_macro   0x0001735b      0x3bd /var/folders/t_/9lzv5v214yg8tqnd_qsbsvwm0000gn/T//cc5SXkuh.debug.temp.o
 .debug_macro   0x00017718      0x1fa /var/folders/t_/9lzv5v214yg8tqnd_qsbsvwm0000gn/T//ccNP8AeF.debug.temp.o
 .debug_macro   0x00017912      0x1e8 /var/folders/t_/9lzv5v214yg8tqnd_qsbsvwm0000gn/T//ccKdwM0K.debug.temp.o
 .debug_macro   0x00017afa      0x1d6 /var/folders/t_/9lzv5v214yg8tqnd_qsbsvwm0000gn/T//ccyVslip.debug.temp.o
 .debug_macro   0x00017cd0      0x1fa /var/folders/t_/9lzv5v214yg8tqnd_qsbsvwm0000gn/T//ccqUySQA.debug.temp.o
 .debug_macro   0x00017eca      0x1dd /var/folders/t_/9lzv5v214yg8tqnd_qsbsvwm0000gn/T//ccwnHl00.debug.temp.o
 .debug_macro   0x000180a7      0x1d6 /var/folders/t_/9lzv5v214yg8tqnd_qsbsvwm0000gn/T//cc8bXY3r.debug.temp.o
 .debug_macro   0x0001827d      0x1d6 /var/folders/t_/9lzv5v214yg8tqnd_qsbsvwm0000gn/T//ccG9m5Od.debug.temp.o
 .debug_macro   0x00018453      0x1d7 /var/folders/t_/9lzv5v214yg8tqnd_qsbsvwm0000gn/T//cclhCl1d.debug.temp.o
 .debug_macro   0x0001862a      0x1d6 /var/folders/t_/9lzv5v214yg8tqnd_qsbsvwm0000gn/T//ccQsQ46a.debug.temp.o
 .debug_macro   0x00018800      0x1f3 /var/folders/t_/9lzv5v214yg8tqnd_qsbsvwm0000gn/T//ccJzRKqp.debug.temp.o
 .debug_macro   0x000189f3      0x1d6 /var/folders/t_/9lzv5v214yg8tqnd_qsbsvwm0000gn/T//ccrWZzMd.debug.temp.o
 .debug_macro   0x00018bc9      0x268 /var/folders/t_/9lzv5v214yg8tqnd_qsbsvwm0000gn/T//cc52FnCG.debug.temp.o
 .debug_macro   0x00018e31      0x27b /var/folders/t_/9lzv5v214yg8tqnd_qsbsvwm0000gn/T//ccFY2g8Z.debug.temp.o
 .debug_macro   0x000190ac      0x299 /var/folders/t_/9lzv5v214yg8tqnd_qsbsvwm0000gn/T//cclM3oho.debug.temp.o
 .debug_macro   0x00019345      0x27d /var/folders/t_/9lzv5v214yg8tqnd_qsbsvwm0000gn/T//ccNvnX90.debug.temp.o
 .debug_macro   0x000195c2       0x16 /var/folders/t_/9lzv5v214yg8tqnd_qsbsvwm0000gn/T//ccNvnX90.debug.temp.o
 .debug_macro   0x000195d8      0x268 /var/folders/t_/9lzv5v214yg8tqnd_qsbsvwm0000gn/T//ccSaTo2b.debug.temp.o
 .debug_macro   0x00019840      0x268 /var/folders/t_/9lzv5v214yg8tqnd_qsbsvwm0000gn/T//ccKjw4qK.debug.temp.o
 .debug_macro   0x00019aa8      0x272 /var/folders/t_/9lzv5v214yg8tqnd_qsbsvwm0000gn/T//ccf3sJpR.debug.temp.o
 .debug_macro   0x00019d1a      0x280 /var/folders/t_/9lzv5v214yg8tqnd_qsbsvwm0000gn/T//ccw0V6cs.debug.temp.o
 .debug_macro   0x00019f9a      0x268 /var/folders/t_/9lzv5v214yg8tqnd_qsbsvwm0000gn/T//ccfTrKrv.debug.temp.o
 .debug_macro   0x0001a202      0x268 /var/folders/t_/9lzv5v214yg8tqnd_qsbsvwm0000gn/T//ccEw5BE3.debug.temp.o
 .debug_macro   0x0001a46a      0x286 /var/folders/t_/9lzv5v214yg8tqnd_qsbsvwm0000gn/T//ccnE3W80.debug.temp.o
 .debug_macro   0x0001a6f0      0x272 /var/folders/t_/9lzv5v214yg8tqnd_qsbsvwm0000gn/T//ccan4MgG.debug.temp.o
 .debug_macro   0x0001a962      0x391 /var/folders/t_/9lzv5v214yg8tqnd_qsbsvwm0000gn/T//ccj0YvuI.debug.temp.o
 .debug_macro   0x0001acf3       0xff /var/folders/t_/9lzv5v214yg8tqnd_qsbsvwm0000gn/T//ccxTYPy6.debug.temp.o