Archive member included to satisfy reference by file (symbol)

/Applications/ArmGNUToolchain/13.3.rel1/arm-none-eabi/bin/../lib/gcc/arm-none-eabi/13.3.1/../../../../arm-none-eabi/lib/thumb/v6-m/nofp/libc_nano.a(libc_a-exit.o)
                              /Applications/ArmGNUToolchain/13.3.rel1/arm-none-eabi/bin/../lib/gcc/arm-none-eabi/13.3.1/../../../../arm-none-eabi/lib/thumb/v6-m/nofp/crt0.o (exit)
/Applications/ArmGNUToolchain/13.3.rel1/arm-none-eabi/bin/../lib/gcc/arm-none-eabi/13.3.1/../../../../arm-none-eabi/lib/thumb/v6-m/nofp/libc_nano.a(libc_a-findfp.o)
                              /Applications/ArmGNUToolchain/13.3.rel1/arm-none-eabi/bin/../lib/gcc/arm-none-eabi/13.3.1/../../../../arm-none-eabi/lib/thumb/v6-m/nofp/libc_nano.a(libc_a-exit.o) (__stdio_exit_handler)
/Applications/ArmGNUToolchain/13.3.rel1/arm-none-eabi/bin/../lib/gcc/arm-none-eabi/13.3.1/../../../../arm-none-eabi/lib/thumb/v6-m/nofp/libc_nano.a(libc_a-fwalk.o)
                              /Applications/ArmGNUToolchain/13.3.rel1/arm-none-eabi/bin/../lib/gcc/arm-none-eabi/13.3.1/../../../../arm-none-eabi/lib/thumb/v6-m/nofp/libc_nano.a(libc_a-findfp.o) (_fwalk_sglue)
/Applications/ArmGNUToolchain/13.3.rel1/arm-none-eabi/bin/../lib/gcc/arm-none-eabi/13.3.1/../../../../arm-none-eabi/lib/thumb/v6-m/nofp/libc_nano.a(libc_a-memset.o)
                              /Applications/ArmGNUToolchain/13.3.rel1/arm-none-eabi/bin/../lib/gcc/arm-none-eabi/13.3.1/../../../../arm-none-eabi/lib/thumb/v6-m/nofp/crt0.o (memset)
/Applications/ArmGNUToolchain/13.3.rel1/arm-none-eabi/bin/../lib/gcc/arm-none-eabi/13.3.1/../../../../arm-none-eabi/lib/thumb/v6-m/nofp/libc_nano.a(libc_a-init.o)
                              /Applications/ArmGNUToolchain/13.3.rel1/arm-none-eabi/bin/../lib/gcc/arm-none-eabi/13.3.1/../../../../arm-none-eabi/lib/thumb/v6-m/nofp/crt0.o (__libc_init_array)
/Applications/ArmGNUToolchain/13.3.rel1/arm-none-eabi/bin/../lib/gcc/arm-none-eabi/13.3.1/../../../../arm-none-eabi/lib/thumb/v6-m/nofp/libc_nano.a(libc_a-lock.o)
                              /Applications/ArmGNUToolchain/13.3.rel1/arm-none-eabi/bin/../lib/gcc/arm-none-eabi/13.3.1/../../../../arm-none-eabi/lib/thumb/v6-m/nofp/libc_nano.a(libc_a-findfp.o) (__retarget_lock_init_recursive)
/Applications/ArmGNUToolchain/13.3.rel1/arm-none-eabi/bin/../lib/gcc/arm-none-eabi/13.3.1/../../../../arm-none-eabi/lib/thumb/v6-m/nofp/libc_nano.a(libc_a-impure.o)
                              /Applications/ArmGNUToolchain/13.3.rel1/arm-none-eabi/bin/../lib/gcc/arm-none-eabi/13.3.1/../../../../arm-none-eabi/lib/thumb/v6-m/nofp/libc_nano.a(libc_a-findfp.o) (_impure_data)
/Applications/ArmGNUToolchain/13.3.rel1/arm-none-eabi/bin/../lib/gcc/arm-none-eabi/13.3.1/../../../../arm-none-eabi/lib/thumb/v6-m/nofp/libc_nano.a(libc_a-mallocr.o)
                              /Applications/ArmGNUToolchain/13.3.rel1/arm-none-eabi/bin/../lib/gcc/arm-none-eabi/13.3.1/../../../../arm-none-eabi/lib/thumb/v6-m/nofp/libc_nano.a(libc_a-findfp.o) (_malloc_r)
/Applications/ArmGNUToolchain/13.3.rel1/arm-none-eabi/bin/../lib/gcc/arm-none-eabi/13.3.1/../../../../arm-none-eabi/lib/thumb/v6-m/nofp/libc_nano.a(libc_a-fflush.o)
                              /Applications/ArmGNUToolchain/13.3.rel1/arm-none-eabi/bin/../lib/gcc/arm-none-eabi/13.3.1/../../../../arm-none-eabi/lib/thumb/v6-m/nofp/libc_nano.a(libc_a-findfp.o) (_fflush_r)
/Applications/ArmGNUToolchain/13.3.rel1/arm-none-eabi/bin/../lib/gcc/arm-none-eabi/13.3.1/../../../../arm-none-eabi/lib/thumb/v6-m/nofp/libc_nano.a(libc_a-mlock.o)
                              /Applications/ArmGNUToolchain/13.3.rel1/arm-none-eabi/bin/../lib/gcc/arm-none-eabi/13.3.1/../../../../arm-none-eabi/lib/thumb/v6-m/nofp/libc_nano.a(libc_a-mallocr.o) (__malloc_lock)
/Applications/ArmGNUToolchain/13.3.rel1/arm-none-eabi/bin/../lib/gcc/arm-none-eabi/13.3.1/../../../../arm-none-eabi/lib/thumb/v6-m/nofp/libc_nano.a(libc_a-stdio.o)
                              /Applications/ArmGNUToolchain/13.3.rel1/arm-none-eabi/bin/../lib/gcc/arm-none-eabi/13.3.1/../../../../arm-none-eabi/lib/thumb/v6-m/nofp/libc_nano.a(libc_a-findfp.o) (__sread)
/Applications/ArmGNUToolchain/13.3.rel1/arm-none-eabi/bin/../lib/gcc/arm-none-eabi/13.3.1/../../../../arm-none-eabi/lib/thumb/v6-m/nofp/libc_nano.a(libc_a-lseekr.o)
                              /Applications/ArmGNUToolchain/13.3.rel1/arm-none-eabi/bin/../lib/gcc/arm-none-eabi/13.3.1/../../../../arm-none-eabi/lib/thumb/v6-m/nofp/libc_nano.a(libc_a-stdio.o) (_lseek_r)
/Applications/ArmGNUToolchain/13.3.rel1/arm-none-eabi/bin/../lib/gcc/arm-none-eabi/13.3.1/../../../../arm-none-eabi/lib/thumb/v6-m/nofp/libc_nano.a(libc_a-readr.o)
                              /Applications/ArmGNUToolchain/13.3.rel1/arm-none-eabi/bin/../lib/gcc/arm-none-eabi/13.3.1/../../../../arm-none-eabi/lib/thumb/v6-m/nofp/libc_nano.a(libc_a-stdio.o) (_read_r)
[...]
Memory Configuration

Name             Origin             Length             Attributes
RAM              0x20000000         0x00001000         xrw
FLASH            0x08000000         0x00008000         xr
*default*        0x00000000         0xffffffff

Linker script and memory map

LOAD /Applications/ArmGNUToolchain/13.3.rel1/arm-none-eabi/bin/../lib/gcc/arm-none-eabi/13.3.1/thumb/v6-m/nofp/crti.o
LOAD /Applications/ArmGNUToolchain/13.3.rel1/arm-none-eabi/bin/../lib/gcc/arm-none-eabi/13.3.1/thumb/v6-m/nofp/crtbegin.o
LOAD /Applications/ArmGNUToolchain/13.3.rel1/arm-none-eabi/bin/../lib/gcc/arm-none-eabi/13.3.1/../../../../arm-none-eabi/lib/thumb/v6-m/nofp/crt0.o
START GROUP
LOAD /Applications/ArmGNUToolchain/13.3.rel1/arm-none-eabi/bin/../lib/gcc/arm-none-eabi/13.3.1/../../../../arm-none-eabi/lib/thumb/v6-m/nofp/libc_nano.a
LOAD /Applications/ArmGNUToolchain/13.3.rel1/arm-none-eabi/bin/../lib/gcc/arm-none-eabi/13.3.1/../../../../arm-none-eabi/lib/thumb/v6-m/nofp/libm.a
END GROUP
LOAD CMakeFiles/test-md-bench.dir/Src/main.c.obj
LOAD /var/folders/t_/9lzv5v214yg8tqnd_qsbsvwm0000gn/T//ccxROf0W.ltrans0.ltrans.o
LOAD /var/folders/t_/9lzv5v214yg8tqnd_qsbsvwm0000gn/T//ccKaHmzR.debug.temp.o
LOAD /var/folders/t_/9lzv5v214yg8tqnd_qsbsvwm0000gn/T//cc8kw19z.debug.temp.o
LOAD /var/folders/t_/9lzv5v214yg8tqnd_qsbsvwm0000gn/T//ccooWR1y.debug.temp.o
LOAD /var/folders/t_/9lzv5v214yg8tqnd_qsbsvwm0000gn/T//cc6OodZJ.debug.temp.o
LOAD /var/folders/t_/9lzv5v214yg8tqnd_qsbsvwm0000gn/T//ccu8THKJ.debug.temp.o
LOAD /var/folders/t_/9lzv5v214yg8tqnd_qsbsvwm0000gn/T//ccOAxn1J.debug.temp.o
LOAD /var/folders/t_/9lzv5v214yg8tqnd_qsbsvwm0000gn/T//ccGoXm85.debug.temp.o
LOAD /var/folders/t_/9lzv5v214yg8tqnd_qsbsvwm0000gn/T//cc0hQA1B.debug.temp.o
LOAD /var/folders/t_/9lzv5v214yg8tqnd_qsbsvwm0000gn/T//ccmZYyR6.debug.temp.o
LOAD /var/folders/t_/9lzv5v214yg8tqnd_qsbsvwm0000gn/T//cc7Ibq3p.debug.temp.o
LOAD /var/folders/t_/9lzv5v214yg8tqnd_qsbsvwm0000gn/T//ccZYtcQ7.debug.temp.o
LOAD /var/folders/t_/9lzv5v214yg8tqnd_qsbsvwm0000gn/T//ccntwMCl.debug.temp.o
LOAD /var/folders/t_/9lzv5v214yg8tqnd_qsbsvwm0000gn/T//ccxHiTP0.debug.temp.o
LOAD /var/folders/t_/9lzv5v214yg8tqnd_qsbsvwm0000gn/T//ccmRCsDJ.debug.temp.o
LOAD /var/folders/t_/9lzv5v214yg8tqnd_qsbsvwm0000gn/T//ccg6kJgw.debug.temp.o
LOAD /var/folders/t_/9lzv5v214yg8tqnd_qsbsvwm0000gn/T//ccrDrWET.debug.temp.o
LOAD /var/folders/t_/9lzv5v214yg8tqnd_qsbsvwm0000gn/T//cc8av1Iq.debug.temp.o
LOAD /var/folders/t_/9lzv5v214yg8tqnd_qsbsvwm0000gn/T//cc6k0qqf.debug.temp.o
LOAD /var/folders/t_/9lzv5v214yg8tqnd_qsbsvwm0000gn/T//ccLpohqO.debug.temp.o
LOAD /var/folders/t_/9lzv5v214yg8tqnd_qsbsvwm0000gn/T//ccubiBZO.debug.temp.o
LOAD /var/folders/t_/9lzv5v214yg8tqnd_qsbsvwm0000gn/T//cc4wbUmH.debug.temp.o
LOAD /var/folders/t_/9lzv5v214yg8tqnd_qsbsvwm0000gn/T//ccwgmeWB.debug.temp.o
LOAD /var/folders/t_/9lzv5v214yg8tqnd_qsbsvwm0000gn/T//cct57ZXA.debug.temp.o
LOAD /var/folders/t_/9lzv5v214yg8tqnd_qsbsvwm0000gn/T//cc2WNeBj.debug.temp.o
LOAD /var/folders/t_/9lzv5v214yg8tqnd_qsbsvwm0000gn/T//ccRZQHrc.debug.temp.o
LOAD /var/folders/t_/9lzv5v214yg8tqnd_qsbsvwm0000gn/T//ccBLDDbR.debug.temp.o
LOAD /var/folders/t_/9lzv5v214yg8tqnd_qsbsvwm0000gn/T//ccSj4023.debug.temp.o
LOAD /var/folders/t_/9lzv5v214yg8tqnd_qsbsvwm0000gn/T//ccXnKiCt.debug.temp.o
LOAD /var/folders/t_/9lzv5v214yg8tqnd_qsbsvwm0000gn/T//ccizPK7M.debug.temp.o
LOAD /var/folders/t_/9lzv5v214yg8tqnd_qsbsvwm0000gn/T//ccKckVhk.debug.temp.o
LOAD /var/folders/t_/9lzv5v214yg8tqnd_qsbsvwm0000gn/T//ccUDiXAL.debug.temp.o
LOAD /var/folders/t_/9lzv5v214yg8tqnd_qsbsvwm0000gn/T//ccP5lmCP.debug.temp.o
LOAD /var/folders/t_/9lzv5v214yg8tqnd_qsbsvwm0000gn/T//cc2Qly8v.debug.temp.o
LOAD /var/folders/t_/9lzv5v214yg8tqnd_qsbsvwm0000gn/T//cceej0Xo.debug.temp.o
LOAD /var/folders/t_/9lzv5v214yg8tqnd_qsbsvwm0000gn/T//ccCMgRCR.debug.temp.o
LOAD /var/folders/t_/9lzv5v214yg8tqnd_qsbsvwm0000gn/T//ccXlH8sg.debug.temp.o
LOAD /var/folders/t_/9lzv5v214yg8tqnd_qsbsvwm0000gn/T//ccOvS4Bz.debug.temp.o
LOAD /var/folders/t_/9lzv5v214yg8tqnd_qsbsvwm0000gn/T//cc9aoNwG.debug.temp.o
LOAD /var/folders/t_/9lzv5v214yg8tqnd_qsbsvwm0000gn/T//cczW2064.debug.temp.o
LOAD /var/folders/t_/9lzv5v214yg8tqnd_qsbsvwm0000gn/T//ccXlCKOZ.debug.temp.o
LOAD /var/folders/t_/9lzv5v214yg8tqnd_qsbsvwm0000gn/T//ccT3SbQo.debug.temp.o
LOAD /var/folders/t_/9lzv5v214yg8tqnd_qsbsvwm0000gn/T//cc6ATWzN.debug.temp.o
LOAD /var/folders/t_/9lzv5v214yg8tqnd_qsbsvwm0000gn/T//ccbzWv8O.debug.temp.o
LOAD /var/folders/t_/9lzv5v214yg8tqnd_qsbsvwm0000gn/T//ccLbLMB7.debug.temp.o
LOAD /var/folders/t_/9lzv5v214yg8tqnd_qsbsvwm0000gn/T//ccLD25GB.debug.temp.o
LOAD /var/folders/t_/9lzv5v214yg8tqnd_qsbsvwm0000gn/T//cc9997GH.debug.temp.o
LOAD /var/folders/t_/9lzv5v214yg8tqnd_qsbsvwm0000gn/T//cckB92B7.debug.temp.o
LOAD /var/folders/t_/9lzv5v214yg8tqnd_qsbsvwm0000gn/T//ccoDFXBT.debug.temp.o
LOAD /var/folders/t_/9lzv5v214yg8tqnd_qsbsvwm0000gn/T//ccLlR97J.debug.temp.o
LOAD /var/folders/t_/9lzv5v214yg8tqnd_qsbsvwm0000gn/T//ccKWVEdX.debug.temp.o
LOAD /var/folders/t_/9lzv5v214yg8tqnd_qsbsvwm0000gn/T//cckoxcvS.debug.temp.o
LOAD /var/folders/t_/9lzv5v214yg8tqnd_qsbsvwm0000gn/T//cc2gTRAY.debug.temp.o
LOAD /var/folders/t_/9lzv5v214yg8tqnd_qsbsvwm0000gn/T//ccsIAEG0.debug.temp.o
LOAD /var/folders/t_/9lzv5v214yg8tqnd_qsbsvwm0000gn/T//ccEafGey.debug.temp.o
LOAD /var/folders/t_/9lzv5v214yg8tqnd_qsbsvwm0000gn/T//ccG5HPpJ.debug.temp.o
LOAD /var/folders/t_/9lzv5v214yg8tqnd_qsbsvwm0000gn/T//ccChG6Sd.debug.temp.o
LOAD /var/folders/t_/9lzv5v214yg8tqnd_qsbsvwm0000gn/T//ccnod2kY.debug.temp.o
LOAD /var/folders/t_/9lzv5v214yg8tqnd_qsbsvwm0000gn/T//ccjMhGPy.debug.temp.o
LOAD /var/folders/t_/9lzv5v214yg8tqnd_qsbsvwm0000gn/T//ccR5Tsfz.debug.temp.o
LOAD /var/folders/t_/9lzv5v214yg8tqnd_qsbsvwm0000gn/T//ccdXxG4z.debug.temp.o
LOAD /var/folders/t_/9lzv5v214yg8tqnd_qsbsvwm0000gn/T//ccrE21HD.debug.temp.o
LOAD /var/folders/t_/9lzv5v214yg8tqnd_qsbsvwm0000gn/T//ccGM2grX.debug.temp.o
LOAD CMakeFiles/test-md-bench.dir/Src/motorcontrol.c.obj
LOAD CMakeFiles/test-md-bench.dir/Src/pwm_common.c.obj
LOAD CMakeFiles/test-md-bench.dir/Src/mc_api.c.obj
LOAD CMakeFiles/test-md-bench.dir/Src/mc_config.c.obj
LOAD CMakeFiles/test-md-bench.dir/Src/mc_config_common.c.obj
LOAD CMakeFiles/test-md-bench.dir/Src/mcp_config.c.obj
LOAD CMakeFiles/test-md-bench.dir/Src/mc_tasks.c.obj
LOAD CMakeFiles/test-md-bench.dir/Src/mc_tasks_foc.c.obj
LOAD CMakeFiles/test-md-bench.dir/Src/pwm_curr_fdbk.c.obj
LOAD CMakeFiles/test-md-bench.dir/Src/regular_conversion_manager.c.obj
LOAD CMakeFiles/test-md-bench.dir/Src/mc_math.c.obj
LOAD CMakeFiles/test-md-bench.dir/Src/mc_interface.c.obj
LOAD CMakeFiles/test-md-bench.dir/Src/stm32_mc_common_it.c.obj
LOAD CMakeFiles/test-md-bench.dir/Src/stm32f0xx_mc_it.c.obj
LOAD CMakeFiles/test-md-bench.dir/Src/mc_parameters.c.obj
LOAD CMakeFiles/test-md-bench.dir/Src/register_interface.c.obj
LOAD CMakeFiles/test-md-bench.dir/Src/mcp.c.obj
LOAD CMakeFiles/test-md-bench.dir/Src/r1_ps_pwm_curr_fdbk.c.obj
LOAD CMakeFiles/test-md-bench.dir/Src/usart_aspep_driver.c.obj
LOAD CMakeFiles/test-md-bench.dir/Src/mc_configuration_registers.c.obj
LOAD CMakeFiles/test-md-bench.dir/Src/aspep.c.obj
LOAD CMakeFiles/test-md-bench.dir/Src/mc_app_hooks.c.obj
LOAD CMakeFiles/test-md-bench.dir/Src/stm32f0xx_it.c.obj
LOAD CMakeFiles/test-md-bench.dir/Src/stm32f0xx_hal_msp.c.obj
LOAD CMakeFiles/test-md-bench.dir/Drivers/STM32F0xx_HAL_Driver/Src/stm32f0xx_hal_adc.c.obj
LOAD CMakeFiles/test-md-bench.dir/Drivers/STM32F0xx_HAL_Driver/Src/stm32f0xx_hal_adc_ex.c.obj
LOAD CMakeFiles/test-md-bench.dir/Drivers/STM32F0xx_HAL_Driver/Src/stm32f0xx_hal_rcc.c.obj
LOAD CMakeFiles/test-md-bench.dir/Drivers/STM32F0xx_HAL_Driver/Src/stm32f0xx_hal_rcc_ex.c.obj
LOAD CMakeFiles/test-md-bench.dir/Drivers/STM32F0xx_HAL_Driver/Src/stm32f0xx_hal.c.obj
LOAD CMakeFiles/test-md-bench.dir/Drivers/STM32F0xx_HAL_Driver/Src/stm32f0xx_hal_i2c.c.obj
LOAD CMakeFiles/test-md-bench.dir/Drivers/STM32F0xx_HAL_Driver/Src/stm32f0xx_hal_i2c_ex.c.obj
LOAD CMakeFiles/test-md-bench.dir/Drivers/STM32F0xx_HAL_Driver/Src/stm32f0xx_hal_gpio.c.obj
LOAD CMakeFiles/test-md-bench.dir/Drivers/STM32F0xx_HAL_Driver/Src/stm32f0xx_hal_dma.c.obj
LOAD CMakeFiles/test-md-bench.dir/Drivers/STM32F0xx_HAL_Driver/Src/stm32f0xx_hal_cortex.c.obj
LOAD CMakeFiles/test-md-bench.dir/Drivers/STM32F0xx_HAL_Driver/Src/stm32f0xx_hal_pwr.c.obj
LOAD CMakeFiles/test-md-bench.dir/Drivers/STM32F0xx_HAL_Driver/Src/stm32f0xx_hal_pwr_ex.c.obj
LOAD CMakeFiles/test-md-bench.dir/Drivers/STM32F0xx_HAL_Driver/Src/stm32f0xx_hal_flash.c.obj
LOAD CMakeFiles/test-md-bench.dir/Drivers/STM32F0xx_HAL_Driver/Src/stm32f0xx_hal_flash_ex.c.obj
LOAD CMakeFiles/test-md-bench.dir/Drivers/STM32F0xx_HAL_Driver/Src/stm32f0xx_hal_exti.c.obj
LOAD CMakeFiles/test-md-bench.dir/Drivers/STM32F0xx_HAL_Driver/Src/stm32f0xx_hal_tim.c.obj
LOAD CMakeFiles/test-md-bench.dir/Drivers/STM32F0xx_HAL_Driver/Src/stm32f0xx_hal_tim_ex.c.obj
LOAD CMakeFiles/test-md-bench.dir/Drivers/STM32F0xx_HAL_Driver/Src/stm32f0xx_hal_uart.c.obj
LOAD CMakeFiles/test-md-bench.dir/Drivers/STM32F0xx_HAL_Driver/Src/stm32f0xx_hal_uart_ex.c.obj
LOAD CMakeFiles/test-md-bench.dir/Src/system_stm32f0xx.c.obj
LOAD CMakeFiles/test-md-bench.dir/MCSDK_v6.3.1-Full/MotorControl/MCSDK/MCLib/Any/Src/bus_voltage_sensor.c.obj
LOAD CMakeFiles/test-md-bench.dir/MCSDK_v6.3.1-Full/MotorControl/MCSDK/MCLib/Any/Src/circle_limitation.c.obj
LOAD CMakeFiles/test-md-bench.dir/MCSDK_v6.3.1-Full/MotorControl/MCSDK/MCLib/Any/Src/digital_output.c.obj
LOAD CMakeFiles/test-md-bench.dir/MCSDK_v6.3.1-Full/MotorControl/MCSDK/MCLib/Any/Src/enc_align_ctrl.c.obj
LOAD CMakeFiles/test-md-bench.dir/MCSDK_v6.3.1-Full/MotorControl/MCSDK/MCLib/Any/Src/encoder_speed_pos_fdbk.c.obj
LOAD CMakeFiles/test-md-bench.dir/MCSDK_v6.3.1-Full/MotorControl/MCSDK/MCLib/Any/Src/ntc_temperature_sensor.c.obj
LOAD CMakeFiles/test-md-bench.dir/MCSDK_v6.3.1-Full/MotorControl/MCSDK/MCLib/Any/Src/open_loop.c.obj
LOAD CMakeFiles/test-md-bench.dir/MCSDK_v6.3.1-Full/MotorControl/MCSDK/MCLib/Any/Src/pid_regulator.c.obj
LOAD CMakeFiles/test-md-bench.dir/MCSDK_v6.3.1-Full/MotorControl/MCSDK/MCLib/Any/Src/pqd_motor_power_measurement.c.obj
LOAD CMakeFiles/test-md-bench.dir/MCSDK_v6.3.1-Full/MotorControl/MCSDK/MCLib/Any/Src/r_divider_bus_voltage_sensor.c.obj
LOAD CMakeFiles/test-md-bench.dir/MCSDK_v6.3.1-Full/MotorControl/MCSDK/MCLib/Any/Src/ramp_ext_mngr.c.obj
LOAD CMakeFiles/test-md-bench.dir/MCSDK_v6.3.1-Full/MotorControl/MCSDK/MCLib/Any/Src/revup_ctrl.c.obj
LOAD CMakeFiles/test-md-bench.dir/MCSDK_v6.3.1-Full/MotorControl/MCSDK/MCLib/Any/Src/speed_pos_fdbk.c.obj
LOAD CMakeFiles/test-md-bench.dir/MCSDK_v6.3.1-Full/MotorControl/MCSDK/MCLib/Any/Src/speed_torq_ctrl.c.obj
LOAD CMakeFiles/test-md-bench.dir/MCSDK_v6.3.1-Full/MotorControl/MCSDK/MCLib/Any/Src/virtual_speed_sensor.c.obj
LOAD CMakeFiles/test-md-bench.dir/Src/sysmem.c.obj
LOAD CMakeFiles/test-md-bench.dir/Src/syscalls.c.obj
LOAD CMakeFiles/test-md-bench.dir/startup_stm32f031x6.s.obj
START GROUP
LOAD /Applications/ArmGNUToolchain/13.3.rel1/arm-none-eabi/bin/../lib/gcc/arm-none-eabi/13.3.1/thumb/v6-m/nofp/libgcc.a
LOAD /Applications/ArmGNUToolchain/13.3.rel1/arm-none-eabi/bin/../lib/gcc/arm-none-eabi/13.3.1/../../../../arm-none-eabi/lib/thumb/v6-m/nofp/libg_nano.a
LOAD /Applications/ArmGNUToolchain/13.3.rel1/arm-none-eabi/bin/../lib/gcc/arm-none-eabi/13.3.1/../../../../arm-none-eabi/lib/thumb/v6-m/nofp/libc_nano.a
END GROUP
START GROUP
LOAD /Applications/ArmGNUToolchain/13.3.rel1/arm-none-eabi/bin/../lib/gcc/arm-none-eabi/13.3.1/thumb/v6-m/nofp/libgcc.a
LOAD /Applications/ArmGNUToolchain/13.3.rel1/arm-none-eabi/bin/../lib/gcc/arm-none-eabi/13.3.1/../../../../arm-none-eabi/lib/thumb/v6-m/nofp/libc_nano.a
END GROUP
LOAD /Applications/ArmGNUToolchain/13.3.rel1/arm-none-eabi/bin/../lib/gcc/arm-none-eabi/13.3.1/thumb/v6-m/nofp/crtend.o
LOAD /Applications/ArmGNUToolchain/13.3.rel1/arm-none-eabi/bin/../lib/gcc/arm-none-eabi/13.3.1/thumb/v6-m/nofp/crtn.o
                0x20001000                        _estack = (ORIGIN (RAM) + LENGTH (RAM))
                0x00000080                        _Min_Heap_Size = 0x80
                0x00000400                        _Min_Stack_Size = 0x400

.isr_vector     0x08000000       0xc0
                0x08000000                        . = ALIGN (0x4)
 *(.isr_vector)
 .isr_vector    0x08000000       0xc0 CMakeFiles/test-md-bench.dir/startup_stm32f031x6.s.obj
                0x08000000                g_pfnVectors
                0x080000c0                        . = ALIGN (0x4)

.text           0x080000c0     0x4bfc
                0x080000c0                        . = ALIGN (0x4)
 *(.text)
 .text          0x080000c0       0x14 /Applications/ArmGNUToolchain/13.3.rel1/arm-none-eabi/bin/../lib/gcc/arm-none-eabi/13.3.1/thumb/v6-m/nofp/libgcc.a(_thumb1_case_uqi.o)
                0x080000c0                __gnu_thumb1_case_uqi
 .text          0x080000d4       0x14 /Applications/ArmGNUToolchain/13.3.rel1/arm-none-eabi/bin/../lib/gcc/arm-none-eabi/13.3.1/thumb/v6-m/nofp/libgcc.a(_thumb1_case_uhi.o)
                0x080000d4                __gnu_thumb1_case_uhi
 .text          0x080000e8      0x114 /Applications/ArmGNUToolchain/13.3.rel1/arm-none-eabi/bin/../lib/gcc/arm-none-eabi/13.3.1/thumb/v6-m/nofp/libgcc.a(_udivsi3.o)
                0x080000e8                __udivsi3
                0x080000e8                __aeabi_uidiv
                0x080001f4                __aeabi_uidivmod
 .text          0x080001fc      0x1d4 /Applications/ArmGNUToolchain/13.3.rel1/arm-none-eabi/bin/../lib/gcc/arm-none-eabi/13.3.1/thumb/v6-m/nofp/libgcc.a(_divsi3.o)
                0x080001fc                __aeabi_idiv
                0x080001fc                __divsi3
                0x080003c8                __aeabi_idivmod
 .text          0x080003d0        0x4 /Applications/ArmGNUToolchain/13.3.rel1/arm-none-eabi/bin/../lib/gcc/arm-none-eabi/13.3.1/thumb/v6-m/nofp/libgcc.a(_dvmd_tls.o)
                0x080003d0                __aeabi_ldiv0
                0x080003d0                __aeabi_idiv0
 .text          0x080003d4       0x3c /Applications/ArmGNUToolchain/13.3.rel1/arm-none-eabi/bin/../lib/gcc/arm-none-eabi/13.3.1/thumb/v6-m/nofp/libgcc.a(_clzsi2.o)
                0x080003d4                __clzsi2
 *(.text*)
 .text.deregister_tm_clones
                0x08000410       0x20 /Applications/ArmGNUToolchain/13.3.rel1/arm-none-eabi/bin/../lib/gcc/arm-none-eabi/13.3.1/thumb/v6-m/nofp/crtbegin.o
 .text.register_tm_clones
                0x08000430       0x28 /Applications/ArmGNUToolchain/13.3.rel1/arm-none-eabi/bin/../lib/gcc/arm-none-eabi/13.3.1/thumb/v6-m/nofp/crtbegin.o
 .text.__do_global_dtors_aux
                0x08000458       0x2c /Applications/ArmGNUToolchain/13.3.rel1/arm-none-eabi/bin/../lib/gcc/arm-none-eabi/13.3.1/thumb/v6-m/nofp/crtbegin.o
 .text.frame_dummy
                0x08000484       0x24 /Applications/ArmGNUToolchain/13.3.rel1/arm-none-eabi/bin/../lib/gcc/arm-none-eabi/13.3.1/thumb/v6-m/nofp/crtbegin.o
 .text.memset   0x080004a8       0x10 /Applications/ArmGNUToolchain/13.3.rel1/arm-none-eabi/bin/../lib/gcc/arm-none-eabi/13.3.1/../../../../arm-none-eabi/lib/thumb/v6-m/nofp/libc_nano.a(libc_a-memset.o)
                0x080004a8                memset
 .text.__libc_init_array
                0x080004b8       0x48 /Applications/ArmGNUToolchain/13.3.rel1/arm-none-eabi/bin/../lib/gcc/arm-none-eabi/13.3.1/../../../../arm-none-eabi/lib/thumb/v6-m/nofp/libc_nano.a(libc_a-init.o)
                0x080004b8                __libc_init_array
 .text.LL_GPIO_LockPin
                0x08000500       0x18 /var/folders/t_/9lzv5v214yg8tqnd_qsbsvwm0000gn/T//ccxROf0W.ltrans0.ltrans.o
 .text.PWMC_SwitchOffPWM
                0x08000518        0x8 /var/folders/t_/9lzv5v214yg8tqnd_qsbsvwm0000gn/T//ccxROf0W.ltrans0.ltrans.o
 .text.RCM_ExecRegularConv
                0x08000520      0x140 /var/folders/t_/9lzv5v214yg8tqnd_qsbsvwm0000gn/T//ccxROf0W.ltrans0.ltrans.o
 .text.MCM_Trig_Functions
                0x08000660       0x80 /var/folders/t_/9lzv5v214yg8tqnd_qsbsvwm0000gn/T//ccxROf0W.ltrans0.ltrans.o
 .text.MCM_Rev_Park
                0x080006e0       0x30 /var/folders/t_/9lzv5v214yg8tqnd_qsbsvwm0000gn/T//ccxROf0W.ltrans0.ltrans.o
 .text.MCI_StartMotor
                0x08000710       0x20 /var/folders/t_/9lzv5v214yg8tqnd_qsbsvwm0000gn/T//ccxROf0W.ltrans0.ltrans.o
 .text.MCI_StopMotor
                0x08000730       0x30 /var/folders/t_/9lzv5v214yg8tqnd_qsbsvwm0000gn/T//ccxROf0W.ltrans0.ltrans.o
 .text.RI_SetRegisterGlobal
                0x08000760       0xa4 /var/folders/t_/9lzv5v214yg8tqnd_qsbsvwm0000gn/T//ccxROf0W.ltrans0.ltrans.o
 .text.RI_GetRegisterGlobal
                0x08000804       0x8c /var/folders/t_/9lzv5v214yg8tqnd_qsbsvwm0000gn/T//ccxROf0W.ltrans0.ltrans.o
 .text.RI_SetRegisterMotor1
                0x08000890      0x1b8 /var/folders/t_/9lzv5v214yg8tqnd_qsbsvwm0000gn/T//ccxROf0W.ltrans0.ltrans.o
 .text.LL_TIM_OC_DisablePreload
                0x08000a48       0x40 /var/folders/t_/9lzv5v214yg8tqnd_qsbsvwm0000gn/T//ccxROf0W.ltrans0.ltrans.o
 .text.LL_DMA_EnableChannel.lto_priv.0
                0x08000a88       0x14 /var/folders/t_/9lzv5v214yg8tqnd_qsbsvwm0000gn/T//ccxROf0W.ltrans0.ltrans.o
 .text.LL_DMA_DisableChannel.lto_priv.1
                0x08000a9c       0x14 /var/folders/t_/9lzv5v214yg8tqnd_qsbsvwm0000gn/T//ccxROf0W.ltrans0.ltrans.o
 .text.LL_DMA_SetDataLength.lto_priv.0
                0x08000ab0       0x18 /var/folders/t_/9lzv5v214yg8tqnd_qsbsvwm0000gn/T//ccxROf0W.ltrans0.ltrans.o
 .text.LL_DMA_EnableIT_TC
                0x08000ac8       0x14 /var/folders/t_/9lzv5v214yg8tqnd_qsbsvwm0000gn/T//ccxROf0W.ltrans0.ltrans.o
 .text.R1_1ShuntMotorVarsInit
                0x08000adc       0x78 /var/folders/t_/9lzv5v214yg8tqnd_qsbsvwm0000gn/T//ccxROf0W.ltrans0.ltrans.o
 .text.R1_SetOffsetCalib
                0x08000b54       0x10 /var/folders/t_/9lzv5v214yg8tqnd_qsbsvwm0000gn/T//ccxROf0W.ltrans0.ltrans.o
 .text.R1_GetOffsetCalib
                0x08000b64        0x8 /var/folders/t_/9lzv5v214yg8tqnd_qsbsvwm0000gn/T//ccxROf0W.ltrans0.ltrans.o
 .text.R1_HFCurrentsCalibration
                0x08000b6c       0x42 /var/folders/t_/9lzv5v214yg8tqnd_qsbsvwm0000gn/T//ccxROf0W.ltrans0.ltrans.o
 *fill*         0x08000bae        0x2 
 .text.R1_SetADCSampPointPolarization
                0x08000bb0       0x74 /var/folders/t_/9lzv5v214yg8tqnd_qsbsvwm0000gn/T//ccxROf0W.ltrans0.ltrans.o
 .text.R1_GetPhaseCurrents
                0x08000c24      0x240 /var/folders/t_/9lzv5v214yg8tqnd_qsbsvwm0000gn/T//ccxROf0W.ltrans0.ltrans.o
 .text.R1_TurnOnLowSides
                0x08000e64       0x56 /var/folders/t_/9lzv5v214yg8tqnd_qsbsvwm0000gn/T//ccxROf0W.ltrans0.ltrans.o
 *fill*         0x08000eba        0x2 
 .text.R1_SwitchOnPWM
                0x08000ebc      0x264 /var/folders/t_/9lzv5v214yg8tqnd_qsbsvwm0000gn/T//ccxROf0W.ltrans0.ltrans.o
 .text.R1_CalcDutyCycles
                0x08001120      0x344 /var/folders/t_/9lzv5v214yg8tqnd_qsbsvwm0000gn/T//ccxROf0W.ltrans0.ltrans.o
 .text.R1_SwitchOffPWM
                0x08001464      0x184 /var/folders/t_/9lzv5v214yg8tqnd_qsbsvwm0000gn/T//ccxROf0W.ltrans0.ltrans.o
 .text.R1_CurrentReadingCalibration
                0x080015e8       0xf0 /var/folders/t_/9lzv5v214yg8tqnd_qsbsvwm0000gn/T//ccxROf0W.ltrans0.ltrans.o
 .text.UASPEP_INIT
                0x080016d8       0x8c /var/folders/t_/9lzv5v214yg8tqnd_qsbsvwm0000gn/T//ccxROf0W.ltrans0.ltrans.o
 .text.UASPEP_CFG_TRANSMISSION
                0x08001764       0x30 /var/folders/t_/9lzv5v214yg8tqnd_qsbsvwm0000gn/T//ccxROf0W.ltrans0.ltrans.o
 .text.UASPEP_CFG_RECEPTION
                0x08001794       0x2c /var/folders/t_/9lzv5v214yg8tqnd_qsbsvwm0000gn/T//ccxROf0W.ltrans0.ltrans.o
 .text.UASPEP_IDLE_ENABLE
                0x080017c0       0x1c /var/folders/t_/9lzv5v214yg8tqnd_qsbsvwm0000gn/T//ccxROf0W.ltrans0.ltrans.o
 .text.ASPEP_getBuffer
                0x080017dc       0x20 /var/folders/t_/9lzv5v214yg8tqnd_qsbsvwm0000gn/T//ccxROf0W.ltrans0.ltrans.o
 .text.ASPEP_CheckBeacon
                0x080017fc       0x9e /var/folders/t_/9lzv5v214yg8tqnd_qsbsvwm0000gn/T//ccxROf0W.ltrans0.ltrans.o
 *fill*         0x0800189a        0x2 
 .text.ASPEP_TXframeProcess
                0x0800189c       0xa4 /var/folders/t_/9lzv5v214yg8tqnd_qsbsvwm0000gn/T//ccxROf0W.ltrans0.ltrans.o
 .text.ASPEP_sendBeacon
                0x08001940       0x32 /var/folders/t_/9lzv5v214yg8tqnd_qsbsvwm0000gn/T//ccxROf0W.ltrans0.ltrans.o
 .text.ASPEP_sendPing
                0x08001972       0x40 /var/folders/t_/9lzv5v214yg8tqnd_qsbsvwm0000gn/T//ccxROf0W.ltrans0.ltrans.o
 .text.ASPEP_sendPacket
                0x080019b2       0x52 /var/folders/t_/9lzv5v214yg8tqnd_qsbsvwm0000gn/T//ccxROf0W.ltrans0.ltrans.o
 .text.ASPEP_RXframeProcess
                0x08001a04      0x120 /var/folders/t_/9lzv5v214yg8tqnd_qsbsvwm0000gn/T//ccxROf0W.ltrans0.ltrans.o
 .text.HAL_RCC_GetSysClockFreq
                0x08001b24       0x4c /var/folders/t_/9lzv5v214yg8tqnd_qsbsvwm0000gn/T//ccxROf0W.ltrans0.ltrans.o
 .text.HAL_GPIO_Init
                0x08001b70      0x1a4 /var/folders/t_/9lzv5v214yg8tqnd_qsbsvwm0000gn/T//ccxROf0W.ltrans0.ltrans.o
 .text.__NVIC_SetPriority.part.0
                0x08001d14       0x34 /var/folders/t_/9lzv5v214yg8tqnd_qsbsvwm0000gn/T//ccxROf0W.ltrans0.ltrans.o
 .text.__NVIC_SetPriority
                0x08001d48       0x3c /var/folders/t_/9lzv5v214yg8tqnd_qsbsvwm0000gn/T//ccxROf0W.ltrans0.ltrans.o
 .text.TIM_Base_SetConfig
                0x08001d84       0x8c /var/folders/t_/9lzv5v214yg8tqnd_qsbsvwm0000gn/T//ccxROf0W.ltrans0.ltrans.o
 .text.PI_Controller
                0x08001e10       0x74 /var/folders/t_/9lzv5v214yg8tqnd_qsbsvwm0000gn/T//ccxROf0W.ltrans0.ltrans.o
 .text.STC_ExecRamp
                0x08001e84       0x80 /var/folders/t_/9lzv5v214yg8tqnd_qsbsvwm0000gn/T//ccxROf0W.ltrans0.ltrans.o
 .text.STC_CalcTorqueReference
                0x08001f04       0x4c /var/folders/t_/9lzv5v214yg8tqnd_qsbsvwm0000gn/T//ccxROf0W.ltrans0.ltrans.o
 .text.MCI_ExecBufferedCommands.constprop.0
                0x08001f50       0x7c /var/folders/t_/9lzv5v214yg8tqnd_qsbsvwm0000gn/T//ccxROf0W.ltrans0.ltrans.o
 .text.FOC_CalcCurrRef.constprop.0
                0x08001fcc       0x34 /var/folders/t_/9lzv5v214yg8tqnd_qsbsvwm0000gn/T//ccxROf0W.ltrans0.ltrans.o
 .text.FOC_Clear.constprop.0
                0x08002000       0x5c /var/folders/t_/9lzv5v214yg8tqnd_qsbsvwm0000gn/T//ccxROf0W.ltrans0.ltrans.o
 .text.TSK_MF_StopProcessing.constprop.0
                0x0800205c       0x2c /var/folders/t_/9lzv5v214yg8tqnd_qsbsvwm0000gn/T//ccxROf0W.ltrans0.ltrans.o
 .text.HAL_InitTick.constprop.0
                0x08002088       0x5c /var/folders/t_/9lzv5v214yg8tqnd_qsbsvwm0000gn/T//ccxROf0W.ltrans0.ltrans.o
 .text.UART_EndRxTransfer.constprop.0
                0x080020e4       0x64 /var/folders/t_/9lzv5v214yg8tqnd_qsbsvwm0000gn/T//ccxROf0W.ltrans0.ltrans.o
 .text.UART_WaitOnFlagUntilTimeout.constprop.0
                0x08002148       0x90 /var/folders/t_/9lzv5v214yg8tqnd_qsbsvwm0000gn/T//ccxROf0W.ltrans0.ltrans.o
 .text.HAL_TIMEx_MasterConfigSynchronization.constprop.0
                0x080021d8       0x54 /var/folders/t_/9lzv5v214yg8tqnd_qsbsvwm0000gn/T//ccxROf0W.ltrans0.ltrans.o
 .text.HAL_DMA_Init.part.0.constprop.0
                0x0800222c       0x5c /var/folders/t_/9lzv5v214yg8tqnd_qsbsvwm0000gn/T//ccxROf0W.ltrans0.ltrans.o
 .text.RI_GetRegisterMotor1
                0x08002288      0x280 /var/folders/t_/9lzv5v214yg8tqnd_qsbsvwm0000gn/T//ccxROf0W.ltrans0.ltrans.o
 .text.startup.main
                0x08002508     0x1140 /var/folders/t_/9lzv5v214yg8tqnd_qsbsvwm0000gn/T//ccxROf0W.ltrans0.ltrans.o
                0x08002508                main
 .text.TIM2_IRQHandler
                0x08003648       0x28 /var/folders/t_/9lzv5v214yg8tqnd_qsbsvwm0000gn/T//ccxROf0W.ltrans0.ltrans.o
                0x08003648                TIM2_IRQHandler
 .text.USART1_IRQHandler
                0x08003670      0x114 /var/folders/t_/9lzv5v214yg8tqnd_qsbsvwm0000gn/T//ccxROf0W.ltrans0.ltrans.o
                0x08003670                USART1_IRQHandler
 .text.HardFault_Handler
                0x08003784       0x1c /var/folders/t_/9lzv5v214yg8tqnd_qsbsvwm0000gn/T//ccxROf0W.ltrans0.ltrans.o
                0x08003784                HardFault_Handler
 .text.SysTick_Handler
                0x080037a0      0xa34 /var/folders/t_/9lzv5v214yg8tqnd_qsbsvwm0000gn/T//ccxROf0W.ltrans0.ltrans.o
                0x080037a0                SysTick_Handler
 .text.EXTI4_15_IRQHandler
                0x080041d4       0x30 /var/folders/t_/9lzv5v214yg8tqnd_qsbsvwm0000gn/T//ccxROf0W.ltrans0.ltrans.o
                0x080041d4                EXTI4_15_IRQHandler
 .text.DMA1_Channel1_IRQHandler
                0x08004204      0x580 /var/folders/t_/9lzv5v214yg8tqnd_qsbsvwm0000gn/T//ccxROf0W.ltrans0.ltrans.o
                0x08004204                DMA1_Channel1_IRQHandler
 .text.TIM1_BRK_UP_TRG_COM_IRQHandler
                0x08004784       0xa4 /var/folders/t_/9lzv5v214yg8tqnd_qsbsvwm0000gn/T//ccxROf0W.ltrans0.ltrans.o
                0x08004784                TIM1_BRK_UP_TRG_COM_IRQHandler
 .text.DMA1_Channel4_5_IRQHandler
                0x08004828       0x7c /var/folders/t_/9lzv5v214yg8tqnd_qsbsvwm0000gn/T//ccxROf0W.ltrans0.ltrans.o
                0x08004828                DMA1_Channel4_5_IRQHandler
 .text.NMI_Handler
                0x080048a4        0x2 /var/folders/t_/9lzv5v214yg8tqnd_qsbsvwm0000gn/T//ccxROf0W.ltrans0.ltrans.o
                0x080048a4                NMI_Handler
 .text.PendSV_Handler
                0x080048a6        0x2 /var/folders/t_/9lzv5v214yg8tqnd_qsbsvwm0000gn/T//ccxROf0W.ltrans0.ltrans.o
                0x080048a6                PendSV_Handler
 .text.SystemInit
                0x080048a8        0x2 /var/folders/t_/9lzv5v214yg8tqnd_qsbsvwm0000gn/T//ccxROf0W.ltrans0.ltrans.o
                0x080048a8                SystemInit
 *fill*         0x080048aa        0x2 
 .text.Reset_Handler
                0x080048ac       0x50 CMakeFiles/test-md-bench.dir/startup_stm32f031x6.s.obj
                0x080048ac                Reset_Handler
 .text.Default_Handler
                0x080048fc        0x2 CMakeFiles/test-md-bench.dir/startup_stm32f031x6.s.obj
                0x080048fc                FLASH_IRQHandler
                0x080048fc                PVD_IRQHandler
                0x080048fc                I2C1_IRQHandler
                0x080048fc                SPI1_IRQHandler
                0x080048fc                EXTI2_3_IRQHandler
                0x080048fc                ADC1_IRQHandler
                0x080048fc                TIM17_IRQHandler
                0x080048fc                RTC_IRQHandler
                0x080048fc                TIM16_IRQHandler
                0x080048fc                TIM3_IRQHandler
                0x080048fc                RCC_IRQHandler
                0x080048fc                Default_Handler
                0x080048fc                TIM14_IRQHandler
                0x080048fc                EXTI0_1_IRQHandler
                0x080048fc                SVC_Handler
                0x080048fc                WWDG_IRQHandler
                0x080048fc                DMA1_Channel2_3_IRQHandler
                0x080048fc                TIM1_CC_IRQHandler
 .text.memcpy   0x080048fe       0x12 /Applications/ArmGNUToolchain/13.3.rel1/arm-none-eabi/bin/../lib/gcc/arm-none-eabi/13.3.1/../../../../arm-none-eabi/lib/thumb/v6-m/nofp/libg_nano.a(libc_a-memcpy-stub.o)
                0x080048fe                memcpy
 .text.__aeabi_fmul
                0x08004910      0x280 /Applications/ArmGNUToolchain/13.3.rel1/arm-none-eabi/bin/../lib/gcc/arm-none-eabi/13.3.1/thumb/v6-m/nofp/libgcc.a(mulsf3.o)
                0x08004910                __aeabi_fmul
 .text.__aeabi_i2f
                0x08004b90       0x94 /Applications/ArmGNUToolchain/13.3.rel1/arm-none-eabi/bin/../lib/gcc/arm-none-eabi/13.3.1/thumb/v6-m/nofp/libgcc.a(floatsisf.o)
                0x08004b90                __aeabi_i2f
 .text.__aeabi_ui2f
                0x08004c24       0x80 /Applications/ArmGNUToolchain/13.3.rel1/arm-none-eabi/bin/../lib/gcc/arm-none-eabi/13.3.1/thumb/v6-m/nofp/libgcc.a(floatunsisf.o)
                0x08004c24                __aeabi_ui2f
 *(.glue_7)
 .glue_7        0x08004ca4        0x0 linker stubs
 *(.glue_7t)
 .glue_7t       0x08004ca4        0x0 linker stubs
 *(.eh_frame)
 .eh_frame      0x08004ca4        0x0 /Applications/ArmGNUToolchain/13.3.rel1/arm-none-eabi/bin/../lib/gcc/arm-none-eabi/13.3.1/thumb/v6-m/nofp/crtbegin.o
 *(.init)
 .init          0x08004ca4        0x4 /Applications/ArmGNUToolchain/13.3.rel1/arm-none-eabi/bin/../lib/gcc/arm-none-eabi/13.3.1/thumb/v6-m/nofp/crti.o
                0x08004ca4                _init
 .init          0x08004ca8        0x8 /Applications/ArmGNUToolchain/13.3.rel1/arm-none-eabi/bin/../lib/gcc/arm-none-eabi/13.3.1/thumb/v6-m/nofp/crtn.o
 *(.fini)
 .fini          0x08004cb0        0x4 /Applications/ArmGNUToolchain/13.3.rel1/arm-none-eabi/bin/../lib/gcc/arm-none-eabi/13.3.1/thumb/v6-m/nofp/crti.o
                0x08004cb0                _fini
 .fini          0x08004cb4        0x8 /Applications/ArmGNUToolchain/13.3.rel1/arm-none-eabi/bin/../lib/gcc/arm-none-eabi/13.3.1/thumb/v6-m/nofp/crtn.o
                0x08004cbc                        . = ALIGN (0x4)
                0x08004cbc                        _etext = .

.vfp11_veneer   0x08004cbc        0x0
 .vfp11_veneer  0x08004cbc        0x0 linker stubs

.v4_bx          0x08004cbc        0x0
 .v4_bx         0x08004cbc        0x0 linker stubs

.iplt           0x08004cbc        0x0
 .iplt          0x08004cbc        0x0 /Applications/ArmGNUToolchain/13.3.rel1/arm-none-eabi/bin/../lib/gcc/arm-none-eabi/13.3.1/thumb/v6-m/nofp/crtbegin.o

.rodata         0x08004cbc      0xbc8
                0x08004cbc                        . = ALIGN (0x4)
 *(.rodata)
 *(.rodata*)
 .rodata.M1_FOCConfig_reg
                0x08004cbc        0xe /var/folders/t_/9lzv5v214yg8tqnd_qsbsvwm0000gn/T//ccxROf0W.ltrans0.ltrans.o
 *fill*         0x08004cca        0x2 
 .rodata.M1_ApplicationConfig_reg
                0x08004ccc       0x10 /var/folders/t_/9lzv5v214yg8tqnd_qsbsvwm0000gn/T//ccxROf0W.ltrans0.ltrans.o
 .rodata.R1_ParamsM1
                0x08004cdc       0x28 /var/folders/t_/9lzv5v214yg8tqnd_qsbsvwm0000gn/T//ccxROf0W.ltrans0.ltrans.o
 .rodata.aPredivFactorTable.0
                0x08004d04       0x10 /var/folders/t_/9lzv5v214yg8tqnd_qsbsvwm0000gn/T//ccxROf0W.ltrans0.ltrans.o
 .rodata.aPLLMULFactorTable.1
                0x08004d14       0x10 /var/folders/t_/9lzv5v214yg8tqnd_qsbsvwm0000gn/T//ccxROf0W.ltrans0.ltrans.o
 .rodata.CRC4_Lookup4
                0x08004d24       0x10 /var/folders/t_/9lzv5v214yg8tqnd_qsbsvwm0000gn/T//ccxROf0W.ltrans0.ltrans.o
 .rodata.CHANNEL_OFFSET_TAB.lto_priv.2
                0x08004d34        0x5 /var/folders/t_/9lzv5v214yg8tqnd_qsbsvwm0000gn/T//ccxROf0W.ltrans0.ltrans.o
 *fill*         0x08004d39        0x3 
 .rodata.ALFLAG
                0x08004d3c        0x3 /var/folders/t_/9lzv5v214yg8tqnd_qsbsvwm0000gn/T//ccxROf0W.ltrans0.ltrans.o
 *fill*         0x08004d3f        0x1 
 .rodata.SHIFT_TAB_OCxx
                0x08004d40        0x7 /var/folders/t_/9lzv5v214yg8tqnd_qsbsvwm0000gn/T//ccxROf0W.ltrans0.ltrans.o
 *fill*         0x08004d47        0x1 
 .rodata.OFFSET_TAB_CCMRx.lto_priv.0
                0x08004d48        0x7 /var/folders/t_/9lzv5v214yg8tqnd_qsbsvwm0000gn/T//ccxROf0W.ltrans0.ltrans.o
 *fill*         0x08004d4f        0x1 
 .rodata.globalConfig_reg
                0x08004d50        0xa /var/folders/t_/9lzv5v214yg8tqnd_qsbsvwm0000gn/T//ccxROf0W.ltrans0.ltrans.o
 *fill*         0x08004d5a        0x2 
 .rodata.SqrtTable
                0x08004d5c      0x802 /var/folders/t_/9lzv5v214yg8tqnd_qsbsvwm0000gn/T//ccxROf0W.ltrans0.ltrans.o
 *fill*         0x0800555e        0x2 
 .rodata.CRC4_Lookup8
                0x08005560      0x100 /var/folders/t_/9lzv5v214yg8tqnd_qsbsvwm0000gn/T//ccxROf0W.ltrans0.ltrans.o
 .rodata.hSin_Cos_Table
                0x08005660      0x200 /var/folders/t_/9lzv5v214yg8tqnd_qsbsvwm0000gn/T//ccxROf0W.ltrans0.ltrans.o
 .rodata.AHBPrescTable
                0x08005860       0x10 /var/folders/t_/9lzv5v214yg8tqnd_qsbsvwm0000gn/T//ccxROf0W.ltrans0.ltrans.o
 .rodata.APBPrescTable
                0x08005870        0x8 /var/folders/t_/9lzv5v214yg8tqnd_qsbsvwm0000gn/T//ccxROf0W.ltrans0.ltrans.o
 .rodata.CSWTCH.59
                0x08005878        0x3 /var/folders/t_/9lzv5v214yg8tqnd_qsbsvwm0000gn/T//ccxROf0W.ltrans0.ltrans.o
 *fill*         0x0800587b        0x1 
 .rodata.CHANNEL_OFFSET_TAB.lto_priv.1
                0x0800587c        0x5 /var/folders/t_/9lzv5v214yg8tqnd_qsbsvwm0000gn/T//ccxROf0W.ltrans0.ltrans.o
                0x08005884                        . = ALIGN (0x4)
 *fill*         0x08005881        0x3 

.rel.dyn        0x08005884        0x0
 .rel.iplt      0x08005884        0x0 /Applications/ArmGNUToolchain/13.3.rel1/arm-none-eabi/bin/../lib/gcc/arm-none-eabi/13.3.1/thumb/v6-m/nofp/crtbegin.o

.ARM.extab
 *(.ARM.extab* .gnu.linkonce.armextab.*)

.ARM            0x08005884        0x0
                0x08005884                        __exidx_start = .
 *(.ARM.exidx*)
                0x08005884                        __exidx_end = .

.preinit_array  0x08005884        0x0
                0x08005884                        PROVIDE (__preinit_array_start = .)
 *(.preinit_array*)
                0x08005884                        PROVIDE (__preinit_array_end = .)

.init_array     0x08005884        0x4
                0x08005884                        PROVIDE (__init_array_start = .)
 *(SORT_BY_NAME(.init_array.*))
 *(.init_array*)
 .init_array    0x08005884        0x4 /Applications/ArmGNUToolchain/13.3.rel1/arm-none-eabi/bin/../lib/gcc/arm-none-eabi/13.3.1/thumb/v6-m/nofp/crtbegin.o
                0x08005888                        PROVIDE (__init_array_end = .)

.fini_array     0x08005888        0x4
                [!provide]                        PROVIDE (__fini_array_start = .)
 *(SORT_BY_NAME(.fini_array.*))
 *(.fini_array*)
 .fini_array    0x08005888        0x4 /Applications/ArmGNUToolchain/13.3.rel1/arm-none-eabi/bin/../lib/gcc/arm-none-eabi/13.3.1/thumb/v6-m/nofp/crtbegin.o
                [!provide]                        PROVIDE (__fini_array_end = .)
                0x0800588c                        _sidata = LOADADDR (.data)

.data           0x20000000      0x3b8 load address 0x0800588c
                0x20000000                        . = ALIGN (0x4)
                0x20000000                        _sdata = .
 *(.data)
 *(.data*)
 .data.PQD_MotorPowMeasM1
                0x20000000       0x10 /var/folders/t_/9lzv5v214yg8tqnd_qsbsvwm0000gn/T//ccxROf0W.ltrans0.ltrans.o
 .data.UASPEP_A
                0x20000010       0x14 /var/folders/t_/9lzv5v214yg8tqnd_qsbsvwm0000gn/T//ccxROf0W.ltrans0.ltrans.o
 .data.SpeednTorqCtrlM1
                0x20000024       0x34 /var/folders/t_/9lzv5v214yg8tqnd_qsbsvwm0000gn/T//ccxROf0W.ltrans0.ltrans.o
 .data.FOCConfig_reg
                0x20000058        0x4 /var/folders/t_/9lzv5v214yg8tqnd_qsbsvwm0000gn/T//ccxROf0W.ltrans0.ltrans.o
 .data.scaleParams_M1
                0x2000005c       0x10 /var/folders/t_/9lzv5v214yg8tqnd_qsbsvwm0000gn/T//ccxROf0W.ltrans0.ltrans.o
 .data.ApplicationConfig_reg
                0x2000006c        0x4 /var/folders/t_/9lzv5v214yg8tqnd_qsbsvwm0000gn/T//ccxROf0W.ltrans0.ltrans.o
 .data.CircleLimitationM1
                0x20000070        0x4 /var/folders/t_/9lzv5v214yg8tqnd_qsbsvwm0000gn/T//ccxROf0W.ltrans0.ltrans.o
 .data.pPIDId   0x20000074        0x4 /var/folders/t_/9lzv5v214yg8tqnd_qsbsvwm0000gn/T//ccxROf0W.ltrans0.ltrans.o
 .data.pPIDIq   0x20000078        0x4 /var/folders/t_/9lzv5v214yg8tqnd_qsbsvwm0000gn/T//ccxROf0W.ltrans0.ltrans.o
 .data.uwTickFreq
                0x2000007c        0x1 /var/folders/t_/9lzv5v214yg8tqnd_qsbsvwm0000gn/T//ccxROf0W.ltrans0.ltrans.o
 *fill*         0x2000007d        0x3 
 .data.MCP_Over_UartA
                0x20000080       0x10 /var/folders/t_/9lzv5v214yg8tqnd_qsbsvwm0000gn/T//ccxROf0W.ltrans0.ltrans.o
 .data.SystickDividerCounter.0
                0x20000090        0x1 /var/folders/t_/9lzv5v214yg8tqnd_qsbsvwm0000gn/T//ccxROf0W.ltrans0.ltrans.o
 *fill*         0x20000091        0x3 
 .data.SystemCoreClock
                0x20000094        0x4 /var/folders/t_/9lzv5v214yg8tqnd_qsbsvwm0000gn/T//ccxROf0W.ltrans0.ltrans.o
 .data.RampExtMngrHFParamsM1
                0x20000098       0x18 /var/folders/t_/9lzv5v214yg8tqnd_qsbsvwm0000gn/T//ccxROf0W.ltrans0.ltrans.o
 .data.pMPM     0x200000b0        0x4 /var/folders/t_/9lzv5v214yg8tqnd_qsbsvwm0000gn/T//ccxROf0W.ltrans0.ltrans.o
 .data.PIDIdHandle_M1
                0x200000b4       0x2c /var/folders/t_/9lzv5v214yg8tqnd_qsbsvwm0000gn/T//ccxROf0W.ltrans0.ltrans.o
 .data.PIDIqHandle_M1
                0x200000e0       0x2c /var/folders/t_/9lzv5v214yg8tqnd_qsbsvwm0000gn/T//ccxROf0W.ltrans0.ltrans.o
 .data.EncAlignCtrlM1
                0x2000010c       0x1c /var/folders/t_/9lzv5v214yg8tqnd_qsbsvwm0000gn/T//ccxROf0W.ltrans0.ltrans.o
 .data.pSTC     0x20000128        0x4 /var/folders/t_/9lzv5v214yg8tqnd_qsbsvwm0000gn/T//ccxROf0W.ltrans0.ltrans.o
 .data.ENCODER_M1
                0x2000012c       0x88 /var/folders/t_/9lzv5v214yg8tqnd_qsbsvwm0000gn/T//ccxROf0W.ltrans0.ltrans.o
 .data.PWM_Handle_M1
                0x200001b4       0xd0 /var/folders/t_/9lzv5v214yg8tqnd_qsbsvwm0000gn/T//ccxROf0W.ltrans0.ltrans.o
 .data.TempSensor_M1
                0x20000284       0x1c /var/folders/t_/9lzv5v214yg8tqnd_qsbsvwm0000gn/T//ccxROf0W.ltrans0.ltrans.o
 .data.BusVoltageSensor_M1
                0x200002a0       0x1c /var/folders/t_/9lzv5v214yg8tqnd_qsbsvwm0000gn/T//ccxROf0W.ltrans0.ltrans.o
 .data.VbusRegConv_M1
                0x200002bc       0x10 /var/folders/t_/9lzv5v214yg8tqnd_qsbsvwm0000gn/T//ccxROf0W.ltrans0.ltrans.o
 .data.VirtualSpeedSensorM1
                0x200002cc       0x38 /var/folders/t_/9lzv5v214yg8tqnd_qsbsvwm0000gn/T//ccxROf0W.ltrans0.ltrans.o
 .data.PIDSpeedHandle_M1
                0x20000304       0x2c /var/folders/t_/9lzv5v214yg8tqnd_qsbsvwm0000gn/T//ccxROf0W.ltrans0.ltrans.o
 .data.aspepOverUartA
                0x20000330       0x5c /var/folders/t_/9lzv5v214yg8tqnd_qsbsvwm0000gn/T//ccxROf0W.ltrans0.ltrans.o
 .data.Mci      0x2000038c       0x28 /var/folders/t_/9lzv5v214yg8tqnd_qsbsvwm0000gn/T//ccxROf0W.ltrans0.ltrans.o
 .data.uwTickPrio
                0x200003b4        0x4 /var/folders/t_/9lzv5v214yg8tqnd_qsbsvwm0000gn/T//ccxROf0W.ltrans0.ltrans.o
                0x200003b8                        . = ALIGN (0x4)
                0x200003b8                        _edata = .

.tm_clone_table
                0x200003b8        0x0 load address 0x08005c44
 .tm_clone_table
                0x200003b8        0x0 /Applications/ArmGNUToolchain/13.3.rel1/arm-none-eabi/bin/../lib/gcc/arm-none-eabi/13.3.1/thumb/v6-m/nofp/crtbegin.o
 .tm_clone_table
                0x200003b8        0x0 /Applications/ArmGNUToolchain/13.3.rel1/arm-none-eabi/bin/../lib/gcc/arm-none-eabi/13.3.1/thumb/v6-m/nofp/crtend.o

.igot.plt       0x200003b8        0x0 load address 0x08005c44
 .igot.plt      0x200003b8        0x0 /Applications/ArmGNUToolchain/13.3.rel1/arm-none-eabi/bin/../lib/gcc/arm-none-eabi/13.3.1/thumb/v6-m/nofp/crtbegin.o
                0x200003b8                        . = ALIGN (0x4)

.bss            0x200003b8      0x488 load address 0x08005c44
                0x200003b8                        _sbss = .
                0x200003b8                        __bss_start__ = _sbss
 *(.bss)
 *(.bss*)
 .bss.completed.1
                0x200003b8        0x1 /Applications/ArmGNUToolchain/13.3.rel1/arm-none-eabi/bin/../lib/gcc/arm-none-eabi/13.3.1/thumb/v6-m/nofp/crtbegin.o
 *fill*         0x200003b9        0x3 
 .bss.object.0  0x200003bc       0x18 /Applications/ArmGNUToolchain/13.3.rel1/arm-none-eabi/bin/../lib/gcc/arm-none-eabi/13.3.1/thumb/v6-m/nofp/crtbegin.o
 .bss.RealBusVoltageSensorFilterBufferM1
                0x200003d4       0x14 /var/folders/t_/9lzv5v214yg8tqnd_qsbsvwm0000gn/T//ccxROf0W.ltrans0.ltrans.o
 .bss.MCPSyncTxBuff
                0x200003e8       0x86 /var/folders/t_/9lzv5v214yg8tqnd_qsbsvwm0000gn/T//ccxROf0W.ltrans0.ltrans.o
 *fill*         0x2000046e        0x2 
 .bss.MCPSyncRXBuff
                0x20000470       0x82 /var/folders/t_/9lzv5v214yg8tqnd_qsbsvwm0000gn/T//ccxROf0W.ltrans0.ltrans.o
 .bss.RCM_UserConvValue
                0x200004f2        0x2 /var/folders/t_/9lzv5v214yg8tqnd_qsbsvwm0000gn/T//ccxROf0W.ltrans0.ltrans.o
 .bss.RCM_UserConvState
                0x200004f4        0x1 /var/folders/t_/9lzv5v214yg8tqnd_qsbsvwm0000gn/T//ccxROf0W.ltrans0.ltrans.o
 *fill*         0x200004f5        0x3 
 .bss.RCM_UserConvHandle
                0x200004f8        0x4 /var/folders/t_/9lzv5v214yg8tqnd_qsbsvwm0000gn/T//ccxROf0W.ltrans0.ltrans.o
 .bss.MCP_UserCallBack
                0x200004fc        0x8 /var/folders/t_/9lzv5v214yg8tqnd_qsbsvwm0000gn/T//ccxROf0W.ltrans0.ltrans.o
 .bss.hStopPermanencyCounterM1.lto_priv.0
                0x20000504        0x2 /var/folders/t_/9lzv5v214yg8tqnd_qsbsvwm0000gn/T//ccxROf0W.ltrans0.ltrans.o
 .bss.hBootCapDelayCounterM1.lto_priv.0
                0x20000506        0x2 /var/folders/t_/9lzv5v214yg8tqnd_qsbsvwm0000gn/T//ccxROf0W.ltrans0.ltrans.o
 .bss.hMFTaskCounterM1
                0x20000508        0x2 /var/folders/t_/9lzv5v214yg8tqnd_qsbsvwm0000gn/T//ccxROf0W.ltrans0.ltrans.o
 .bss.RCM_currentHandle
                0x2000050a        0x1 /var/folders/t_/9lzv5v214yg8tqnd_qsbsvwm0000gn/T//ccxROf0W.ltrans0.ltrans.o
 *fill*         0x2000050b        0x1 
 .bss.hdma_adc  0x2000050c       0x44 /var/folders/t_/9lzv5v214yg8tqnd_qsbsvwm0000gn/T//ccxROf0W.ltrans0.ltrans.o
 .bss.hadc      0x20000550       0x40 /var/folders/t_/9lzv5v214yg8tqnd_qsbsvwm0000gn/T//ccxROf0W.ltrans0.ltrans.o
 .bss.hdma_tim1_ch3_up
                0x20000590       0x44 /var/folders/t_/9lzv5v214yg8tqnd_qsbsvwm0000gn/T//ccxROf0W.ltrans0.ltrans.o
 .bss.hdma_tim1_ch4_trig_com
                0x200005d4       0x44 /var/folders/t_/9lzv5v214yg8tqnd_qsbsvwm0000gn/T//ccxROf0W.ltrans0.ltrans.o
 .bss.htim1     0x20000618       0x48 /var/folders/t_/9lzv5v214yg8tqnd_qsbsvwm0000gn/T//ccxROf0W.ltrans0.ltrans.o
 .bss.htim2     0x20000660       0x48 /var/folders/t_/9lzv5v214yg8tqnd_qsbsvwm0000gn/T//ccxROf0W.ltrans0.ltrans.o
 .bss.uwTick    0x200006a8        0x4 /var/folders/t_/9lzv5v214yg8tqnd_qsbsvwm0000gn/T//ccxROf0W.ltrans0.ltrans.o
 .bss.hdma_usart1_tx
                0x200006ac       0x44 /var/folders/t_/9lzv5v214yg8tqnd_qsbsvwm0000gn/T//ccxROf0W.ltrans0.ltrans.o
 .bss.hdma_usart1_rx
                0x200006f0       0x44 /var/folders/t_/9lzv5v214yg8tqnd_qsbsvwm0000gn/T//ccxROf0W.ltrans0.ltrans.o
 .bss.huart1    0x20000734       0x88 /var/folders/t_/9lzv5v214yg8tqnd_qsbsvwm0000gn/T//ccxROf0W.ltrans0.ltrans.o
 .bss.pREMNG    0x200007bc        0x4 /var/folders/t_/9lzv5v214yg8tqnd_qsbsvwm0000gn/T//ccxROf0W.ltrans0.ltrans.o
 .bss.FOCVars   0x200007c0       0x26 /var/folders/t_/9lzv5v214yg8tqnd_qsbsvwm0000gn/T//ccxROf0W.ltrans0.ltrans.o
 *fill*         0x200007e6        0x2 
 .bss.pEAC      0x200007e8        0x4 /var/folders/t_/9lzv5v214yg8tqnd_qsbsvwm0000gn/T//ccxROf0W.ltrans0.ltrans.o
 .bss.pwmcHandle
                0x200007ec        0x4 /var/folders/t_/9lzv5v214yg8tqnd_qsbsvwm0000gn/T//ccxROf0W.ltrans0.ltrans.o
 .bss.RCM_NoInj_array
                0x200007f0       0x18 /var/folders/t_/9lzv5v214yg8tqnd_qsbsvwm0000gn/T//ccxROf0W.ltrans0.ltrans.o
 .bss.RCM_CB_array
                0x20000808       0x20 /var/folders/t_/9lzv5v214yg8tqnd_qsbsvwm0000gn/T//ccxROf0W.ltrans0.ltrans.o
 .bss.RCM_handle_array
                0x20000828       0x10 /var/folders/t_/9lzv5v214yg8tqnd_qsbsvwm0000gn/T//ccxROf0W.ltrans0.ltrans.o
 .bss.bMCBootCompleted
                0x20000838        0x1 /var/folders/t_/9lzv5v214yg8tqnd_qsbsvwm0000gn/T//ccxROf0W.ltrans0.ltrans.o
 *fill*         0x20000839        0x3 
 .bss.pMCI      0x2000083c        0x4 /var/folders/t_/9lzv5v214yg8tqnd_qsbsvwm0000gn/T//ccxROf0W.ltrans0.ltrans.o
 *(COMMON)
                0x20000840                        . = ALIGN (0x4)
                0x20000840                        _ebss = .
                0x20000840                        __bss_end__ = _ebss

._user_heap_stack
                0x20000840      0x480 load address 0x08005c44
                0x20000840                        . = ALIGN (0x8)
                [!provide]                        PROVIDE (end = .)
                0x20000840                        PROVIDE (_end = .)
                0x200008c0                        . = (. + _Min_Heap_Size)
 *fill*         0x20000840       0x80 
                0x20000cc0                        . = (. + _Min_Stack_Size)
 *fill*         0x200008c0      0x400 
                0x20000cc0                        . = ALIGN (0x8)

/DISCARD/
 libc.a(*)
 libm.a(*)
 libgcc.a(*)
OUTPUT(test-md-bench.elf elf32-littlearm)
LOAD linker stubs
LOAD /Applications/ArmGNUToolchain/13.3.rel1/arm-none-eabi/bin/../lib/gcc/arm-none-eabi/13.3.1/../../../../arm-none-eabi/lib/thumb/v6-m/nofp/libc.a
LOAD /Applications/ArmGNUToolchain/13.3.rel1/arm-none-eabi/bin/../lib/gcc/arm-none-eabi/13.3.1/../../../../arm-none-eabi/lib/thumb/v6-m/nofp/libm.a
LOAD /Applications/ArmGNUToolchain/13.3.rel1/arm-none-eabi/bin/../lib/gcc/arm-none-eabi/13.3.1/thumb/v6-m/nofp/libgcc.a

.ARM.attributes
                0x00000000       0x28
 .ARM.attributes
                0x00000000       0x1e /Applications/ArmGNUToolchain/13.3.rel1/arm-none-eabi/bin/../lib/gcc/arm-none-eabi/13.3.1/thumb/v6-m/nofp/crti.o
 .ARM.attributes
                0x0000001e       0x2c /Applications/ArmGNUToolchain/13.3.rel1/arm-none-eabi/bin/../lib/gcc/arm-none-eabi/13.3.1/thumb/v6-m/nofp/crtbegin.o
 .ARM.attributes
                0x0000004a       0x2c /Applications/ArmGNUToolchain/13.3.rel1/arm-none-eabi/bin/../lib/gcc/arm-none-eabi/13.3.1/../../../../arm-none-eabi/lib/thumb/v6-m/nofp/libc_nano.a(libc_a-memset.o)
 .ARM.attributes
                0x00000076       0x2c /Applications/ArmGNUToolchain/13.3.rel1/arm-none-eabi/bin/../lib/gcc/arm-none-eabi/13.3.1/../../../../arm-none-eabi/lib/thumb/v6-m/nofp/libc_nano.a(libc_a-init.o)
 .ARM.attributes
                0x000000a2       0x2a /var/folders/t_/9lzv5v214yg8tqnd_qsbsvwm0000gn/T//ccxROf0W.ltrans0.ltrans.o
 .ARM.attributes
                0x000000cc       0x21 CMakeFiles/test-md-bench.dir/startup_stm32f031x6.s.obj
 .ARM.attributes
                0x000000ed       0x2c /Applications/ArmGNUToolchain/13.3.rel1/arm-none-eabi/bin/../lib/gcc/arm-none-eabi/13.3.1/../../../../arm-none-eabi/lib/thumb/v6-m/nofp/libg_nano.a(libc_a-memcpy-stub.o)
 .ARM.attributes
                0x00000119       0x1e /Applications/ArmGNUToolchain/13.3.rel1/arm-none-eabi/bin/../lib/gcc/arm-none-eabi/13.3.1/thumb/v6-m/nofp/libgcc.a(_thumb1_case_uqi.o)
 .ARM.attributes
                0x00000137       0x1e /Applications/ArmGNUToolchain/13.3.rel1/arm-none-eabi/bin/../lib/gcc/arm-none-eabi/13.3.1/thumb/v6-m/nofp/libgcc.a(_thumb1_case_uhi.o)
 .ARM.attributes
                0x00000155       0x1e /Applications/ArmGNUToolchain/13.3.rel1/arm-none-eabi/bin/../lib/gcc/arm-none-eabi/13.3.1/thumb/v6-m/nofp/libgcc.a(_udivsi3.o)
 .ARM.attributes
                0x00000173       0x1e /Applications/ArmGNUToolchain/13.3.rel1/arm-none-eabi/bin/../lib/gcc/arm-none-eabi/13.3.1/thumb/v6-m/nofp/libgcc.a(_divsi3.o)
 .ARM.attributes
                0x00000191       0x1e /Applications/ArmGNUToolchain/13.3.rel1/arm-none-eabi/bin/../lib/gcc/arm-none-eabi/13.3.1/thumb/v6-m/nofp/libgcc.a(_dvmd_tls.o)
 .ARM.attributes
                0x000001af       0x2c /Applications/ArmGNUToolchain/13.3.rel1/arm-none-eabi/bin/../lib/gcc/arm-none-eabi/13.3.1/thumb/v6-m/nofp/libgcc.a(mulsf3.o)
 .ARM.attributes
                0x000001db       0x2c /Applications/ArmGNUToolchain/13.3.rel1/arm-none-eabi/bin/../lib/gcc/arm-none-eabi/13.3.1/thumb/v6-m/nofp/libgcc.a(floatsisf.o)
 .ARM.attributes
                0x00000207       0x2c /Applications/ArmGNUToolchain/13.3.rel1/arm-none-eabi/bin/../lib/gcc/arm-none-eabi/13.3.1/thumb/v6-m/nofp/libgcc.a(floatunsisf.o)
 .ARM.attributes
                0x00000233       0x1e /Applications/ArmGNUToolchain/13.3.rel1/arm-none-eabi/bin/../lib/gcc/arm-none-eabi/13.3.1/thumb/v6-m/nofp/libgcc.a(_clzsi2.o)
 .ARM.attributes
                0x00000251       0x2c /Applications/ArmGNUToolchain/13.3.rel1/arm-none-eabi/bin/../lib/gcc/arm-none-eabi/13.3.1/thumb/v6-m/nofp/crtend.o
 .ARM.attributes
                0x0000027d       0x1e /Applications/ArmGNUToolchain/13.3.rel1/arm-none-eabi/bin/../lib/gcc/arm-none-eabi/13.3.1/thumb/v6-m/nofp/crtn.o

.comment        0x00000000       0x45
 .comment       0x00000000       0x45 /var/folders/t_/9lzv5v214yg8tqnd_qsbsvwm0000gn/T//ccxROf0W.ltrans0.ltrans.o
                                 0x46 (size before relaxing)

.debug_frame    0x00000000      0x8f8
 .debug_frame   0x00000000       0x20 /Applications/ArmGNUToolchain/13.3.rel1/arm-none-eabi/bin/../lib/gcc/arm-none-eabi/13.3.1/../../../../arm-none-eabi/lib/thumb/v6-m/nofp/libc_nano.a(libc_a-memset.o)
 .debug_frame   0x00000020       0x2c /Applications/ArmGNUToolchain/13.3.rel1/arm-none-eabi/bin/../lib/gcc/arm-none-eabi/13.3.1/../../../../arm-none-eabi/lib/thumb/v6-m/nofp/libc_nano.a(libc_a-init.o)
 .debug_frame   0x0000004c      0x7b4 /var/folders/t_/9lzv5v214yg8tqnd_qsbsvwm0000gn/T//ccxROf0W.ltrans0.ltrans.o
 .debug_frame   0x00000800       0x28 /Applications/ArmGNUToolchain/13.3.rel1/arm-none-eabi/bin/../lib/gcc/arm-none-eabi/13.3.1/../../../../arm-none-eabi/lib/thumb/v6-m/nofp/libg_nano.a(libc_a-memcpy-stub.o)
 .debug_frame   0x00000828       0x20 /Applications/ArmGNUToolchain/13.3.rel1/arm-none-eabi/bin/../lib/gcc/arm-none-eabi/13.3.1/thumb/v6-m/nofp/libgcc.a(_udivsi3.o)
 .debug_frame   0x00000848       0x20 /Applications/ArmGNUToolchain/13.3.rel1/arm-none-eabi/bin/../lib/gcc/arm-none-eabi/13.3.1/thumb/v6-m/nofp/libgcc.a(_divsi3.o)
 .debug_frame   0x00000868       0x38 /Applications/ArmGNUToolchain/13.3.rel1/arm-none-eabi/bin/../lib/gcc/arm-none-eabi/13.3.1/thumb/v6-m/nofp/libgcc.a(mulsf3.o)
 .debug_frame   0x000008a0       0x2c /Applications/ArmGNUToolchain/13.3.rel1/arm-none-eabi/bin/../lib/gcc/arm-none-eabi/13.3.1/thumb/v6-m/nofp/libgcc.a(floatsisf.o)
 .debug_frame   0x000008cc       0x2c /Applications/ArmGNUToolchain/13.3.rel1/arm-none-eabi/bin/../lib/gcc/arm-none-eabi/13.3.1/thumb/v6-m/nofp/libgcc.a(floatunsisf.o)

.debug_info     0x00000000    0x29fb0
 .debug_info    0x00000000     0x744d /var/folders/t_/9lzv5v214yg8tqnd_qsbsvwm0000gn/T//ccxROf0W.ltrans0.ltrans.o
 .debug_info    0x0000744d     0x15ef /var/folders/t_/9lzv5v214yg8tqnd_qsbsvwm0000gn/T//ccKaHmzR.debug.temp.o
                0x0000744d                main.c.a906d481
 .debug_info    0x00008a3c      0xeed /var/folders/t_/9lzv5v214yg8tqnd_qsbsvwm0000gn/T//cc8kw19z.debug.temp.o
                0x00008a3c                motorcontrol.c.117be757
 .debug_info    0x00009929      0x4f4 /var/folders/t_/9lzv5v214yg8tqnd_qsbsvwm0000gn/T//ccooWR1y.debug.temp.o
                0x00009929                pwm_common.c.7d0aba22
 .debug_info    0x00009e1d     0x160b /var/folders/t_/9lzv5v214yg8tqnd_qsbsvwm0000gn/T//cc6OodZJ.debug.temp.o
                0x00009e1d                mc_api.c.1a64bf2b
 .debug_info    0x0000b428     0x16d1 /var/folders/t_/9lzv5v214yg8tqnd_qsbsvwm0000gn/T//ccu8THKJ.debug.temp.o
                0x0000b428                mc_config.c.792e7a82
 .debug_info    0x0000caf9     0x1154 /var/folders/t_/9lzv5v214yg8tqnd_qsbsvwm0000gn/T//ccOAxn1J.debug.temp.o
                0x0000caf9                mc_config_common.c.cd969298
 .debug_info    0x0000dc4d      0x863 /var/folders/t_/9lzv5v214yg8tqnd_qsbsvwm0000gn/T//ccGoXm85.debug.temp.o
                0x0000dc4d                mcp_config.c.d5f3c668
 .debug_info    0x0000e4b0     0x1c25 /var/folders/t_/9lzv5v214yg8tqnd_qsbsvwm0000gn/T//cc0hQA1B.debug.temp.o
                0x0000e4b0                mc_tasks.c.1868badd
 .debug_info    0x000100d5     0x1e0f /var/folders/t_/9lzv5v214yg8tqnd_qsbsvwm0000gn/T//ccmZYyR6.debug.temp.o
                0x000100d5                mc_tasks_foc.c.6c17e871
 .debug_info    0x00011ee4      0xe0e /var/folders/t_/9lzv5v214yg8tqnd_qsbsvwm0000gn/T//cc7Ibq3p.debug.temp.o
                0x00011ee4                pwm_curr_fdbk.c.318cfd62
 .debug_info    0x00012cf2     0x104c /var/folders/t_/9lzv5v214yg8tqnd_qsbsvwm0000gn/T//ccZYtcQ7.debug.temp.o
                0x00012cf2                regular_conversion_manager.c.31e4bb0b
 .debug_info    0x00013d3e      0x45a /var/folders/t_/9lzv5v214yg8tqnd_qsbsvwm0000gn/T//ccntwMCl.debug.temp.o
                0x00013d3e                mc_math.c.5a0f09ae
 .debug_info    0x00014198     0x17c5 /var/folders/t_/9lzv5v214yg8tqnd_qsbsvwm0000gn/T//ccxHiTP0.debug.temp.o
                0x00014198                mc_interface.c.24c3d7fe
 .debug_info    0x0001595d      0xd85 /var/folders/t_/9lzv5v214yg8tqnd_qsbsvwm0000gn/T//ccmRCsDJ.debug.temp.o
                0x0001595d                stm32_mc_common_it.c.577475d2
 .debug_info    0x000166e2      0xcbf /var/folders/t_/9lzv5v214yg8tqnd_qsbsvwm0000gn/T//ccg6kJgw.debug.temp.o
                0x000166e2                stm32f0xx_mc_it.c.b7a1ac05
 .debug_info    0x000173a1      0x4c5 /var/folders/t_/9lzv5v214yg8tqnd_qsbsvwm0000gn/T//ccrDrWET.debug.temp.o
                0x000173a1                mc_parameters.c.6d520a0b
 .debug_info    0x00017866     0x1a53 /var/folders/t_/9lzv5v214yg8tqnd_qsbsvwm0000gn/T//cc8av1Iq.debug.temp.o
                0x00017866                register_interface.c.025e78f0
 .debug_info    0x000192b9     0x12cd /var/folders/t_/9lzv5v214yg8tqnd_qsbsvwm0000gn/T//cc6k0qqf.debug.temp.o
                0x000192b9                mcp.c.3854e8c3
 .debug_info    0x0001a586     0x1a11 /var/folders/t_/9lzv5v214yg8tqnd_qsbsvwm0000gn/T//ccLpohqO.debug.temp.o
                0x0001a586                r1_ps_pwm_curr_fdbk.c.8c33f41a
 .debug_info    0x0001bf97      0x62f /var/folders/t_/9lzv5v214yg8tqnd_qsbsvwm0000gn/T//ccubiBZO.debug.temp.o
                0x0001bf97                usart_aspep_driver.c.a525c876
 .debug_info    0x0001c5c6      0x4be /var/folders/t_/9lzv5v214yg8tqnd_qsbsvwm0000gn/T//cc4wbUmH.debug.temp.o
                0x0001c5c6                mc_configuration_registers.c.e9fbecfa
 .debug_info    0x0001ca84      0x8be /var/folders/t_/9lzv5v214yg8tqnd_qsbsvwm0000gn/T//ccwgmeWB.debug.temp.o
                0x0001ca84                aspep.c.2ae21d9e
 .debug_info    0x0001d342      0x141 /var/folders/t_/9lzv5v214yg8tqnd_qsbsvwm0000gn/T//cc2WNeBj.debug.temp.o
                0x0001d342                stm32f0xx_it.c.7771b184
 .debug_info    0x0001d483     0x1166 /var/folders/t_/9lzv5v214yg8tqnd_qsbsvwm0000gn/T//ccRZQHrc.debug.temp.o
                0x0001d483                stm32f0xx_hal_msp.c.ce0c75cd
 .debug_info    0x0001e5e9      0xaa8 /var/folders/t_/9lzv5v214yg8tqnd_qsbsvwm0000gn/T//ccBLDDbR.debug.temp.o
                0x0001e5e9                stm32f0xx_hal_adc.c.1289963a
 .debug_info    0x0001f091      0x74a /var/folders/t_/9lzv5v214yg8tqnd_qsbsvwm0000gn/T//ccXnKiCt.debug.temp.o
                0x0001f091                stm32f0xx_hal_rcc.c.ce58b3f4
 .debug_info    0x0001f7db      0x30c /var/folders/t_/9lzv5v214yg8tqnd_qsbsvwm0000gn/T//ccizPK7M.debug.temp.o
                0x0001f7db                stm32f0xx_hal_rcc_ex.c.582da19a
 .debug_info    0x0001fae7      0x549 /var/folders/t_/9lzv5v214yg8tqnd_qsbsvwm0000gn/T//ccKckVhk.debug.temp.o
                0x0001fae7                stm32f0xx_hal.c.f001cbad
 .debug_info    0x00020030      0x51c /var/folders/t_/9lzv5v214yg8tqnd_qsbsvwm0000gn/T//cc2Qly8v.debug.temp.o
                0x00020030                stm32f0xx_hal_gpio.c.b031e993
 .debug_info    0x0002054c      0x5fa /var/folders/t_/9lzv5v214yg8tqnd_qsbsvwm0000gn/T//cceej0Xo.debug.temp.o
                0x0002054c                stm32f0xx_hal_dma.c.d7f9a531
 .debug_info    0x00020b46      0x526 /var/folders/t_/9lzv5v214yg8tqnd_qsbsvwm0000gn/T//ccCMgRCR.debug.temp.o
                0x00020b46                stm32f0xx_hal_cortex.c.5b9a9489
 .debug_info    0x0002106c     0x20db /var/folders/t_/9lzv5v214yg8tqnd_qsbsvwm0000gn/T//ccT3SbQo.debug.temp.o
                0x0002106c                stm32f0xx_hal_tim.c.36c472da
 .debug_info    0x00023147     0x1177 /var/folders/t_/9lzv5v214yg8tqnd_qsbsvwm0000gn/T//cc6ATWzN.debug.temp.o
                0x00023147                stm32f0xx_hal_tim_ex.c.463e19e4
 .debug_info    0x000242be     0x1904 /var/folders/t_/9lzv5v214yg8tqnd_qsbsvwm0000gn/T//ccbzWv8O.debug.temp.o
                0x000242be                stm32f0xx_hal_uart.c.bd566298
 .debug_info    0x00025bc2      0x208 /var/folders/t_/9lzv5v214yg8tqnd_qsbsvwm0000gn/T//ccLD25GB.debug.temp.o
                0x00025bc2                system_stm32f0xx.c.4f4ccf1c
 .debug_info    0x00025dca      0x222 /var/folders/t_/9lzv5v214yg8tqnd_qsbsvwm0000gn/T//cc9997GH.debug.temp.o
                0x00025dca                bus_voltage_sensor.c.afb95754
 .debug_info    0x00025fec      0x28f /var/folders/t_/9lzv5v214yg8tqnd_qsbsvwm0000gn/T//cckB92B7.debug.temp.o
                0x00025fec                circle_limitation.c.66a3c532
 .debug_info    0x0002627b      0x980 /var/folders/t_/9lzv5v214yg8tqnd_qsbsvwm0000gn/T//ccLlR97J.debug.temp.o
                0x0002627b                enc_align_ctrl.c.45f52b29
 .debug_info    0x00026bfb      0x799 /var/folders/t_/9lzv5v214yg8tqnd_qsbsvwm0000gn/T//ccKWVEdX.debug.temp.o
                0x00026bfb                encoder_speed_pos_fdbk.c.d0bfb477
 .debug_info    0x00027394      0x373 /var/folders/t_/9lzv5v214yg8tqnd_qsbsvwm0000gn/T//cckoxcvS.debug.temp.o
                0x00027394                ntc_temperature_sensor.c.2053f723
 .debug_info    0x00027707      0x604 /var/folders/t_/9lzv5v214yg8tqnd_qsbsvwm0000gn/T//ccsIAEG0.debug.temp.o
                0x00027707                pid_regulator.c.2d436090
 .debug_info    0x00027d0b      0x448 /var/folders/t_/9lzv5v214yg8tqnd_qsbsvwm0000gn/T//ccEafGey.debug.temp.o
                0x00027d0b                pqd_motor_power_measurement.c.2a001c52
 .debug_info    0x00028153      0x339 /var/folders/t_/9lzv5v214yg8tqnd_qsbsvwm0000gn/T//ccG5HPpJ.debug.temp.o
                0x00028153                r_divider_bus_voltage_sensor.c.9dfb7f2f
 .debug_info    0x0002848c      0x346 /var/folders/t_/9lzv5v214yg8tqnd_qsbsvwm0000gn/T//ccChG6Sd.debug.temp.o
                0x0002848c                ramp_ext_mngr.c.263dbcb2
 .debug_info    0x000287d2      0x3bd /var/folders/t_/9lzv5v214yg8tqnd_qsbsvwm0000gn/T//ccjMhGPy.debug.temp.o
                0x000287d2                speed_pos_fdbk.c.7f87906b
 .debug_info    0x00028b8f      0x79c /var/folders/t_/9lzv5v214yg8tqnd_qsbsvwm0000gn/T//ccR5Tsfz.debug.temp.o
                0x00028b8f                speed_torq_ctrl.c.297999bf
 .debug_info    0x0002932b      0x58d /var/folders/t_/9lzv5v214yg8tqnd_qsbsvwm0000gn/T//ccdXxG4z.debug.temp.o
                0x0002932b                virtual_speed_sensor.c.0319ac33
 .debug_info    0x000298b8      0x144 /var/folders/t_/9lzv5v214yg8tqnd_qsbsvwm0000gn/T//ccrE21HD.debug.temp.o
                0x000298b8                sysmem.c.a369b229
 .debug_info    0x000299fc      0x584 /var/folders/t_/9lzv5v214yg8tqnd_qsbsvwm0000gn/T//ccGM2grX.debug.temp.o
                0x000299fc                syscalls.c.03a8ee2f
 .debug_info    0x00029f80       0x30 CMakeFiles/test-md-bench.dir/startup_stm32f031x6.s.obj

.debug_abbrev   0x00000000     0x556d
 .debug_abbrev  0x00000000      0x234 /var/folders/t_/9lzv5v214yg8tqnd_qsbsvwm0000gn/T//ccxROf0W.ltrans0.ltrans.o
 .debug_abbrev  0x00000234      0x29e /var/folders/t_/9lzv5v214yg8tqnd_qsbsvwm0000gn/T//ccKaHmzR.debug.temp.o
 .debug_abbrev  0x000004d2      0x1f5 /var/folders/t_/9lzv5v214yg8tqnd_qsbsvwm0000gn/T//cc8kw19z.debug.temp.o
 .debug_abbrev  0x000006c7      0x170 /var/folders/t_/9lzv5v214yg8tqnd_qsbsvwm0000gn/T//ccooWR1y.debug.temp.o
 .debug_abbrev  0x00000837      0x232 /var/folders/t_/9lzv5v214yg8tqnd_qsbsvwm0000gn/T//cc6OodZJ.debug.temp.o
 .debug_abbrev  0x00000a69      0x1c6 /var/folders/t_/9lzv5v214yg8tqnd_qsbsvwm0000gn/T//ccu8THKJ.debug.temp.o
 .debug_abbrev  0x00000c2f      0x178 /var/folders/t_/9lzv5v214yg8tqnd_qsbsvwm0000gn/T//ccOAxn1J.debug.temp.o
 .debug_abbrev  0x00000da7      0x1c4 /var/folders/t_/9lzv5v214yg8tqnd_qsbsvwm0000gn/T//ccGoXm85.debug.temp.o
 .debug_abbrev  0x00000f6b      0x2b3 /var/folders/t_/9lzv5v214yg8tqnd_qsbsvwm0000gn/T//cc0hQA1B.debug.temp.o
 .debug_abbrev  0x0000121e      0x2de /var/folders/t_/9lzv5v214yg8tqnd_qsbsvwm0000gn/T//ccmZYyR6.debug.temp.o
 .debug_abbrev  0x000014fc      0x245 /var/folders/t_/9lzv5v214yg8tqnd_qsbsvwm0000gn/T//cc7Ibq3p.debug.temp.o
 .debug_abbrev  0x00001741      0x26a /var/folders/t_/9lzv5v214yg8tqnd_qsbsvwm0000gn/T//ccZYtcQ7.debug.temp.o
 .debug_abbrev  0x000019ab      0x144 /var/folders/t_/9lzv5v214yg8tqnd_qsbsvwm0000gn/T//ccntwMCl.debug.temp.o
 .debug_abbrev  0x00001aef      0x25e /var/folders/t_/9lzv5v214yg8tqnd_qsbsvwm0000gn/T//ccxHiTP0.debug.temp.o
 .debug_abbrev  0x00001d4d      0x26c /var/folders/t_/9lzv5v214yg8tqnd_qsbsvwm0000gn/T//ccmRCsDJ.debug.temp.o
 .debug_abbrev  0x00001fb9      0x1e5 /var/folders/t_/9lzv5v214yg8tqnd_qsbsvwm0000gn/T//ccg6kJgw.debug.temp.o
 .debug_abbrev  0x0000219e       0xfd /var/folders/t_/9lzv5v214yg8tqnd_qsbsvwm0000gn/T//ccrDrWET.debug.temp.o
 .debug_abbrev  0x0000229b      0x268 /var/folders/t_/9lzv5v214yg8tqnd_qsbsvwm0000gn/T//cc8av1Iq.debug.temp.o
 .debug_abbrev  0x00002503      0x26b /var/folders/t_/9lzv5v214yg8tqnd_qsbsvwm0000gn/T//cc6k0qqf.debug.temp.o
 .debug_abbrev  0x0000276e      0x22a /var/folders/t_/9lzv5v214yg8tqnd_qsbsvwm0000gn/T//ccLpohqO.debug.temp.o
 .debug_abbrev  0x00002998      0x17f /var/folders/t_/9lzv5v214yg8tqnd_qsbsvwm0000gn/T//ccubiBZO.debug.temp.o
 .debug_abbrev  0x00002b17       0xe9 /var/folders/t_/9lzv5v214yg8tqnd_qsbsvwm0000gn/T//cc4wbUmH.debug.temp.o
 .debug_abbrev  0x00002c00      0x1c0 /var/folders/t_/9lzv5v214yg8tqnd_qsbsvwm0000gn/T//ccwgmeWB.debug.temp.o
 .debug_abbrev  0x00002dc0       0x75 /var/folders/t_/9lzv5v214yg8tqnd_qsbsvwm0000gn/T//cc2WNeBj.debug.temp.o
 .debug_abbrev  0x00002e35      0x244 /var/folders/t_/9lzv5v214yg8tqnd_qsbsvwm0000gn/T//ccRZQHrc.debug.temp.o
 .debug_abbrev  0x00003079      0x1a5 /var/folders/t_/9lzv5v214yg8tqnd_qsbsvwm0000gn/T//ccBLDDbR.debug.temp.o
 .debug_abbrev  0x0000321e      0x208 /var/folders/t_/9lzv5v214yg8tqnd_qsbsvwm0000gn/T//ccXnKiCt.debug.temp.o
 .debug_abbrev  0x00003426      0x147 /var/folders/t_/9lzv5v214yg8tqnd_qsbsvwm0000gn/T//ccizPK7M.debug.temp.o
 .debug_abbrev  0x0000356d      0x207 /var/folders/t_/9lzv5v214yg8tqnd_qsbsvwm0000gn/T//ccKckVhk.debug.temp.o
 .debug_abbrev  0x00003774      0x181 /var/folders/t_/9lzv5v214yg8tqnd_qsbsvwm0000gn/T//cc2Qly8v.debug.temp.o
 .debug_abbrev  0x000038f5      0x185 /var/folders/t_/9lzv5v214yg8tqnd_qsbsvwm0000gn/T//cceej0Xo.debug.temp.o
 .debug_abbrev  0x00003a7a      0x1d9 /var/folders/t_/9lzv5v214yg8tqnd_qsbsvwm0000gn/T//ccCMgRCR.debug.temp.o
 .debug_abbrev  0x00003c53      0x203 /var/folders/t_/9lzv5v214yg8tqnd_qsbsvwm0000gn/T//ccT3SbQo.debug.temp.o
 .debug_abbrev  0x00003e56      0x213 /var/folders/t_/9lzv5v214yg8tqnd_qsbsvwm0000gn/T//cc6ATWzN.debug.temp.o
 .debug_abbrev  0x00004069      0x1e3 /var/folders/t_/9lzv5v214yg8tqnd_qsbsvwm0000gn/T//ccbzWv8O.debug.temp.o
 .debug_abbrev  0x0000424c      0x102 /var/folders/t_/9lzv5v214yg8tqnd_qsbsvwm0000gn/T//ccLD25GB.debug.temp.o
 .debug_abbrev  0x0000434e       0xef /var/folders/t_/9lzv5v214yg8tqnd_qsbsvwm0000gn/T//cc9997GH.debug.temp.o
 .debug_abbrev  0x0000443d       0xff /var/folders/t_/9lzv5v214yg8tqnd_qsbsvwm0000gn/T//cckB92B7.debug.temp.o
 .debug_abbrev  0x0000453c      0x192 /var/folders/t_/9lzv5v214yg8tqnd_qsbsvwm0000gn/T//ccLlR97J.debug.temp.o
 .debug_abbrev  0x000046ce      0x1c4 /var/folders/t_/9lzv5v214yg8tqnd_qsbsvwm0000gn/T//ccKWVEdX.debug.temp.o
 .debug_abbrev  0x00004892      0x161 /var/folders/t_/9lzv5v214yg8tqnd_qsbsvwm0000gn/T//cckoxcvS.debug.temp.o
 .debug_abbrev  0x000049f3      0x125 /var/folders/t_/9lzv5v214yg8tqnd_qsbsvwm0000gn/T//ccsIAEG0.debug.temp.o
 .debug_abbrev  0x00004b18      0x19b /var/folders/t_/9lzv5v214yg8tqnd_qsbsvwm0000gn/T//ccEafGey.debug.temp.o
 .debug_abbrev  0x00004cb3      0x114 /var/folders/t_/9lzv5v214yg8tqnd_qsbsvwm0000gn/T//ccG5HPpJ.debug.temp.o
 .debug_abbrev  0x00004dc7      0x153 /var/folders/t_/9lzv5v214yg8tqnd_qsbsvwm0000gn/T//ccChG6Sd.debug.temp.o
 .debug_abbrev  0x00004f1a      0x12c /var/folders/t_/9lzv5v214yg8tqnd_qsbsvwm0000gn/T//ccjMhGPy.debug.temp.o
 .debug_abbrev  0x00005046      0x1a4 /var/folders/t_/9lzv5v214yg8tqnd_qsbsvwm0000gn/T//ccR5Tsfz.debug.temp.o
 .debug_abbrev  0x000051ea      0x161 /var/folders/t_/9lzv5v214yg8tqnd_qsbsvwm0000gn/T//ccdXxG4z.debug.temp.o
 .debug_abbrev  0x0000534b       0xac /var/folders/t_/9lzv5v214yg8tqnd_qsbsvwm0000gn/T//ccrE21HD.debug.temp.o
 .debug_abbrev  0x000053f7      0x152 /var/folders/t_/9lzv5v214yg8tqnd_qsbsvwm0000gn/T//ccGM2grX.debug.temp.o
 .debug_abbrev  0x00005549       0x24 CMakeFiles/test-md-bench.dir/startup_stm32f031x6.s.obj

.debug_loclists
                0x00000000     0x689d
 .debug_loclists
                0x00000000     0x689d /var/folders/t_/9lzv5v214yg8tqnd_qsbsvwm0000gn/T//ccxROf0W.ltrans0.ltrans.o

.debug_aranges  0x00000000      0x288
 .debug_aranges
                0x00000000      0x260 /var/folders/t_/9lzv5v214yg8tqnd_qsbsvwm0000gn/T//ccxROf0W.ltrans0.ltrans.o
 .debug_aranges
                0x00000260       0x28 CMakeFiles/test-md-bench.dir/startup_stm32f031x6.s.obj

.debug_rnglists
                0x00000000     0x1123
 .debug_rnglists
                0x00000000     0x110a /var/folders/t_/9lzv5v214yg8tqnd_qsbsvwm0000gn/T//ccxROf0W.ltrans0.ltrans.o
 .debug_rnglists
                0x0000110a       0x19 CMakeFiles/test-md-bench.dir/startup_stm32f031x6.s.obj

.debug_line     0x00000000     0xc46c
 .debug_line    0x00000000     0x778f /var/folders/t_/9lzv5v214yg8tqnd_qsbsvwm0000gn/T//ccxROf0W.ltrans0.ltrans.o
 .debug_line    0x0000778f      0x201 /var/folders/t_/9lzv5v214yg8tqnd_qsbsvwm0000gn/T//ccKaHmzR.debug.temp.o
 .debug_line    0x00007990      0x20b /var/folders/t_/9lzv5v214yg8tqnd_qsbsvwm0000gn/T//cc8kw19z.debug.temp.o
 .debug_line    0x00007b9b      0x167 /var/folders/t_/9lzv5v214yg8tqnd_qsbsvwm0000gn/T//ccooWR1y.debug.temp.o
 .debug_line    0x00007d02      0x1e3 /var/folders/t_/9lzv5v214yg8tqnd_qsbsvwm0000gn/T//cc6OodZJ.debug.temp.o
 .debug_line    0x00007ee5      0x206 /var/folders/t_/9lzv5v214yg8tqnd_qsbsvwm0000gn/T//ccu8THKJ.debug.temp.o
 .debug_line    0x000080eb      0x206 /var/folders/t_/9lzv5v214yg8tqnd_qsbsvwm0000gn/T//ccOAxn1J.debug.temp.o
 .debug_line    0x000082f1      0x19d /var/folders/t_/9lzv5v214yg8tqnd_qsbsvwm0000gn/T//ccGoXm85.debug.temp.o
 .debug_line    0x0000848e      0x22e /var/folders/t_/9lzv5v214yg8tqnd_qsbsvwm0000gn/T//cc0hQA1B.debug.temp.o
 .debug_line    0x000086bc      0x22e /var/folders/t_/9lzv5v214yg8tqnd_qsbsvwm0000gn/T//ccmZYyR6.debug.temp.o
 .debug_line    0x000088ea      0x16c /var/folders/t_/9lzv5v214yg8tqnd_qsbsvwm0000gn/T//cc7Ibq3p.debug.temp.o
 .debug_line    0x00008a56      0x1d4 /var/folders/t_/9lzv5v214yg8tqnd_qsbsvwm0000gn/T//ccZYtcQ7.debug.temp.o
 .debug_line    0x00008c2a      0x167 /var/folders/t_/9lzv5v214yg8tqnd_qsbsvwm0000gn/T//ccntwMCl.debug.temp.o
 .debug_line    0x00008d91      0x1fc /var/folders/t_/9lzv5v214yg8tqnd_qsbsvwm0000gn/T//ccxHiTP0.debug.temp.o
 .debug_line    0x00008f8d      0x21f /var/folders/t_/9lzv5v214yg8tqnd_qsbsvwm0000gn/T//ccmRCsDJ.debug.temp.o
 .debug_line    0x000091ac      0x206 /var/folders/t_/9lzv5v214yg8tqnd_qsbsvwm0000gn/T//ccg6kJgw.debug.temp.o
 .debug_line    0x000093b2      0x201 /var/folders/t_/9lzv5v214yg8tqnd_qsbsvwm0000gn/T//ccrDrWET.debug.temp.o
 .debug_line    0x000095b3      0x251 /var/folders/t_/9lzv5v214yg8tqnd_qsbsvwm0000gn/T//cc8av1Iq.debug.temp.o
 .debug_line    0x00009804      0x215 /var/folders/t_/9lzv5v214yg8tqnd_qsbsvwm0000gn/T//cc6k0qqf.debug.temp.o
 .debug_line    0x00009a19      0x171 /var/folders/t_/9lzv5v214yg8tqnd_qsbsvwm0000gn/T//ccLpohqO.debug.temp.o
 .debug_line    0x00009b8a      0x193 /var/folders/t_/9lzv5v214yg8tqnd_qsbsvwm0000gn/T//ccubiBZO.debug.temp.o
 .debug_line    0x00009d1d      0x1bb /var/folders/t_/9lzv5v214yg8tqnd_qsbsvwm0000gn/T//cc4wbUmH.debug.temp.o
 .debug_line    0x00009ed8      0x18e /var/folders/t_/9lzv5v214yg8tqnd_qsbsvwm0000gn/T//ccwgmeWB.debug.temp.o
 .debug_line    0x0000a066      0x206 /var/folders/t_/9lzv5v214yg8tqnd_qsbsvwm0000gn/T//cc2WNeBj.debug.temp.o
 .debug_line    0x0000a26c      0x201 /var/folders/t_/9lzv5v214yg8tqnd_qsbsvwm0000gn/T//ccRZQHrc.debug.temp.o
 .debug_line    0x0000a46d      0x121 /var/folders/t_/9lzv5v214yg8tqnd_qsbsvwm0000gn/T//ccBLDDbR.debug.temp.o
 .debug_line    0x0000a58e      0x121 /var/folders/t_/9lzv5v214yg8tqnd_qsbsvwm0000gn/T//ccXnKiCt.debug.temp.o
 .debug_line    0x0000a6af      0x121 /var/folders/t_/9lzv5v214yg8tqnd_qsbsvwm0000gn/T//ccizPK7M.debug.temp.o
 .debug_line    0x0000a7d0      0x121 /var/folders/t_/9lzv5v214yg8tqnd_qsbsvwm0000gn/T//ccKckVhk.debug.temp.o
 .debug_line    0x0000a8f1      0x121 /var/folders/t_/9lzv5v214yg8tqnd_qsbsvwm0000gn/T//cc2Qly8v.debug.temp.o
 .debug_line    0x0000aa12      0x121 /var/folders/t_/9lzv5v214yg8tqnd_qsbsvwm0000gn/T//cceej0Xo.debug.temp.o
 .debug_line    0x0000ab33      0x121 /var/folders/t_/9lzv5v214yg8tqnd_qsbsvwm0000gn/T//ccCMgRCR.debug.temp.o
 .debug_line    0x0000ac54      0x121 /var/folders/t_/9lzv5v214yg8tqnd_qsbsvwm0000gn/T//ccT3SbQo.debug.temp.o
 .debug_line    0x0000ad75      0x121 /var/folders/t_/9lzv5v214yg8tqnd_qsbsvwm0000gn/T//cc6ATWzN.debug.temp.o
 .debug_line    0x0000ae96      0x121 /var/folders/t_/9lzv5v214yg8tqnd_qsbsvwm0000gn/T//ccbzWv8O.debug.temp.o
 .debug_line    0x0000afb7      0x121 /var/folders/t_/9lzv5v214yg8tqnd_qsbsvwm0000gn/T//ccLD25GB.debug.temp.o
 .debug_line    0x0000b0d8      0x16b /var/folders/t_/9lzv5v214yg8tqnd_qsbsvwm0000gn/T//cc9997GH.debug.temp.o
 .debug_line    0x0000b243      0x170 /var/folders/t_/9lzv5v214yg8tqnd_qsbsvwm0000gn/T//cckB92B7.debug.temp.o
 .debug_line    0x0000b3b3      0x184 /var/folders/t_/9lzv5v214yg8tqnd_qsbsvwm0000gn/T//ccLlR97J.debug.temp.o
 .debug_line    0x0000b537      0x170 /var/folders/t_/9lzv5v214yg8tqnd_qsbsvwm0000gn/T//ccKWVEdX.debug.temp.o
 .debug_line    0x0000b6a7      0x16b /var/folders/t_/9lzv5v214yg8tqnd_qsbsvwm0000gn/T//cckoxcvS.debug.temp.o
 .debug_line    0x0000b812      0x16b /var/folders/t_/9lzv5v214yg8tqnd_qsbsvwm0000gn/T//ccsIAEG0.debug.temp.o
 .debug_line    0x0000b97d      0x170 /var/folders/t_/9lzv5v214yg8tqnd_qsbsvwm0000gn/T//ccEafGey.debug.temp.o
 .debug_line    0x0000baed      0x175 /var/folders/t_/9lzv5v214yg8tqnd_qsbsvwm0000gn/T//ccG5HPpJ.debug.temp.o
 .debug_line    0x0000bc62      0x16b /var/folders/t_/9lzv5v214yg8tqnd_qsbsvwm0000gn/T//ccChG6Sd.debug.temp.o
 .debug_line    0x0000bdcd      0x16b /var/folders/t_/9lzv5v214yg8tqnd_qsbsvwm0000gn/T//ccjMhGPy.debug.temp.o
 .debug_line    0x0000bf38      0x175 /var/folders/t_/9lzv5v214yg8tqnd_qsbsvwm0000gn/T//ccR5Tsfz.debug.temp.o
 .debug_line    0x0000c0ad      0x170 /var/folders/t_/9lzv5v214yg8tqnd_qsbsvwm0000gn/T//ccdXxG4z.debug.temp.o
 .debug_line    0x0000c21d       0xa9 /var/folders/t_/9lzv5v214yg8tqnd_qsbsvwm0000gn/T//ccrE21HD.debug.temp.o
 .debug_line    0x0000c2c6      0x12b /var/folders/t_/9lzv5v214yg8tqnd_qsbsvwm0000gn/T//ccGM2grX.debug.temp.o
 .debug_line    0x0000c3f1       0x7b CMakeFiles/test-md-bench.dir/startup_stm32f031x6.s.obj

.debug_str      0x00000000    0x86478
 .debug_str     0x00000000      0x1db /var/folders/t_/9lzv5v214yg8tqnd_qsbsvwm0000gn/T//ccxROf0W.ltrans0.ltrans.o
 .debug_str     0x00000000    0x7563c /var/folders/t_/9lzv5v214yg8tqnd_qsbsvwm0000gn/T//ccKaHmzR.debug.temp.o
 .debug_str     0x00000000    0x7549a /var/folders/t_/9lzv5v214yg8tqnd_qsbsvwm0000gn/T//cc8kw19z.debug.temp.o
 .debug_str     0x00000000    0x6fad2 /var/folders/t_/9lzv5v214yg8tqnd_qsbsvwm0000gn/T//ccooWR1y.debug.temp.o
 .debug_str     0x00000000    0x71968 /var/folders/t_/9lzv5v214yg8tqnd_qsbsvwm0000gn/T//cc6OodZJ.debug.temp.o
 .debug_str     0x00000000    0x7577b /var/folders/t_/9lzv5v214yg8tqnd_qsbsvwm0000gn/T//ccu8THKJ.debug.temp.o
 .debug_str     0x00000000    0x75378 /var/folders/t_/9lzv5v214yg8tqnd_qsbsvwm0000gn/T//ccOAxn1J.debug.temp.o
 .debug_str     0x00000000    0x7458d /var/folders/t_/9lzv5v214yg8tqnd_qsbsvwm0000gn/T//ccGoXm85.debug.temp.o
 .debug_str     0x00000000    0x7673c /var/folders/t_/9lzv5v214yg8tqnd_qsbsvwm0000gn/T//cc0hQA1B.debug.temp.o
 .debug_str     0x00000000    0x76726 /var/folders/t_/9lzv5v214yg8tqnd_qsbsvwm0000gn/T//ccmZYyR6.debug.temp.o
 .debug_str     0x00000000    0x7256a /var/folders/t_/9lzv5v214yg8tqnd_qsbsvwm0000gn/T//cc7Ibq3p.debug.temp.o
 .debug_str     0x00000000    0x70b02 /var/folders/t_/9lzv5v214yg8tqnd_qsbsvwm0000gn/T//ccZYtcQ7.debug.temp.o
 .debug_str     0x00000000    0x724de /var/folders/t_/9lzv5v214yg8tqnd_qsbsvwm0000gn/T//ccntwMCl.debug.temp.o
 .debug_str     0x00000000    0x75491 /var/folders/t_/9lzv5v214yg8tqnd_qsbsvwm0000gn/T//ccxHiTP0.debug.temp.o
 .debug_str     0x00000000    0x75801 /var/folders/t_/9lzv5v214yg8tqnd_qsbsvwm0000gn/T//ccmRCsDJ.debug.temp.o
 .debug_str     0x00000000    0x74b3b /var/folders/t_/9lzv5v214yg8tqnd_qsbsvwm0000gn/T//ccg6kJgw.debug.temp.o
 .debug_str     0x00000000    0x7470e /var/folders/t_/9lzv5v214yg8tqnd_qsbsvwm0000gn/T//ccrDrWET.debug.temp.o
 .debug_str     0x00000000    0x7b80d /var/folders/t_/9lzv5v214yg8tqnd_qsbsvwm0000gn/T//cc8av1Iq.debug.temp.o
 .debug_str     0x00000000    0x7877e /var/folders/t_/9lzv5v214yg8tqnd_qsbsvwm0000gn/T//cc6k0qqf.debug.temp.o
 .debug_str     0x00000000    0x70bfd /var/folders/t_/9lzv5v214yg8tqnd_qsbsvwm0000gn/T//ccLpohqO.debug.temp.o
 .debug_str     0x00000000    0x73f00 /var/folders/t_/9lzv5v214yg8tqnd_qsbsvwm0000gn/T//ccubiBZO.debug.temp.o
 .debug_str     0x00000000    0x775e6 /var/folders/t_/9lzv5v214yg8tqnd_qsbsvwm0000gn/T//cc4wbUmH.debug.temp.o
 .debug_str     0x00000000    0x741b9 /var/folders/t_/9lzv5v214yg8tqnd_qsbsvwm0000gn/T//ccwgmeWB.debug.temp.o
 .debug_str     0x00000000    0x74545 /var/folders/t_/9lzv5v214yg8tqnd_qsbsvwm0000gn/T//cc2WNeBj.debug.temp.o
 .debug_str     0x00000000    0x751a5 /var/folders/t_/9lzv5v214yg8tqnd_qsbsvwm0000gn/T//ccRZQHrc.debug.temp.o
 .debug_str     0x00000000    0x634aa /var/folders/t_/9lzv5v214yg8tqnd_qsbsvwm0000gn/T//ccBLDDbR.debug.temp.o
 .debug_str     0x00000000    0x631d9 /var/folders/t_/9lzv5v214yg8tqnd_qsbsvwm0000gn/T//ccXnKiCt.debug.temp.o
 .debug_str     0x00000000    0x62ee6 /var/folders/t_/9lzv5v214yg8tqnd_qsbsvwm0000gn/T//ccizPK7M.debug.temp.o
 .debug_str     0x00000000    0x6330f /var/folders/t_/9lzv5v214yg8tqnd_qsbsvwm0000gn/T//ccKckVhk.debug.temp.o
 .debug_str     0x00000000    0x62f3e /var/folders/t_/9lzv5v214yg8tqnd_qsbsvwm0000gn/T//cc2Qly8v.debug.temp.o
 .debug_str     0x00000000    0x63143 /var/folders/t_/9lzv5v214yg8tqnd_qsbsvwm0000gn/T//cceej0Xo.debug.temp.o
 .debug_str     0x00000000    0x63100 /var/folders/t_/9lzv5v214yg8tqnd_qsbsvwm0000gn/T//ccCMgRCR.debug.temp.o
 .debug_str     0x00000000    0x641b3 /var/folders/t_/9lzv5v214yg8tqnd_qsbsvwm0000gn/T//ccT3SbQo.debug.temp.o
 .debug_str     0x00000000    0x639bf /var/folders/t_/9lzv5v214yg8tqnd_qsbsvwm0000gn/T//cc6ATWzN.debug.temp.o
 .debug_str     0x00000000    0x63b01 /var/folders/t_/9lzv5v214yg8tqnd_qsbsvwm0000gn/T//ccbzWv8O.debug.temp.o
 .debug_str     0x00000000    0x62d98 /var/folders/t_/9lzv5v214yg8tqnd_qsbsvwm0000gn/T//ccLD25GB.debug.temp.o
 .debug_str     0x00000000    0x6f981 /var/folders/t_/9lzv5v214yg8tqnd_qsbsvwm0000gn/T//cc9997GH.debug.temp.o
 .debug_str     0x00000000    0x71c8c /var/folders/t_/9lzv5v214yg8tqnd_qsbsvwm0000gn/T//cckB92B7.debug.temp.o
 .debug_str     0x00000000    0x70123 /var/folders/t_/9lzv5v214yg8tqnd_qsbsvwm0000gn/T//ccLlR97J.debug.temp.o
 .debug_str     0x00000000    0x6fe20 /var/folders/t_/9lzv5v214yg8tqnd_qsbsvwm0000gn/T//ccKWVEdX.debug.temp.o
 .debug_str     0x00000000    0x6fa52 /var/folders/t_/9lzv5v214yg8tqnd_qsbsvwm0000gn/T//cckoxcvS.debug.temp.o
 .debug_str     0x00000000    0x6fc4f /var/folders/t_/9lzv5v214yg8tqnd_qsbsvwm0000gn/T//ccsIAEG0.debug.temp.o
 .debug_str     0x00000000    0x6facf /var/folders/t_/9lzv5v214yg8tqnd_qsbsvwm0000gn/T//ccEafGey.debug.temp.o
 .debug_str     0x00000000    0x6faa0 /var/folders/t_/9lzv5v214yg8tqnd_qsbsvwm0000gn/T//ccG5HPpJ.debug.temp.o
 .debug_str     0x00000000    0x6fa0e /var/folders/t_/9lzv5v214yg8tqnd_qsbsvwm0000gn/T//ccChG6Sd.debug.temp.o
 .debug_str     0x00000000    0x6fb0e /var/folders/t_/9lzv5v214yg8tqnd_qsbsvwm0000gn/T//ccjMhGPy.debug.temp.o
 .debug_str     0x00000000    0x6ff82 /var/folders/t_/9lzv5v214yg8tqnd_qsbsvwm0000gn/T//ccR5Tsfz.debug.temp.o
 .debug_str     0x00000000    0x6fcd9 /var/folders/t_/9lzv5v214yg8tqnd_qsbsvwm0000gn/T//ccdXxG4z.debug.temp.o
 .debug_str     0x00000000     0x7068 /var/folders/t_/9lzv5v214yg8tqnd_qsbsvwm0000gn/T//ccrE21HD.debug.temp.o
 .debug_str     0x00000000     0x936f /var/folders/t_/9lzv5v214yg8tqnd_qsbsvwm0000gn/T//ccGM2grX.debug.temp.o
 .debug_str     0x00000000    0x86478 CMakeFiles/test-md-bench.dir/startup_stm32f031x6.s.obj
                                 0x84 (size before relaxing)

.debug_macro    0x00000000    0x1baa6
 .debug_macro   0x00000000      0x3bd /var/folders/t_/9lzv5v214yg8tqnd_qsbsvwm0000gn/T//ccKaHmzR.debug.temp.o
 .debug_macro   0x000003bd      0xaba /var/folders/t_/9lzv5v214yg8tqnd_qsbsvwm0000gn/T//ccKaHmzR.debug.temp.o
 .debug_macro   0x00000e77      0x139 /var/folders/t_/9lzv5v214yg8tqnd_qsbsvwm0000gn/T//ccKaHmzR.debug.temp.o
 .debug_macro   0x00000fb0       0x2e /var/folders/t_/9lzv5v214yg8tqnd_qsbsvwm0000gn/T//ccKaHmzR.debug.temp.o
 .debug_macro   0x00000fde       0x22 /var/folders/t_/9lzv5v214yg8tqnd_qsbsvwm0000gn/T//ccKaHmzR.debug.temp.o
 .debug_macro   0x00001000       0x22 /var/folders/t_/9lzv5v214yg8tqnd_qsbsvwm0000gn/T//ccKaHmzR.debug.temp.o
 .debug_macro   0x00001022       0x8e /var/folders/t_/9lzv5v214yg8tqnd_qsbsvwm0000gn/T//ccKaHmzR.debug.temp.o
 .debug_macro   0x000010b0       0x51 /var/folders/t_/9lzv5v214yg8tqnd_qsbsvwm0000gn/T//ccKaHmzR.debug.temp.o
 .debug_macro   0x00001101      0x103 /var/folders/t_/9lzv5v214yg8tqnd_qsbsvwm0000gn/T//ccKaHmzR.debug.temp.o
 .debug_macro   0x00001204       0x6a /var/folders/t_/9lzv5v214yg8tqnd_qsbsvwm0000gn/T//ccKaHmzR.debug.temp.o
 .debug_macro   0x0000126e      0x1df /var/folders/t_/9lzv5v214yg8tqnd_qsbsvwm0000gn/T//ccKaHmzR.debug.temp.o
 .debug_macro   0x0000144d       0x1c /var/folders/t_/9lzv5v214yg8tqnd_qsbsvwm0000gn/T//ccKaHmzR.debug.temp.o
 .debug_macro   0x00001469       0x22 /var/folders/t_/9lzv5v214yg8tqnd_qsbsvwm0000gn/T//ccKaHmzR.debug.temp.o
 .debug_macro   0x0000148b       0xaf /var/folders/t_/9lzv5v214yg8tqnd_qsbsvwm0000gn/T//ccKaHmzR.debug.temp.o
 .debug_macro   0x0000153a      0x391 /var/folders/t_/9lzv5v214yg8tqnd_qsbsvwm0000gn/T//ccKaHmzR.debug.temp.o
 .debug_macro   0x000018cb     0x754b /var/folders/t_/9lzv5v214yg8tqnd_qsbsvwm0000gn/T//ccKaHmzR.debug.temp.o
 .debug_macro   0x00008e16       0x66 /var/folders/t_/9lzv5v214yg8tqnd_qsbsvwm0000gn/T//ccKaHmzR.debug.temp.o
 .debug_macro   0x00008e7c     0x34da /var/folders/t_/9lzv5v214yg8tqnd_qsbsvwm0000gn/T//ccKaHmzR.debug.temp.o
 .debug_macro   0x0000c356      0x190 /var/folders/t_/9lzv5v214yg8tqnd_qsbsvwm0000gn/T//ccKaHmzR.debug.temp.o
 .debug_macro   0x0000c4e6       0x55 /var/folders/t_/9lzv5v214yg8tqnd_qsbsvwm0000gn/T//ccKaHmzR.debug.temp.o
 .debug_macro   0x0000c53b      0x924 /var/folders/t_/9lzv5v214yg8tqnd_qsbsvwm0000gn/T//ccKaHmzR.debug.temp.o
 .debug_macro   0x0000ce5f       0xe5 /var/folders/t_/9lzv5v214yg8tqnd_qsbsvwm0000gn/T//ccKaHmzR.debug.temp.o
 .debug_macro   0x0000cf44      0x1ae /var/folders/t_/9lzv5v214yg8tqnd_qsbsvwm0000gn/T//ccKaHmzR.debug.temp.o
 .debug_macro   0x0000d0f2       0xce /var/folders/t_/9lzv5v214yg8tqnd_qsbsvwm0000gn/T//ccKaHmzR.debug.temp.o
 .debug_macro   0x0000d1c0      0x199 /var/folders/t_/9lzv5v214yg8tqnd_qsbsvwm0000gn/T//ccKaHmzR.debug.temp.o
 .debug_macro   0x0000d359      0x1ed /var/folders/t_/9lzv5v214yg8tqnd_qsbsvwm0000gn/T//ccKaHmzR.debug.temp.o
 .debug_macro   0x0000d546       0x34 /var/folders/t_/9lzv5v214yg8tqnd_qsbsvwm0000gn/T//ccKaHmzR.debug.temp.o
 .debug_macro   0x0000d57a       0x43 /var/folders/t_/9lzv5v214yg8tqnd_qsbsvwm0000gn/T//ccKaHmzR.debug.temp.o
 .debug_macro   0x0000d5bd       0x28 /var/folders/t_/9lzv5v214yg8tqnd_qsbsvwm0000gn/T//ccKaHmzR.debug.temp.o
 .debug_macro   0x0000d5e5      0x33d /var/folders/t_/9lzv5v214yg8tqnd_qsbsvwm0000gn/T//ccKaHmzR.debug.temp.o
 .debug_macro   0x0000d922       0xd4 /var/folders/t_/9lzv5v214yg8tqnd_qsbsvwm0000gn/T//ccKaHmzR.debug.temp.o
 .debug_macro   0x0000d9f6       0xb0 /var/folders/t_/9lzv5v214yg8tqnd_qsbsvwm0000gn/T//ccKaHmzR.debug.temp.o
 .debug_macro   0x0000daa6      0x15a /var/folders/t_/9lzv5v214yg8tqnd_qsbsvwm0000gn/T//ccKaHmzR.debug.temp.o
 .debug_macro   0x0000dc00      0x22c /var/folders/t_/9lzv5v214yg8tqnd_qsbsvwm0000gn/T//ccKaHmzR.debug.temp.o
 .debug_macro   0x0000de2c       0x61 /var/folders/t_/9lzv5v214yg8tqnd_qsbsvwm0000gn/T//ccKaHmzR.debug.temp.o
 .debug_macro   0x0000de8d       0xa5 /var/folders/t_/9lzv5v214yg8tqnd_qsbsvwm0000gn/T//ccKaHmzR.debug.temp.o
 .debug_macro   0x0000df32       0x4c /var/folders/t_/9lzv5v214yg8tqnd_qsbsvwm0000gn/T//ccKaHmzR.debug.temp.o
 .debug_macro   0x0000df7e      0x112 /var/folders/t_/9lzv5v214yg8tqnd_qsbsvwm0000gn/T//ccKaHmzR.debug.temp.o
 .debug_macro   0x0000e090      0x8f4 /var/folders/t_/9lzv5v214yg8tqnd_qsbsvwm0000gn/T//ccKaHmzR.debug.temp.o
 .debug_macro   0x0000e984       0x28 /var/folders/t_/9lzv5v214yg8tqnd_qsbsvwm0000gn/T//ccKaHmzR.debug.temp.o
 .debug_macro   0x0000e9ac      0x5ba /var/folders/t_/9lzv5v214yg8tqnd_qsbsvwm0000gn/T//ccKaHmzR.debug.temp.o
 .debug_macro   0x0000ef66       0x3e /var/folders/t_/9lzv5v214yg8tqnd_qsbsvwm0000gn/T//ccKaHmzR.debug.temp.o
 .debug_macro   0x0000efa4      0x106 /var/folders/t_/9lzv5v214yg8tqnd_qsbsvwm0000gn/T//ccKaHmzR.debug.temp.o
 .debug_macro   0x0000f0aa       0x22 /var/folders/t_/9lzv5v214yg8tqnd_qsbsvwm0000gn/T//ccKaHmzR.debug.temp.o
 .debug_macro   0x0000f0cc       0x10 /var/folders/t_/9lzv5v214yg8tqnd_qsbsvwm0000gn/T//ccKaHmzR.debug.temp.o
 .debug_macro   0x0000f0dc       0xab /var/folders/t_/9lzv5v214yg8tqnd_qsbsvwm0000gn/T//ccKaHmzR.debug.temp.o
 .debug_macro   0x0000f187      0x40c /var/folders/t_/9lzv5v214yg8tqnd_qsbsvwm0000gn/T//ccKaHmzR.debug.temp.o
 .debug_macro   0x0000f593      0x184 /var/folders/t_/9lzv5v214yg8tqnd_qsbsvwm0000gn/T//ccKaHmzR.debug.temp.o
 .debug_macro   0x0000f717      0x5cf /var/folders/t_/9lzv5v214yg8tqnd_qsbsvwm0000gn/T//ccKaHmzR.debug.temp.o
 .debug_macro   0x0000fce6      0x5bd /var/folders/t_/9lzv5v214yg8tqnd_qsbsvwm0000gn/T//ccKaHmzR.debug.temp.o
 .debug_macro   0x000102a3      0x11f /var/folders/t_/9lzv5v214yg8tqnd_qsbsvwm0000gn/T//ccKaHmzR.debug.temp.o
 .debug_macro   0x000103c2      0x2e2 /var/folders/t_/9lzv5v214yg8tqnd_qsbsvwm0000gn/T//ccKaHmzR.debug.temp.o
 .debug_macro   0x000106a4      0x215 /var/folders/t_/9lzv5v214yg8tqnd_qsbsvwm0000gn/T//ccKaHmzR.debug.temp.o
 .debug_macro   0x000108b9       0x34 /var/folders/t_/9lzv5v214yg8tqnd_qsbsvwm0000gn/T//ccKaHmzR.debug.temp.o
 .debug_macro   0x000108ed      0x1f0 /var/folders/t_/9lzv5v214yg8tqnd_qsbsvwm0000gn/T//ccKaHmzR.debug.temp.o
 .debug_macro   0x00010add       0x2e /var/folders/t_/9lzv5v214yg8tqnd_qsbsvwm0000gn/T//ccKaHmzR.debug.temp.o
 .debug_macro   0x00010b0b      0x114 /var/folders/t_/9lzv5v214yg8tqnd_qsbsvwm0000gn/T//ccKaHmzR.debug.temp.o
 .debug_macro   0x00010c1f       0x1c /var/folders/t_/9lzv5v214yg8tqnd_qsbsvwm0000gn/T//ccKaHmzR.debug.temp.o
 .debug_macro   0x00010c3b       0x22 /var/folders/t_/9lzv5v214yg8tqnd_qsbsvwm0000gn/T//ccKaHmzR.debug.temp.o
 .debug_macro   0x00010c5d       0x84 /var/folders/t_/9lzv5v214yg8tqnd_qsbsvwm0000gn/T//ccKaHmzR.debug.temp.o
 .debug_macro   0x00010ce1       0x64 /var/folders/t_/9lzv5v214yg8tqnd_qsbsvwm0000gn/T//ccKaHmzR.debug.temp.o
 .debug_macro   0x00010d45       0x46 /var/folders/t_/9lzv5v214yg8tqnd_qsbsvwm0000gn/T//ccKaHmzR.debug.temp.o
 .debug_macro   0x00010d8b      0x169 /var/folders/t_/9lzv5v214yg8tqnd_qsbsvwm0000gn/T//ccKaHmzR.debug.temp.o
 .debug_macro   0x00010ef4       0x58 /var/folders/t_/9lzv5v214yg8tqnd_qsbsvwm0000gn/T//ccKaHmzR.debug.temp.o
 .debug_macro   0x00010f4c      0x236 /var/folders/t_/9lzv5v214yg8tqnd_qsbsvwm0000gn/T//ccKaHmzR.debug.temp.o
 .debug_macro   0x00011182       0xd6 /var/folders/t_/9lzv5v214yg8tqnd_qsbsvwm0000gn/T//ccKaHmzR.debug.temp.o
 .debug_macro   0x00011258      0x3de /var/folders/t_/9lzv5v214yg8tqnd_qsbsvwm0000gn/T//cc8kw19z.debug.temp.o
 .debug_macro   0x00011636       0x1c /var/folders/t_/9lzv5v214yg8tqnd_qsbsvwm0000gn/T//cc8kw19z.debug.temp.o
 .debug_macro   0x00011652      0x26e /var/folders/t_/9lzv5v214yg8tqnd_qsbsvwm0000gn/T//ccooWR1y.debug.temp.o
 .debug_macro   0x000118c0       0xa5 /var/folders/t_/9lzv5v214yg8tqnd_qsbsvwm0000gn/T//ccooWR1y.debug.temp.o
 .debug_macro   0x00011965      0x37e /var/folders/t_/9lzv5v214yg8tqnd_qsbsvwm0000gn/T//cc6OodZJ.debug.temp.o
 .debug_macro   0x00011ce3       0x34 /var/folders/t_/9lzv5v214yg8tqnd_qsbsvwm0000gn/T//cc6OodZJ.debug.temp.o
 .debug_macro   0x00011d17       0x1c /var/folders/t_/9lzv5v214yg8tqnd_qsbsvwm0000gn/T//cc6OodZJ.debug.temp.o
 .debug_macro   0x00011d33       0xd0 /var/folders/t_/9lzv5v214yg8tqnd_qsbsvwm0000gn/T//cc6OodZJ.debug.temp.o
 .debug_macro   0x00011e03      0x3db /var/folders/t_/9lzv5v214yg8tqnd_qsbsvwm0000gn/T//ccu8THKJ.debug.temp.o
 .debug_macro   0x000121de      0x3cf /var/folders/t_/9lzv5v214yg8tqnd_qsbsvwm0000gn/T//ccOAxn1J.debug.temp.o
 .debug_macro   0x000125ad      0x2ec /var/folders/t_/9lzv5v214yg8tqnd_qsbsvwm0000gn/T//ccGoXm85.debug.temp.o
 .debug_macro   0x00012899       0x7e /var/folders/t_/9lzv5v214yg8tqnd_qsbsvwm0000gn/T//ccGoXm85.debug.temp.o
 .debug_macro   0x00012917       0x7c /var/folders/t_/9lzv5v214yg8tqnd_qsbsvwm0000gn/T//ccGoXm85.debug.temp.o
 .debug_macro   0x00012993       0x40 /var/folders/t_/9lzv5v214yg8tqnd_qsbsvwm0000gn/T//ccGoXm85.debug.temp.o
 .debug_macro   0x000129d3      0x45a /var/folders/t_/9lzv5v214yg8tqnd_qsbsvwm0000gn/T//cc0hQA1B.debug.temp.o
 .debug_macro   0x00012e2d       0x16 /var/folders/t_/9lzv5v214yg8tqnd_qsbsvwm0000gn/T//cc0hQA1B.debug.temp.o
 .debug_macro   0x00012e43       0x10 /var/folders/t_/9lzv5v214yg8tqnd_qsbsvwm0000gn/T//cc0hQA1B.debug.temp.o
 .debug_macro   0x00012e53      0x454 /var/folders/t_/9lzv5v214yg8tqnd_qsbsvwm0000gn/T//ccmZYyR6.debug.temp.o
 .debug_macro   0x000132a7      0x27a /var/folders/t_/9lzv5v214yg8tqnd_qsbsvwm0000gn/T//cc7Ibq3p.debug.temp.o
 .debug_macro   0x00013521      0x35e /var/folders/t_/9lzv5v214yg8tqnd_qsbsvwm0000gn/T//ccZYtcQ7.debug.temp.o
 .debug_macro   0x0001387f      0x29b /var/folders/t_/9lzv5v214yg8tqnd_qsbsvwm0000gn/T//ccntwMCl.debug.temp.o
 .debug_macro   0x00013b1a      0x3c8 /var/folders/t_/9lzv5v214yg8tqnd_qsbsvwm0000gn/T//ccxHiTP0.debug.temp.o
 .debug_macro   0x00013ee2      0x41e /var/folders/t_/9lzv5v214yg8tqnd_qsbsvwm0000gn/T//ccmRCsDJ.debug.temp.o
 .debug_macro   0x00014300       0xef /var/folders/t_/9lzv5v214yg8tqnd_qsbsvwm0000gn/T//ccmRCsDJ.debug.temp.o
 .debug_macro   0x000143ef      0x3d5 /var/folders/t_/9lzv5v214yg8tqnd_qsbsvwm0000gn/T//ccg6kJgw.debug.temp.o
 .debug_macro   0x000147c4      0x3d1 /var/folders/t_/9lzv5v214yg8tqnd_qsbsvwm0000gn/T//ccrDrWET.debug.temp.o
 .debug_macro   0x00014b95      0x4a5 /var/folders/t_/9lzv5v214yg8tqnd_qsbsvwm0000gn/T//cc8av1Iq.debug.temp.o
 .debug_macro   0x0001503a       0x7b /var/folders/t_/9lzv5v214yg8tqnd_qsbsvwm0000gn/T//cc8av1Iq.debug.temp.o
 .debug_macro   0x000150b5       0x24 /var/folders/t_/9lzv5v214yg8tqnd_qsbsvwm0000gn/T//cc8av1Iq.debug.temp.o
 .debug_macro   0x000150d9       0x3c /var/folders/t_/9lzv5v214yg8tqnd_qsbsvwm0000gn/T//cc8av1Iq.debug.temp.o
 .debug_macro   0x00015115       0x34 /var/folders/t_/9lzv5v214yg8tqnd_qsbsvwm0000gn/T//cc8av1Iq.debug.temp.o
 .debug_macro   0x00015149      0x370 /var/folders/t_/9lzv5v214yg8tqnd_qsbsvwm0000gn/T//cc8av1Iq.debug.temp.o
 .debug_macro   0x000154b9       0x16 /var/folders/t_/9lzv5v214yg8tqnd_qsbsvwm0000gn/T//cc8av1Iq.debug.temp.o
 .debug_macro   0x000154cf       0x4a /var/folders/t_/9lzv5v214yg8tqnd_qsbsvwm0000gn/T//cc8av1Iq.debug.temp.o
 .debug_macro   0x00015519       0x34 /var/folders/t_/9lzv5v214yg8tqnd_qsbsvwm0000gn/T//cc8av1Iq.debug.temp.o
 .debug_macro   0x0001554d       0x10 /var/folders/t_/9lzv5v214yg8tqnd_qsbsvwm0000gn/T//cc8av1Iq.debug.temp.o
 .debug_macro   0x0001555d       0x58 /var/folders/t_/9lzv5v214yg8tqnd_qsbsvwm0000gn/T//cc8av1Iq.debug.temp.o
 .debug_macro   0x000155b5      0x1e5 /var/folders/t_/9lzv5v214yg8tqnd_qsbsvwm0000gn/T//cc8av1Iq.debug.temp.o
 .debug_macro   0x0001579a       0x10 /var/folders/t_/9lzv5v214yg8tqnd_qsbsvwm0000gn/T//cc8av1Iq.debug.temp.o
 .debug_macro   0x000157aa       0x3c /var/folders/t_/9lzv5v214yg8tqnd_qsbsvwm0000gn/T//cc8av1Iq.debug.temp.o
 .debug_macro   0x000157e6      0x4fe /var/folders/t_/9lzv5v214yg8tqnd_qsbsvwm0000gn/T//cc8av1Iq.debug.temp.o
 .debug_macro   0x00015ce4      0x3f1 /var/folders/t_/9lzv5v214yg8tqnd_qsbsvwm0000gn/T//cc6k0qqf.debug.temp.o
 .debug_macro   0x000160d5      0x2b9 /var/folders/t_/9lzv5v214yg8tqnd_qsbsvwm0000gn/T//ccLpohqO.debug.temp.o
 .debug_macro   0x0001638e       0x1c /var/folders/t_/9lzv5v214yg8tqnd_qsbsvwm0000gn/T//ccLpohqO.debug.temp.o
 .debug_macro   0x000163aa      0x2bc /var/folders/t_/9lzv5v214yg8tqnd_qsbsvwm0000gn/T//ccubiBZO.debug.temp.o
 .debug_macro   0x00016666      0x1f6 /var/folders/t_/9lzv5v214yg8tqnd_qsbsvwm0000gn/T//ccubiBZO.debug.temp.o
 .debug_macro   0x0001685c      0x31e /var/folders/t_/9lzv5v214yg8tqnd_qsbsvwm0000gn/T//cc4wbUmH.debug.temp.o
 .debug_macro   0x00016b7a      0x10e /var/folders/t_/9lzv5v214yg8tqnd_qsbsvwm0000gn/T//cc4wbUmH.debug.temp.o
 .debug_macro   0x00016c88      0x2be /var/folders/t_/9lzv5v214yg8tqnd_qsbsvwm0000gn/T//ccwgmeWB.debug.temp.o
 .debug_macro   0x00016f46      0x3c7 /var/folders/t_/9lzv5v214yg8tqnd_qsbsvwm0000gn/T//cc2WNeBj.debug.temp.o
 .debug_macro   0x0001730d      0x3bd /var/folders/t_/9lzv5v214yg8tqnd_qsbsvwm0000gn/T//ccRZQHrc.debug.temp.o
 .debug_macro   0x000176ca      0x1fa /var/folders/t_/9lzv5v214yg8tqnd_qsbsvwm0000gn/T//ccBLDDbR.debug.temp.o
 .debug_macro   0x000178c4      0x1e8 /var/folders/t_/9lzv5v214yg8tqnd_qsbsvwm0000gn/T//ccXnKiCt.debug.temp.o
 .debug_macro   0x00017aac      0x1d6 /var/folders/t_/9lzv5v214yg8tqnd_qsbsvwm0000gn/T//ccizPK7M.debug.temp.o
 .debug_macro   0x00017c82      0x1fa /var/folders/t_/9lzv5v214yg8tqnd_qsbsvwm0000gn/T//ccKckVhk.debug.temp.o
 .debug_macro   0x00017e7c      0x1dd /var/folders/t_/9lzv5v214yg8tqnd_qsbsvwm0000gn/T//cc2Qly8v.debug.temp.o
 .debug_macro   0x00018059      0x1d6 /var/folders/t_/9lzv5v214yg8tqnd_qsbsvwm0000gn/T//cceej0Xo.debug.temp.o
 .debug_macro   0x0001822f      0x1d6 /var/folders/t_/9lzv5v214yg8tqnd_qsbsvwm0000gn/T//ccCMgRCR.debug.temp.o
 .debug_macro   0x00018405      0x1d7 /var/folders/t_/9lzv5v214yg8tqnd_qsbsvwm0000gn/T//ccT3SbQo.debug.temp.o
 .debug_macro   0x000185dc      0x1d6 /var/folders/t_/9lzv5v214yg8tqnd_qsbsvwm0000gn/T//cc6ATWzN.debug.temp.o
 .debug_macro   0x000187b2      0x1f3 /var/folders/t_/9lzv5v214yg8tqnd_qsbsvwm0000gn/T//ccbzWv8O.debug.temp.o
 .debug_macro   0x000189a5      0x1d6 /var/folders/t_/9lzv5v214yg8tqnd_qsbsvwm0000gn/T//ccLD25GB.debug.temp.o
 .debug_macro   0x00018b7b      0x268 /var/folders/t_/9lzv5v214yg8tqnd_qsbsvwm0000gn/T//cc9997GH.debug.temp.o
 .debug_macro   0x00018de3      0x27b /var/folders/t_/9lzv5v214yg8tqnd_qsbsvwm0000gn/T//cckB92B7.debug.temp.o
 .debug_macro   0x0001905e      0x299 /var/folders/t_/9lzv5v214yg8tqnd_qsbsvwm0000gn/T//ccLlR97J.debug.temp.o
 .debug_macro   0x000192f7      0x27d /var/folders/t_/9lzv5v214yg8tqnd_qsbsvwm0000gn/T//ccKWVEdX.debug.temp.o
 .debug_macro   0x00019574       0x16 /var/folders/t_/9lzv5v214yg8tqnd_qsbsvwm0000gn/T//ccKWVEdX.debug.temp.o
 .debug_macro   0x0001958a      0x268 /var/folders/t_/9lzv5v214yg8tqnd_qsbsvwm0000gn/T//cckoxcvS.debug.temp.o
 .debug_macro   0x000197f2      0x268 /var/folders/t_/9lzv5v214yg8tqnd_qsbsvwm0000gn/T//ccsIAEG0.debug.temp.o
 .debug_macro   0x00019a5a      0x272 /var/folders/t_/9lzv5v214yg8tqnd_qsbsvwm0000gn/T//ccEafGey.debug.temp.o
 .debug_macro   0x00019ccc      0x280 /var/folders/t_/9lzv5v214yg8tqnd_qsbsvwm0000gn/T//ccG5HPpJ.debug.temp.o
 .debug_macro   0x00019f4c      0x268 /var/folders/t_/9lzv5v214yg8tqnd_qsbsvwm0000gn/T//ccChG6Sd.debug.temp.o
 .debug_macro   0x0001a1b4      0x268 /var/folders/t_/9lzv5v214yg8tqnd_qsbsvwm0000gn/T//ccjMhGPy.debug.temp.o
 .debug_macro   0x0001a41c      0x286 /var/folders/t_/9lzv5v214yg8tqnd_qsbsvwm0000gn/T//ccR5Tsfz.debug.temp.o
 .debug_macro   0x0001a6a2      0x272 /var/folders/t_/9lzv5v214yg8tqnd_qsbsvwm0000gn/T//ccdXxG4z.debug.temp.o
 .debug_macro   0x0001a914       0xff /var/folders/t_/9lzv5v214yg8tqnd_qsbsvwm0000gn/T//ccrE21HD.debug.temp.o
 .debug_macro   0x0001aa13       0x10 /var/folders/t_/9lzv5v214yg8tqnd_qsbsvwm0000gn/T//ccrE21HD.debug.temp.o
 .debug_macro   0x0001aa23       0x75 /var/folders/t_/9lzv5v214yg8tqnd_qsbsvwm0000gn/T//ccrE21HD.debug.temp.o
 .debug_macro   0x0001aa98       0x94 /var/folders/t_/9lzv5v214yg8tqnd_qsbsvwm0000gn/T//ccrE21HD.debug.temp.o
 .debug_macro   0x0001ab2c       0x57 /var/folders/t_/9lzv5v214yg8tqnd_qsbsvwm0000gn/T//ccrE21HD.debug.temp.o
 .debug_macro   0x0001ab83      0x23c /var/folders/t_/9lzv5v214yg8tqnd_qsbsvwm0000gn/T//ccrE21HD.debug.temp.o
 .debug_macro   0x0001adbf      0x265 /var/folders/t_/9lzv5v214yg8tqnd_qsbsvwm0000gn/T//ccGM2grX.debug.temp.o
 .debug_macro   0x0001b024       0x10 /var/folders/t_/9lzv5v214yg8tqnd_qsbsvwm0000gn/T//ccGM2grX.debug.temp.o
 .debug_macro   0x0001b034       0x10 /var/folders/t_/9lzv5v214yg8tqnd_qsbsvwm0000gn/T//ccGM2grX.debug.temp.o
 .debug_macro   0x0001b044       0x10 /var/folders/t_/9lzv5v214yg8tqnd_qsbsvwm0000gn/T//ccGM2grX.debug.temp.o
 .debug_macro   0x0001b054       0x10 /var/folders/t_/9lzv5v214yg8tqnd_qsbsvwm0000gn/T//ccGM2grX.debug.temp.o
 .debug_macro   0x0001b064       0x1c /var/folders/t_/9lzv5v214yg8tqnd_qsbsvwm0000gn/T//ccGM2grX.debug.temp.o
 .debug_macro   0x0001b080       0x52 /var/folders/t_/9lzv5v214yg8tqnd_qsbsvwm0000gn/T//ccGM2grX.debug.temp.o
 .debug_macro   0x0001b0d2       0x22 /var/folders/t_/9lzv5v214yg8tqnd_qsbsvwm0000gn/T//ccGM2grX.debug.temp.o
 .debug_macro   0x0001b0f4       0x10 /var/folders/t_/9lzv5v214yg8tqnd_qsbsvwm0000gn/T//ccGM2grX.debug.temp.o
 .debug_macro   0x0001b104       0x52 /var/folders/t_/9lzv5v214yg8tqnd_qsbsvwm0000gn/T//ccGM2grX.debug.temp.o
 .debug_macro   0x0001b156       0xcf /var/folders/t_/9lzv5v214yg8tqnd_qsbsvwm0000gn/T//ccGM2grX.debug.temp.o
 .debug_macro   0x0001b225       0x1c /var/folders/t_/9lzv5v214yg8tqnd_qsbsvwm0000gn/T//ccGM2grX.debug.temp.o
 .debug_macro   0x0001b241       0x3d /var/folders/t_/9lzv5v214yg8tqnd_qsbsvwm0000gn/T//ccGM2grX.debug.temp.o
 .debug_macro   0x0001b27e       0x35 /var/folders/t_/9lzv5v214yg8tqnd_qsbsvwm0000gn/T//ccGM2grX.debug.temp.o