C:/Users/baolo/OneDrive - UBC/UBC 2023 - Term 1 2/UBC Thunderbots/Motor Driver-Firmware/motor_driver_eval_graph/MCSDK_v6.2.0-Full/MotorControl/MCSDK/MCLib/Any/Src/enc_align_ctrl.c:45:13:EAC_Init	0	static
C:/Users/baolo/OneDrive - UBC/UBC 2023 - Term 1 2/UBC Thunderbots/Motor Driver-Firmware/motor_driver_eval_graph/MCSDK_v6.2.0-Full/MotorControl/MCSDK/MCLib/Any/Src/enc_align_ctrl.c:72:13:EAC_StartAlignment	8	static
C:/Users/baolo/OneDrive - UBC/UBC 2023 - Term 1 2/UBC Thunderbots/Motor Driver-Firmware/motor_driver_eval_graph/MCSDK_v6.2.0-Full/MotorControl/MCSDK/MCLib/Any/Src/enc_align_ctrl.c:119:13:EAC_Exec	8	static
C:/Users/baolo/OneDrive - UBC/UBC 2023 - Term 1 2/UBC Thunderbots/Motor Driver-Firmware/motor_driver_eval_graph/MCSDK_v6.2.0-Full/MotorControl/MCSDK/MCLib/Any/Src/enc_align_ctrl.c:163:13:EAC_IsAligned	0	static
C:/Users/baolo/OneDrive - UBC/UBC 2023 - Term 1 2/UBC Thunderbots/Motor Driver-Firmware/motor_driver_eval_graph/MCSDK_v6.2.0-Full/MotorControl/MCSDK/MCLib/Any/Src/enc_align_ctrl.c:177:13:EAC_SetRestartState	0	static
C:/Users/baolo/OneDrive - UBC/UBC 2023 - Term 1 2/UBC Thunderbots/Motor Driver-Firmware/motor_driver_eval_graph/MCSDK_v6.2.0-Full/MotorControl/MCSDK/MCLib/Any/Src/enc_align_ctrl.c:198:13:EAC_GetRestartState	0	static
