C:/Users/baolo/OneDrive - UBC/UBC 2023 - Term 1 2/UBC Thunderbots/Motor Driver-Firmware/motor_driver_eval_graph/MCSDK_v6.2.0-Full/MotorControl/MCSDK/MCLib/Any/Src/encoder_speed_pos_fdbk.c:61:13:ENC_Init	16	static
C:/Users/baolo/OneDrive - UBC/UBC 2023 - Term 1 2/UBC Thunderbots/Motor Driver-Firmware/motor_driver_eval_graph/MCSDK_v6.2.0-Full/MotorControl/MCSDK/MCLib/Any/Src/encoder_speed_pos_fdbk.c:116:13:ENC_Clear	8	static
C:/Users/baolo/OneDrive - UBC/UBC 2023 - Term 1 2/UBC Thunderbots/Motor Driver-Firmware/motor_driver_eval_graph/MCSDK_v6.2.0-Full/MotorControl/MCSDK/MCLib/Any/Src/encoder_speed_pos_fdbk.c:144:16:ENC_CalcAngle	0	static
C:/Users/baolo/OneDrive - UBC/UBC 2023 - Term 1 2/UBC Thunderbots/Motor Driver-Firmware/motor_driver_eval_graph/MCSDK_v6.2.0-Full/MotorControl/MCSDK/MCLib/Any/Src/encoder_speed_pos_fdbk.c:202:13:ENC_CalcAvrgMecSpeedUnit	40	static
C:/Users/baolo/OneDrive - UBC/UBC 2023 - Term 1 2/UBC Thunderbots/Motor Driver-Firmware/motor_driver_eval_graph/MCSDK_v6.2.0-Full/MotorControl/MCSDK/MCLib/Any/Src/encoder_speed_pos_fdbk.c:358:13:ENC_SetMecAngle	8	static
C:/Users/baolo/OneDrive - UBC/UBC 2023 - Term 1 2/UBC Thunderbots/Motor Driver-Firmware/motor_driver_eval_graph/MCSDK_v6.2.0-Full/MotorControl/MCSDK/MCLib/Any/Src/encoder_speed_pos_fdbk.c:398:14:ENC_IRQHandler	0	static
