C:/Users/baolo/OneDrive - UBC/UBC 2023 - Term 1 2/UBC Thunderbots/Motor Driver-Firmware/motor_driver_eval_graph/MCSDK_v6.2.0-Full/MotorControl/MCSDK/MCLib/Any/Src/ramp_ext_mngr.c:44:6:REMNG_Init	0	static
C:/Users/baolo/OneDrive - UBC/UBC 2023 - Term 1 2/UBC Thunderbots/Motor Driver-Firmware/motor_driver_eval_graph/MCSDK_v6.2.0-Full/MotorControl/MCSDK/MCLib/Any/Src/ramp_ext_mngr.c:78:16:REMNG_Calc	8	static
C:/Users/baolo/OneDrive - UBC/UBC 2023 - Term 1 2/UBC Thunderbots/Motor Driver-Firmware/motor_driver_eval_graph/MCSDK_v6.2.0-Full/MotorControl/MCSDK/MCLib/Any/Src/ramp_ext_mngr.c:216:16:REMNG_GetValue	8	static
C:/Users/baolo/OneDrive - UBC/UBC 2023 - Term 1 2/UBC Thunderbots/Motor Driver-Firmware/motor_driver_eval_graph/MCSDK_v6.2.0-Full/MotorControl/MCSDK/MCLib/Any/Src/ramp_ext_mngr.c:237:13:REMNG_RampCompleted	0	static
C:/Users/baolo/OneDrive - UBC/UBC 2023 - Term 1 2/UBC Thunderbots/Motor Driver-Firmware/motor_driver_eval_graph/MCSDK_v6.2.0-Full/MotorControl/MCSDK/MCLib/Any/Src/ramp_ext_mngr.c:268:13:REMNG_StopRamp	0	static
C:/Users/baolo/OneDrive - UBC/UBC 2023 - Term 1 2/UBC Thunderbots/Motor Driver-Firmware/motor_driver_eval_graph/MCSDK_v6.2.0-Full/MotorControl/MCSDK/MCLib/Any/Src/ramp_ext_mngr.c:292:17:getScalingFactor	8	static
C:/Users/baolo/OneDrive - UBC/UBC 2023 - Term 1 2/UBC Thunderbots/Motor Driver-Firmware/motor_driver_eval_graph/MCSDK_v6.2.0-Full/MotorControl/MCSDK/MCLib/Any/Src/ramp_ext_mngr.c:131:13:REMNG_ExecRamp	40	static
