C:/Users/tarak/OneDrive/Documents/ThunderBots/eval_STSPIN_FW_encoder/motor_driver_eval_graph/Src/main.c:160:6:SystemClock_Config	4
C:/Users/tarak/OneDrive/Documents/ThunderBots/eval_STSPIN_FW_encoder/motor_driver_eval_graph/Src/main.c:81:5:main	14
C:/Users/tarak/OneDrive/Documents/ThunderBots/eval_STSPIN_FW_encoder/motor_driver_eval_graph/Src/main.c:537:6:HAL_SPI_RxCpltCallback	1
C:/Users/tarak/OneDrive/Documents/ThunderBots/eval_STSPIN_FW_encoder/motor_driver_eval_graph/Src/main.c:552:6:Error_Handler	1
