C:/Users/tarak/OneDrive/Documents/ThunderBots/eval_STSPIN_FW_encoder/motor_driver_eval_graph/Src/mc_interface.c:70:13:MCI_Init	0	static
C:/Users/tarak/OneDrive/Documents/ThunderBots/eval_STSPIN_FW_encoder/motor_driver_eval_graph/Src/mc_interface.c:119:13:MCI_ExecSpeedRamp	0	static
C:/Users/tarak/OneDrive/Documents/ThunderBots/eval_STSPIN_FW_encoder/motor_driver_eval_graph/Src/mc_interface.c:159:13:MCI_ExecSpeedRamp_F	16	static
C:/Users/tarak/OneDrive/Documents/ThunderBots/eval_STSPIN_FW_encoder/motor_driver_eval_graph/Src/mc_interface.c:199:13:MCI_ExecTorqueRamp	0	static
C:/Users/tarak/OneDrive/Documents/ThunderBots/eval_STSPIN_FW_encoder/motor_driver_eval_graph/Src/mc_interface.c:241:13:MCI_ExecTorqueRamp_F	16	static
C:/Users/tarak/OneDrive/Documents/ThunderBots/eval_STSPIN_FW_encoder/motor_driver_eval_graph/Src/mc_interface.c:273:13:MCI_SetCurrentReferences	8	static
C:/Users/tarak/OneDrive/Documents/ThunderBots/eval_STSPIN_FW_encoder/motor_driver_eval_graph/Src/mc_interface.c:309:13:MCI_SetCurrentReferences_F	32	static
C:/Users/tarak/OneDrive/Documents/ThunderBots/eval_STSPIN_FW_encoder/motor_driver_eval_graph/Src/mc_interface.c:514:13:MCI_GetCalibratedOffsetsMotor	8	static
C:/Users/tarak/OneDrive/Documents/ThunderBots/eval_STSPIN_FW_encoder/motor_driver_eval_graph/Src/mc_interface.c:695:13:MCI_FaultProcessing	0	static
C:/Users/tarak/OneDrive/Documents/ThunderBots/eval_STSPIN_FW_encoder/motor_driver_eval_graph/Src/mc_interface.c:720:13:MCI_ExecBufferedCommands	16	static
C:/Users/tarak/OneDrive/Documents/ThunderBots/eval_STSPIN_FW_encoder/motor_driver_eval_graph/Src/mc_interface.c:793:27:MCI_IsCommandAcknowledged	0	static
C:/Users/tarak/OneDrive/Documents/ThunderBots/eval_STSPIN_FW_encoder/motor_driver_eval_graph/Src/mc_interface.c:825:20:MCI_GetSTMState	0	static
C:/Users/tarak/OneDrive/Documents/ThunderBots/eval_STSPIN_FW_encoder/motor_driver_eval_graph/Src/mc_interface.c:846:17:MCI_GetOccurredFaults	0	static
C:/Users/tarak/OneDrive/Documents/ThunderBots/eval_STSPIN_FW_encoder/motor_driver_eval_graph/Src/mc_interface.c:866:17:MCI_GetCurrentFaults	0	static
C:/Users/tarak/OneDrive/Documents/ThunderBots/eval_STSPIN_FW_encoder/motor_driver_eval_graph/Src/mc_interface.c:360:13:MCI_StartMotor	16	static
C:/Users/tarak/OneDrive/Documents/ThunderBots/eval_STSPIN_FW_encoder/motor_driver_eval_graph/Src/mc_interface.c:426:13:MCI_StartWithPolarizationMotor	8	static
C:/Users/tarak/OneDrive/Documents/ThunderBots/eval_STSPIN_FW_encoder/motor_driver_eval_graph/Src/mc_interface.c:471:13:MCI_StartOffsetMeasurments	8	static
C:/Users/tarak/OneDrive/Documents/ThunderBots/eval_STSPIN_FW_encoder/motor_driver_eval_graph/Src/mc_interface.c:560:13:MCI_SetCalibratedOffsetsMotor	16	static
C:/Users/tarak/OneDrive/Documents/ThunderBots/eval_STSPIN_FW_encoder/motor_driver_eval_graph/Src/mc_interface.c:605:13:MCI_StopMotor	16	static
C:/Users/tarak/OneDrive/Documents/ThunderBots/eval_STSPIN_FW_encoder/motor_driver_eval_graph/Src/mc_interface.c:660:13:MCI_FaultAcknowledged	8	static
C:/Users/tarak/OneDrive/Documents/ThunderBots/eval_STSPIN_FW_encoder/motor_driver_eval_graph/Src/mc_interface.c:890:17:MCI_GetFaultState	0	static
C:/Users/tarak/OneDrive/Documents/ThunderBots/eval_STSPIN_FW_encoder/motor_driver_eval_graph/Src/mc_interface.c:915:25:MCI_GetControlMode	0	static
C:/Users/tarak/OneDrive/Documents/ThunderBots/eval_STSPIN_FW_encoder/motor_driver_eval_graph/Src/mc_interface.c:931:16:MCI_GetImposedMotorDirection	0	static
C:/Users/tarak/OneDrive/Documents/ThunderBots/eval_STSPIN_FW_encoder/motor_driver_eval_graph/Src/mc_interface.c:999:16:MCI_GetLastRampFinalSpeed	0	static
C:/Users/tarak/OneDrive/Documents/ThunderBots/eval_STSPIN_FW_encoder/motor_driver_eval_graph/Src/mc_interface.c:1025:16:MCI_GetLastRampFinalTorque	0	static
C:/Users/tarak/OneDrive/Documents/ThunderBots/eval_STSPIN_FW_encoder/motor_driver_eval_graph/Src/mc_interface.c:1050:17:MCI_GetLastRampFinalDuration	0	static
C:/Users/tarak/OneDrive/Documents/ThunderBots/eval_STSPIN_FW_encoder/motor_driver_eval_graph/Src/mc_interface.c:1074:16:MCI_GetLastRampFinalSpeed_F	8	static
C:/Users/tarak/OneDrive/Documents/ThunderBots/eval_STSPIN_FW_encoder/motor_driver_eval_graph/Src/mc_interface.c:1094:13:MCI_RampCompleted	8	static
C:/Users/tarak/OneDrive/Documents/ThunderBots/eval_STSPIN_FW_encoder/motor_driver_eval_graph/Src/mc_interface.c:1127:13:MCI_StopSpeedRamp	8	static
C:/Users/tarak/OneDrive/Documents/ThunderBots/eval_STSPIN_FW_encoder/motor_driver_eval_graph/Src/mc_interface.c:1140:13:MCI_StopRamp	8	static
C:/Users/tarak/OneDrive/Documents/ThunderBots/eval_STSPIN_FW_encoder/motor_driver_eval_graph/Src/mc_interface.c:1164:13:MCI_GetSpdSensorReliability	8	static
C:/Users/tarak/OneDrive/Documents/ThunderBots/eval_STSPIN_FW_encoder/motor_driver_eval_graph/Src/mc_interface.c:1190:16:MCI_GetAvrgMecSpeedUnit	8	static
C:/Users/tarak/OneDrive/Documents/ThunderBots/eval_STSPIN_FW_encoder/motor_driver_eval_graph/Src/mc_interface.c:1214:16:MCI_GetAvrgMecSpeed_F	8	static
C:/Users/tarak/OneDrive/Documents/ThunderBots/eval_STSPIN_FW_encoder/motor_driver_eval_graph/Src/mc_interface.c:1239:16:MCI_GetMecSpeedRefUnit	8	static
C:/Users/tarak/OneDrive/Documents/ThunderBots/eval_STSPIN_FW_encoder/motor_driver_eval_graph/Src/mc_interface.c:1254:16:MCI_GetMecSpeedRef_F	8	static
C:/Users/tarak/OneDrive/Documents/ThunderBots/eval_STSPIN_FW_encoder/motor_driver_eval_graph/Src/mc_interface.c:1269:13:MCI_GetIab	16	static
C:/Users/tarak/OneDrive/Documents/ThunderBots/eval_STSPIN_FW_encoder/motor_driver_eval_graph/Src/mc_interface.c:1289:15:MCI_GetIab_F	24	static
C:/Users/tarak/OneDrive/Documents/ThunderBots/eval_STSPIN_FW_encoder/motor_driver_eval_graph/Src/mc_interface.c:1316:20:MCI_GetIalphabeta	16	static
C:/Users/tarak/OneDrive/Documents/ThunderBots/eval_STSPIN_FW_encoder/motor_driver_eval_graph/Src/mc_interface.c:1341:13:MCI_GetIqd	16	static
C:/Users/tarak/OneDrive/Documents/ThunderBots/eval_STSPIN_FW_encoder/motor_driver_eval_graph/Src/mc_interface.c:1366:15:MCI_GetIqd_F	24	static
C:/Users/tarak/OneDrive/Documents/ThunderBots/eval_STSPIN_FW_encoder/motor_driver_eval_graph/Src/mc_interface.c:1392:13:MCI_GetIqdHF	16	static
C:/Users/tarak/OneDrive/Documents/ThunderBots/eval_STSPIN_FW_encoder/motor_driver_eval_graph/Src/mc_interface.c:1417:13:MCI_GetIqdref	16	static
C:/Users/tarak/OneDrive/Documents/ThunderBots/eval_STSPIN_FW_encoder/motor_driver_eval_graph/Src/mc_interface.c:1442:15:MCI_GetIqdref_F	24	static
C:/Users/tarak/OneDrive/Documents/ThunderBots/eval_STSPIN_FW_encoder/motor_driver_eval_graph/Src/mc_interface.c:1467:13:MCI_GetVqd	16	static
C:/Users/tarak/OneDrive/Documents/ThunderBots/eval_STSPIN_FW_encoder/motor_driver_eval_graph/Src/mc_interface.c:1492:20:MCI_GetValphabeta	16	static
C:/Users/tarak/OneDrive/Documents/ThunderBots/eval_STSPIN_FW_encoder/motor_driver_eval_graph/Src/mc_interface.c:1518:16:MCI_GetElAngledpp	0	static
C:/Users/tarak/OneDrive/Documents/ThunderBots/eval_STSPIN_FW_encoder/motor_driver_eval_graph/Src/mc_interface.c:1533:16:MCI_GetTeref	0	static
C:/Users/tarak/OneDrive/Documents/ThunderBots/eval_STSPIN_FW_encoder/motor_driver_eval_graph/Src/mc_interface.c:1547:16:MCI_GetTeref_F	8	static
C:/Users/tarak/OneDrive/Documents/ThunderBots/eval_STSPIN_FW_encoder/motor_driver_eval_graph/Src/mc_interface.c:1563:16:MCI_GetPhaseCurrentAmplitude	8	static
C:/Users/tarak/OneDrive/Documents/ThunderBots/eval_STSPIN_FW_encoder/motor_driver_eval_graph/Src/mc_interface.c:1592:16:MCI_GetPhaseVoltageAmplitude	8	static
C:/Users/tarak/OneDrive/Documents/ThunderBots/eval_STSPIN_FW_encoder/motor_driver_eval_graph/Src/mc_interface.c:1629:13:MCI_Clear_Iqdref	8	static
