C:/Users/tarak/OneDrive/Documents/ThunderBots/eval_STSPIN_FW_encoder/motor_driver_eval_graph/Src/mc_interface.c:70:13:MCI_Init	0	static
C:/Users/tarak/OneDrive/Documents/ThunderBots/eval_STSPIN_FW_encoder/motor_driver_eval_graph/Src/mc_interface.c:119:13:MCI_ExecSpeedRamp	0	static
C:/Users/tarak/OneDrive/Documents/ThunderBots/eval_STSPIN_FW_encoder/motor_driver_eval_graph/Src/mc_interface.c:159:13:MCI_ExecSpeedRamp_F	16	static
C:/Users/tarak/OneDrive/Documents/ThunderBots/eval_STSPIN_FW_encoder/motor_driver_eval_graph/Src/mc_interface.c:199:13:MCI_ExecTorqueRamp	0	static
C:/Users/tarak/OneDrive/Documents/ThunderBots/eval_STSPIN_FW_encoder/motor_driver_eval_graph/Src/mc_interface.c:241:13:MCI_ExecTorqueRamp_F	16	static
C:/Users/tarak/OneDrive/Documents/ThunderBots/eval_STSPIN_FW_encoder/motor_driver_eval_graph/Src/mc_interface.c:273:13:MCI_SetCurrentReferences	8	static
C:/Users/tarak/OneDrive/Documents/ThunderBots/eval_STSPIN_FW_encoder/motor_driver_eval_graph/Src/mc_interface.c:309:13:MCI_SetCurrentReferences_F	32	static
C:/Users/tarak/OneDrive/Documents/ThunderBots/eval_STSPIN_FW_encoder/motor_driver_eval_graph/Src/mc_interface.c:513:13:MCI_GetCalibratedOffsetsMotor	8	static
C:/Users/tarak/OneDrive/Documents/ThunderBots/eval_STSPIN_FW_encoder/motor_driver_eval_graph/Src/mc_interface.c:694:13:MCI_FaultProcessing	0	static
C:/Users/tarak/OneDrive/Documents/ThunderBots/eval_STSPIN_FW_encoder/motor_driver_eval_graph/Src/mc_interface.c:719:13:MCI_ExecBufferedCommands	16	static
C:/Users/tarak/OneDrive/Documents/ThunderBots/eval_STSPIN_FW_encoder/motor_driver_eval_graph/Src/mc_interface.c:792:27:MCI_IsCommandAcknowledged	0	static
C:/Users/tarak/OneDrive/Documents/ThunderBots/eval_STSPIN_FW_encoder/motor_driver_eval_graph/Src/mc_interface.c:824:20:MCI_GetSTMState	0	static
C:/Users/tarak/OneDrive/Documents/ThunderBots/eval_STSPIN_FW_encoder/motor_driver_eval_graph/Src/mc_interface.c:845:17:MCI_GetOccurredFaults	0	static
C:/Users/tarak/OneDrive/Documents/ThunderBots/eval_STSPIN_FW_encoder/motor_driver_eval_graph/Src/mc_interface.c:865:17:MCI_GetCurrentFaults	0	static
C:/Users/tarak/OneDrive/Documents/ThunderBots/eval_STSPIN_FW_encoder/motor_driver_eval_graph/Src/mc_interface.c:360:13:MCI_StartMotor	8	static
C:/Users/tarak/OneDrive/Documents/ThunderBots/eval_STSPIN_FW_encoder/motor_driver_eval_graph/Src/mc_interface.c:425:13:MCI_StartWithPolarizationMotor	8	static
C:/Users/tarak/OneDrive/Documents/ThunderBots/eval_STSPIN_FW_encoder/motor_driver_eval_graph/Src/mc_interface.c:470:13:MCI_StartOffsetMeasurments	8	static
C:/Users/tarak/OneDrive/Documents/ThunderBots/eval_STSPIN_FW_encoder/motor_driver_eval_graph/Src/mc_interface.c:559:13:MCI_SetCalibratedOffsetsMotor	16	static
C:/Users/tarak/OneDrive/Documents/ThunderBots/eval_STSPIN_FW_encoder/motor_driver_eval_graph/Src/mc_interface.c:604:13:MCI_StopMotor	16	static
C:/Users/tarak/OneDrive/Documents/ThunderBots/eval_STSPIN_FW_encoder/motor_driver_eval_graph/Src/mc_interface.c:659:13:MCI_FaultAcknowledged	8	static
C:/Users/tarak/OneDrive/Documents/ThunderBots/eval_STSPIN_FW_encoder/motor_driver_eval_graph/Src/mc_interface.c:889:17:MCI_GetFaultState	0	static
C:/Users/tarak/OneDrive/Documents/ThunderBots/eval_STSPIN_FW_encoder/motor_driver_eval_graph/Src/mc_interface.c:914:25:MCI_GetControlMode	0	static
C:/Users/tarak/OneDrive/Documents/ThunderBots/eval_STSPIN_FW_encoder/motor_driver_eval_graph/Src/mc_interface.c:930:16:MCI_GetImposedMotorDirection	0	static
C:/Users/tarak/OneDrive/Documents/ThunderBots/eval_STSPIN_FW_encoder/motor_driver_eval_graph/Src/mc_interface.c:998:16:MCI_GetLastRampFinalSpeed	0	static
C:/Users/tarak/OneDrive/Documents/ThunderBots/eval_STSPIN_FW_encoder/motor_driver_eval_graph/Src/mc_interface.c:1024:16:MCI_GetLastRampFinalTorque	0	static
C:/Users/tarak/OneDrive/Documents/ThunderBots/eval_STSPIN_FW_encoder/motor_driver_eval_graph/Src/mc_interface.c:1049:17:MCI_GetLastRampFinalDuration	0	static
C:/Users/tarak/OneDrive/Documents/ThunderBots/eval_STSPIN_FW_encoder/motor_driver_eval_graph/Src/mc_interface.c:1073:16:MCI_GetLastRampFinalSpeed_F	8	static
C:/Users/tarak/OneDrive/Documents/ThunderBots/eval_STSPIN_FW_encoder/motor_driver_eval_graph/Src/mc_interface.c:1093:13:MCI_RampCompleted	8	static
C:/Users/tarak/OneDrive/Documents/ThunderBots/eval_STSPIN_FW_encoder/motor_driver_eval_graph/Src/mc_interface.c:1126:13:MCI_StopSpeedRamp	8	static
C:/Users/tarak/OneDrive/Documents/ThunderBots/eval_STSPIN_FW_encoder/motor_driver_eval_graph/Src/mc_interface.c:1139:13:MCI_StopRamp	8	static
C:/Users/tarak/OneDrive/Documents/ThunderBots/eval_STSPIN_FW_encoder/motor_driver_eval_graph/Src/mc_interface.c:1163:13:MCI_GetSpdSensorReliability	8	static
C:/Users/tarak/OneDrive/Documents/ThunderBots/eval_STSPIN_FW_encoder/motor_driver_eval_graph/Src/mc_interface.c:1189:16:MCI_GetAvrgMecSpeedUnit	8	static
C:/Users/tarak/OneDrive/Documents/ThunderBots/eval_STSPIN_FW_encoder/motor_driver_eval_graph/Src/mc_interface.c:1213:16:MCI_GetAvrgMecSpeed_F	8	static
C:/Users/tarak/OneDrive/Documents/ThunderBots/eval_STSPIN_FW_encoder/motor_driver_eval_graph/Src/mc_interface.c:1238:16:MCI_GetMecSpeedRefUnit	8	static
C:/Users/tarak/OneDrive/Documents/ThunderBots/eval_STSPIN_FW_encoder/motor_driver_eval_graph/Src/mc_interface.c:1253:16:MCI_GetMecSpeedRef_F	8	static
C:/Users/tarak/OneDrive/Documents/ThunderBots/eval_STSPIN_FW_encoder/motor_driver_eval_graph/Src/mc_interface.c:1268:13:MCI_GetIab	16	static
C:/Users/tarak/OneDrive/Documents/ThunderBots/eval_STSPIN_FW_encoder/motor_driver_eval_graph/Src/mc_interface.c:1288:15:MCI_GetIab_F	24	static
C:/Users/tarak/OneDrive/Documents/ThunderBots/eval_STSPIN_FW_encoder/motor_driver_eval_graph/Src/mc_interface.c:1315:20:MCI_GetIalphabeta	16	static
C:/Users/tarak/OneDrive/Documents/ThunderBots/eval_STSPIN_FW_encoder/motor_driver_eval_graph/Src/mc_interface.c:1340:13:MCI_GetIqd	16	static
C:/Users/tarak/OneDrive/Documents/ThunderBots/eval_STSPIN_FW_encoder/motor_driver_eval_graph/Src/mc_interface.c:1365:15:MCI_GetIqd_F	24	static
C:/Users/tarak/OneDrive/Documents/ThunderBots/eval_STSPIN_FW_encoder/motor_driver_eval_graph/Src/mc_interface.c:1391:13:MCI_GetIqdHF	16	static
C:/Users/tarak/OneDrive/Documents/ThunderBots/eval_STSPIN_FW_encoder/motor_driver_eval_graph/Src/mc_interface.c:1416:13:MCI_GetIqdref	16	static
C:/Users/tarak/OneDrive/Documents/ThunderBots/eval_STSPIN_FW_encoder/motor_driver_eval_graph/Src/mc_interface.c:1441:15:MCI_GetIqdref_F	24	static
C:/Users/tarak/OneDrive/Documents/ThunderBots/eval_STSPIN_FW_encoder/motor_driver_eval_graph/Src/mc_interface.c:1466:13:MCI_GetVqd	16	static
C:/Users/tarak/OneDrive/Documents/ThunderBots/eval_STSPIN_FW_encoder/motor_driver_eval_graph/Src/mc_interface.c:1491:20:MCI_GetValphabeta	16	static
C:/Users/tarak/OneDrive/Documents/ThunderBots/eval_STSPIN_FW_encoder/motor_driver_eval_graph/Src/mc_interface.c:1517:16:MCI_GetElAngledpp	0	static
C:/Users/tarak/OneDrive/Documents/ThunderBots/eval_STSPIN_FW_encoder/motor_driver_eval_graph/Src/mc_interface.c:1532:16:MCI_GetTeref	0	static
C:/Users/tarak/OneDrive/Documents/ThunderBots/eval_STSPIN_FW_encoder/motor_driver_eval_graph/Src/mc_interface.c:1546:16:MCI_GetTeref_F	8	static
C:/Users/tarak/OneDrive/Documents/ThunderBots/eval_STSPIN_FW_encoder/motor_driver_eval_graph/Src/mc_interface.c:1562:16:MCI_GetPhaseCurrentAmplitude	8	static
C:/Users/tarak/OneDrive/Documents/ThunderBots/eval_STSPIN_FW_encoder/motor_driver_eval_graph/Src/mc_interface.c:1591:16:MCI_GetPhaseVoltageAmplitude	8	static
C:/Users/tarak/OneDrive/Documents/ThunderBots/eval_STSPIN_FW_encoder/motor_driver_eval_graph/Src/mc_interface.c:1628:13:MCI_Clear_Iqdref	8	static
