/Users/msvc/Documents/code/tbots/eval_STSPIN_FW_encoder/motor_driver_eval_graph/Src/mc_tasks.c:572:13:FOC_Clear	8	static
/Users/msvc/Documents/code/tbots/eval_STSPIN_FW_encoder/motor_driver_eval_graph/Src/mc_tasks.c:105:13:MCboot	48	static
/Users/msvc/Documents/code/tbots/eval_STSPIN_FW_encoder/motor_driver_eval_graph/Src/mc_tasks.c:608:13:FOC_InitAdditionalMethods	0	static
/Users/msvc/Documents/code/tbots/eval_STSPIN_FW_encoder/motor_driver_eval_graph/Src/mc_tasks.c:631:13:FOC_CalcCurrRef	8	static
/Users/msvc/Documents/code/tbots/eval_STSPIN_FW_encoder/motor_driver_eval_graph/Src/mc_tasks.c:658:13:TSK_SetChargeBootCapDelayM1	0	static
/Users/msvc/Documents/code/tbots/eval_STSPIN_FW_encoder/motor_driver_eval_graph/Src/mc_tasks.c:669:13:TSK_ChargeBootCapDelayHasElapsedM1	0	static
/Users/msvc/Documents/code/tbots/eval_STSPIN_FW_encoder/motor_driver_eval_graph/Src/mc_tasks.c:685:13:TSK_SetStopPermanencyTimeM1	0	static
/Users/msvc/Documents/code/tbots/eval_STSPIN_FW_encoder/motor_driver_eval_graph/Src/mc_tasks.c:240:6:TSK_MF_StopProcessing	16	static
/Users/msvc/Documents/code/tbots/eval_STSPIN_FW_encoder/motor_driver_eval_graph/Src/mc_tasks.c:696:13:TSK_StopPermanencyTimeHasElapsedM1	0	static
/Users/msvc/Documents/code/tbots/eval_STSPIN_FW_encoder/motor_driver_eval_graph/Src/mc_tasks.c:313:13:TSK_MediumFrequencyTaskM1	32	static
/Users/msvc/Documents/code/tbots/eval_STSPIN_FW_encoder/motor_driver_eval_graph/Src/mc_tasks.c:255:13:MC_Scheduler	8	static
/Users/msvc/Documents/code/tbots/eval_STSPIN_FW_encoder/motor_driver_eval_graph/Src/mc_tasks.c:722:16:TSK_HighFrequencyTask	56	static
/Users/msvc/Documents/code/tbots/eval_STSPIN_FW_encoder/motor_driver_eval_graph/Src/mc_tasks.c:841:13:TSK_SafetyTask_PWMOFF	24	static
/Users/msvc/Documents/code/tbots/eval_STSPIN_FW_encoder/motor_driver_eval_graph/Src/mc_tasks.c:816:13:TSK_SafetyTask	8	static
/Users/msvc/Documents/code/tbots/eval_STSPIN_FW_encoder/motor_driver_eval_graph/Src/mc_tasks.c:218:13:MC_RunMotorControlTasks	8	static
/Users/msvc/Documents/code/tbots/eval_STSPIN_FW_encoder/motor_driver_eval_graph/Src/mc_tasks.c:898:22:GetMCI	0	static
/Users/msvc/Documents/code/tbots/eval_STSPIN_FW_encoder/motor_driver_eval_graph/Src/mc_tasks.c:918:13:TSK_HardwareFaultTask	8	static
/Users/msvc/Documents/code/tbots/eval_STSPIN_FW_encoder/motor_driver_eval_graph/Src/mc_tasks.c:931:13:UI_HandleStartStopButton_cb	8	static
/Users/msvc/Documents/code/tbots/eval_STSPIN_FW_encoder/motor_driver_eval_graph/Src/mc_tasks.c:949:13:mc_lock_pins	56	static
