../../Drivers/STM32F0xx_HAL_Driver/Inc/stm32f0xx_ll_gpio.h:664:22:LL_GPIO_LockPin	8	static
C:/Users/kenny/Desktop/Thunderbots/eval_STSPIN_FW_encoder/motor_driver_eval_graph/Src/mc_tasks.c:597:13:FOC_Clear	16	static
C:/Users/kenny/Desktop/Thunderbots/eval_STSPIN_FW_encoder/motor_driver_eval_graph/Src/mc_tasks.c:106:13:MCboot	48	static
C:/Users/kenny/Desktop/Thunderbots/eval_STSPIN_FW_encoder/motor_driver_eval_graph/Src/mc_tasks.c:633:13:FOC_InitAdditionalMethods	0	static
C:/Users/kenny/Desktop/Thunderbots/eval_STSPIN_FW_encoder/motor_driver_eval_graph/Src/mc_tasks.c:656:13:FOC_CalcCurrRef	8	static
C:/Users/kenny/Desktop/Thunderbots/eval_STSPIN_FW_encoder/motor_driver_eval_graph/Src/mc_tasks.c:683:13:TSK_SetChargeBootCapDelayM1	0	static
C:/Users/kenny/Desktop/Thunderbots/eval_STSPIN_FW_encoder/motor_driver_eval_graph/Src/mc_tasks.c:694:13:TSK_ChargeBootCapDelayHasElapsedM1	0	static
C:/Users/kenny/Desktop/Thunderbots/eval_STSPIN_FW_encoder/motor_driver_eval_graph/Src/mc_tasks.c:710:13:TSK_SetStopPermanencyTimeM1	0	static
C:/Users/kenny/Desktop/Thunderbots/eval_STSPIN_FW_encoder/motor_driver_eval_graph/Src/mc_tasks.c:242:6:TSK_MF_StopProcessing	16	static
C:/Users/kenny/Desktop/Thunderbots/eval_STSPIN_FW_encoder/motor_driver_eval_graph/Src/mc_tasks.c:721:13:TSK_StopPermanencyTimeHasElapsedM1	0	static
C:/Users/kenny/Desktop/Thunderbots/eval_STSPIN_FW_encoder/motor_driver_eval_graph/Src/mc_tasks.c:338:13:TSK_MediumFrequencyTaskM1	40	static
C:/Users/kenny/Desktop/Thunderbots/eval_STSPIN_FW_encoder/motor_driver_eval_graph/Src/mc_tasks.c:257:13:MC_Scheduler	16	static
C:/Users/kenny/Desktop/Thunderbots/eval_STSPIN_FW_encoder/motor_driver_eval_graph/Src/mc_tasks.c:747:16:TSK_HighFrequencyTask	56	static
C:/Users/kenny/Desktop/Thunderbots/eval_STSPIN_FW_encoder/motor_driver_eval_graph/Src/mc_tasks.c:882:13:TSK_SafetyTask_PWMOFF	32	static
C:/Users/kenny/Desktop/Thunderbots/eval_STSPIN_FW_encoder/motor_driver_eval_graph/Src/mc_tasks.c:857:13:TSK_SafetyTask	8	static
C:/Users/kenny/Desktop/Thunderbots/eval_STSPIN_FW_encoder/motor_driver_eval_graph/Src/mc_tasks.c:220:13:MC_RunMotorControlTasks	8	static
C:/Users/kenny/Desktop/Thunderbots/eval_STSPIN_FW_encoder/motor_driver_eval_graph/Src/mc_tasks.c:947:22:GetMCI	0	static
C:/Users/kenny/Desktop/Thunderbots/eval_STSPIN_FW_encoder/motor_driver_eval_graph/Src/mc_tasks.c:967:13:TSK_HardwareFaultTask	8	static
C:/Users/kenny/Desktop/Thunderbots/eval_STSPIN_FW_encoder/motor_driver_eval_graph/Src/mc_tasks.c:980:13:UI_HandleStartStopButton_cb	8	static
C:/Users/kenny/Desktop/Thunderbots/eval_STSPIN_FW_encoder/motor_driver_eval_graph/Src/mc_tasks.c:998:13:mc_lock_pins	16	static
