../../Drivers/STM32F0xx_HAL_Driver/Inc/stm32f0xx_ll_tim.h:1936:22:LL_TIM_OC_DisablePreload	0	static
../../Drivers/STM32F0xx_HAL_Driver/Inc/stm32f0xx_ll_dma.h:582:22:LL_DMA_EnableChannel	0	static
../../Drivers/STM32F0xx_HAL_Driver/Inc/stm32f0xx_ll_dma.h:601:22:LL_DMA_DisableChannel	0	static
../../Drivers/STM32F0xx_HAL_Driver/Inc/stm32f0xx_ll_dma.h:1008:22:LL_DMA_SetDataLength	0	static
../../Drivers/STM32F0xx_HAL_Driver/Inc/stm32f0xx_ll_dma.h:2037:22:LL_DMA_EnableIT_TC	0	static
C:/Users/baolo/OneDrive - UBC/UBC 2023 - Term 1 2/UBC Thunderbots/Motor Driver-Firmware/motor_driver_eval_graph/Src/r1_ps_pwm_curr_fdbk.c:210:6:R1_1ShuntMotorVarsInit	16	static
C:/Users/baolo/OneDrive - UBC/UBC 2023 - Term 1 2/UBC Thunderbots/Motor Driver-Firmware/motor_driver_eval_graph/Src/r1_ps_pwm_curr_fdbk.c:346:13:R1_GetPhaseCurrents	16	static
C:/Users/baolo/OneDrive - UBC/UBC 2023 - Term 1 2/UBC Thunderbots/Motor Driver-Firmware/motor_driver_eval_graph/Src/r1_ps_pwm_curr_fdbk.c:739:13:R1_HFCurrentsCalibration	8	static
C:/Users/baolo/OneDrive - UBC/UBC 2023 - Term 1 2/UBC Thunderbots/Motor Driver-Firmware/motor_driver_eval_graph/Src/r1_ps_pwm_curr_fdbk.c:761:17:R1_SetADCSampPointPolarization	12	static
C:/Users/baolo/OneDrive - UBC/UBC 2023 - Term 1 2/UBC Thunderbots/Motor Driver-Firmware/motor_driver_eval_graph/Src/r1_ps_pwm_curr_fdbk.c:1092:17:R1_CalcDutyCycles	96	static
C:/Users/baolo/OneDrive - UBC/UBC 2023 - Term 1 2/UBC Thunderbots/Motor Driver-Firmware/motor_driver_eval_graph/Src/r1_ps_pwm_curr_fdbk.c:81:6:R1_Init	48	static
C:/Users/baolo/OneDrive - UBC/UBC 2023 - Term 1 2/UBC Thunderbots/Motor Driver-Firmware/motor_driver_eval_graph/Src/r1_ps_pwm_curr_fdbk.c:256:13:R1_SetOffsetCalib	0	static
C:/Users/baolo/OneDrive - UBC/UBC 2023 - Term 1 2/UBC Thunderbots/Motor Driver-Firmware/motor_driver_eval_graph/Src/r1_ps_pwm_curr_fdbk.c:270:13:R1_GetOffsetCalib	0	static
C:/Users/baolo/OneDrive - UBC/UBC 2023 - Term 1 2/UBC Thunderbots/Motor Driver-Firmware/motor_driver_eval_graph/Src/r1_ps_pwm_curr_fdbk.c:803:13:R1_TurnOnLowSides	8	static
C:/Users/baolo/OneDrive - UBC/UBC 2023 - Term 1 2/UBC Thunderbots/Motor Driver-Firmware/motor_driver_eval_graph/Src/r1_ps_pwm_curr_fdbk.c:843:13:R1_SwitchOnPWM	56	static
C:/Users/baolo/OneDrive - UBC/UBC 2023 - Term 1 2/UBC Thunderbots/Motor Driver-Firmware/motor_driver_eval_graph/Src/r1_ps_pwm_curr_fdbk.c:985:13:R1_SwitchOffPWM	40	static
C:/Users/baolo/OneDrive - UBC/UBC 2023 - Term 1 2/UBC Thunderbots/Motor Driver-Firmware/motor_driver_eval_graph/Src/r1_ps_pwm_curr_fdbk.c:282:13:R1_CurrentReadingCalibration	32	static
C:/Users/baolo/OneDrive - UBC/UBC 2023 - Term 1 2/UBC Thunderbots/Motor Driver-Firmware/motor_driver_eval_graph/Src/r1_ps_pwm_curr_fdbk.c:1288:14:R1_TIM1_UP_IRQHandler	0	static
C:/Users/baolo/OneDrive - UBC/UBC 2023 - Term 1 2/UBC Thunderbots/Motor Driver-Firmware/motor_driver_eval_graph/Src/r1_ps_pwm_curr_fdbk.c:1310:14:R1_TIM8_UP_IRQHandler	0	static
C:/Users/baolo/OneDrive - UBC/UBC 2023 - Term 1 2/UBC Thunderbots/Motor Driver-Firmware/motor_driver_eval_graph/Src/r1_ps_pwm_curr_fdbk.c:1321:14:R1_DMAx_TC_IRQHandler	8	static
C:/Users/baolo/OneDrive - UBC/UBC 2023 - Term 1 2/UBC Thunderbots/Motor Driver-Firmware/motor_driver_eval_graph/Src/r1_ps_pwm_curr_fdbk.c:1348:14:R1_DMAx_HT_IRQHandler	0	static
