/Users/msvc/Documents/code/eval_STSPIN_FW_encoder/motor_driver_eval_graph/Src/r1_ps_pwm_curr_fdbk.c:346:13:R1_GetPhaseCurrents	16	static
/Users/msvc/Documents/code/eval_STSPIN_FW_encoder/motor_driver_eval_graph/Src/r1_ps_pwm_curr_fdbk.c:739:13:R1_HFCurrentsCalibration	12	static
/Users/msvc/Documents/code/eval_STSPIN_FW_encoder/motor_driver_eval_graph/Src/r1_ps_pwm_curr_fdbk.c:761:17:R1_SetADCSampPointPolarization	12	static
/Users/msvc/Documents/code/eval_STSPIN_FW_encoder/motor_driver_eval_graph/Src/r1_ps_pwm_curr_fdbk.c:1092:17:R1_CalcDutyCycles	104	static
/Users/msvc/Documents/code/eval_STSPIN_FW_encoder/motor_driver_eval_graph/Src/r1_ps_pwm_curr_fdbk.c:81:6:R1_Init	56	static
/Users/msvc/Documents/code/eval_STSPIN_FW_encoder/motor_driver_eval_graph/Src/r1_ps_pwm_curr_fdbk.c:256:13:R1_SetOffsetCalib	0	static
/Users/msvc/Documents/code/eval_STSPIN_FW_encoder/motor_driver_eval_graph/Src/r1_ps_pwm_curr_fdbk.c:270:13:R1_GetOffsetCalib	0	static
/Users/msvc/Documents/code/eval_STSPIN_FW_encoder/motor_driver_eval_graph/Src/r1_ps_pwm_curr_fdbk.c:803:13:R1_TurnOnLowSides	8	static
/Users/msvc/Documents/code/eval_STSPIN_FW_encoder/motor_driver_eval_graph/Src/r1_ps_pwm_curr_fdbk.c:843:13:R1_SwitchOnPWM	56	static
/Users/msvc/Documents/code/eval_STSPIN_FW_encoder/motor_driver_eval_graph/Src/r1_ps_pwm_curr_fdbk.c:985:13:R1_SwitchOffPWM	48	static
/Users/msvc/Documents/code/eval_STSPIN_FW_encoder/motor_driver_eval_graph/Src/r1_ps_pwm_curr_fdbk.c:282:13:R1_CurrentReadingCalibration	24	static
/Users/msvc/Documents/code/eval_STSPIN_FW_encoder/motor_driver_eval_graph/Src/r1_ps_pwm_curr_fdbk.c:1288:14:R1_TIM1_UP_IRQHandler	0	static
/Users/msvc/Documents/code/eval_STSPIN_FW_encoder/motor_driver_eval_graph/Src/r1_ps_pwm_curr_fdbk.c:1310:14:R1_TIM8_UP_IRQHandler	0	static
/Users/msvc/Documents/code/eval_STSPIN_FW_encoder/motor_driver_eval_graph/Src/r1_ps_pwm_curr_fdbk.c:1321:14:R1_DMAx_TC_IRQHandler	12	static
/Users/msvc/Documents/code/eval_STSPIN_FW_encoder/motor_driver_eval_graph/Src/r1_ps_pwm_curr_fdbk.c:1348:14:R1_DMAx_HT_IRQHandler	0	static
