/Users/msvc/Documents/code/tbots/eval_STSPIN_FW_encoder/motor_driver_eval_graph/Src/stm32f0xx_mc_it.c:74:6:DMA1_Channel1_IRQHandler	8	static
/Users/msvc/Documents/code/tbots/eval_STSPIN_FW_encoder/motor_driver_eval_graph/Src/stm32f0xx_mc_it.c:97:6:TIM1_BRK_UP_TRG_COM_IRQHandler	8	static
/Users/msvc/Documents/code/tbots/eval_STSPIN_FW_encoder/motor_driver_eval_graph/Src/stm32f0xx_mc_it.c:133:6:DMA1_Channel4_5_IRQHandler	8	static
/Users/msvc/Documents/code/tbots/eval_STSPIN_FW_encoder/motor_driver_eval_graph/Src/stm32f0xx_mc_it.c:156:6:TIM2_IRQHandler	8	static
/Users/msvc/Documents/code/tbots/eval_STSPIN_FW_encoder/motor_driver_eval_graph/Src/stm32f0xx_mc_it.c:184:6:HardFault_Handler	8	static
/Users/msvc/Documents/code/tbots/eval_STSPIN_FW_encoder/motor_driver_eval_graph/Src/stm32f0xx_mc_it.c:202:6:SysTick_Handler	8	static
/Users/msvc/Documents/code/tbots/eval_STSPIN_FW_encoder/motor_driver_eval_graph/Src/stm32f0xx_mc_it.c:235:6:EXTI4_15_IRQHandler	8	static
