C:/Users/kenny/Desktop/Thunderbots/eval_STSPIN_FW_encoder/motor_driver_eval_graph/Src/stm32f0xx_hal_msp.c:71:6:HAL_MspInit	8	static
C:/Users/kenny/Desktop/Thunderbots/eval_STSPIN_FW_encoder/motor_driver_eval_graph/Src/stm32f0xx_hal_msp.c:93:6:HAL_ADC_MspInit	56	static
C:/Users/kenny/Desktop/Thunderbots/eval_STSPIN_FW_encoder/motor_driver_eval_graph/Src/stm32f0xx_hal_msp.c:150:6:HAL_ADC_MspDeInit	8	static
C:/Users/kenny/Desktop/Thunderbots/eval_STSPIN_FW_encoder/motor_driver_eval_graph/Src/stm32f0xx_hal_msp.c:183:6:HAL_TIM_PWM_MspInit	48	static
C:/Users/kenny/Desktop/Thunderbots/eval_STSPIN_FW_encoder/motor_driver_eval_graph/Src/stm32f0xx_hal_msp.c:258:6:HAL_TIM_Encoder_MspInit	40	static
C:/Users/kenny/Desktop/Thunderbots/eval_STSPIN_FW_encoder/motor_driver_eval_graph/Src/stm32f0xx_hal_msp.c:288:6:HAL_TIM_MspPostInit	48	static
C:/Users/kenny/Desktop/Thunderbots/eval_STSPIN_FW_encoder/motor_driver_eval_graph/Src/stm32f0xx_hal_msp.c:333:6:HAL_TIM_PWM_MspDeInit	8	static
C:/Users/kenny/Desktop/Thunderbots/eval_STSPIN_FW_encoder/motor_driver_eval_graph/Src/stm32f0xx_hal_msp.c:378:6:HAL_TIM_Encoder_MspDeInit	8	static
